2025-06-16 22:31:12,790 INFO:✅ 바이낸스 마켓 정보 로딩 성공.
2025-06-16 22:31:12,837 INFO:✅ [XRPUSDT] 레버리지 10배 설정
2025-06-16 22:31:12,889 INFO:ℹ️ [XRPUSDT] 설정 변경 필요 없음
2025-06-16 22:31:12,955 INFO:✅ [SOLUSDT] 레버리지 10배 설정
2025-06-16 22:31:13,020 INFO:ℹ️ [SOLUSDT] 설정 변경 필요 없음
2025-06-16 22:31:13,066 INFO:✅ [ETHUSDT] 레버리지 10배 설정
2025-06-16 22:31:13,136 INFO:ℹ️ [ETHUSDT] 설정 변경 필요 없음
2025-06-16 22:31:13,136 INFO:🚀 적응형 자동매매 프로그램을 시작합니다 (분산 투자 모드).
2025-06-16 22:31:13,198 INFO:📊 초기 잔고: $361.36
2025-06-16 22:37:56,017 INFO:✅ 바이낸스 마켓 정보 로딩 성공.
2025-06-16 22:37:56,062 INFO:✅ [XRPUSDT] 레버리지 10배 설정
2025-06-16 22:37:56,116 INFO:ℹ️ [XRPUSDT] 설정 변경 필요 없음
2025-06-16 22:37:56,172 INFO:✅ [SOLUSDT] 레버리지 10배 설정
2025-06-16 22:37:56,221 INFO:ℹ️ [SOLUSDT] 설정 변경 필요 없음
2025-06-16 22:37:56,277 INFO:✅ [ETHUSDT] 레버리지 10배 설정
2025-06-16 22:37:56,323 INFO:ℹ️ [ETHUSDT] 설정 변경 필요 없음
2025-06-16 22:37:56,323 INFO:🚀 적응형 자동매매 프로그램을 시작합니다 (분산 투자 모드).
2025-06-16 22:37:56,385 INFO:📊 초기 잔고: $361.36
2025-06-16 22:38:00,860 INFO:⚪ [XRP/USDT] 대기 (trending) | 롱: 5/11점, 숏: 6/11점
2025-06-16 22:38:01,208 INFO:⚪ [SOL/USDT] 대기 (trending) | 롱: 6/11점, 숏: 2/11점
2025-06-16 22:38:01,486 INFO:⚪ [ETH/USDT] 대기 (trending) | 롱: 9/11점, 숏: 1/11점
2025-06-16 22:39:00,725 INFO:⚪ [XRP/USDT] 대기 (trending) | 롱: 3/11점, 숏: 5/11점
2025-06-16 22:39:01,006 INFO:⚪ [SOL/USDT] 대기 (trending) | 롱: 3/11점, 숏: 7/11점
2025-06-16 22:39:01,280 INFO:⚪ [ETH/USDT] 대기 (trending) | 롱: 6/11점, 숏: 5/11점
2025-06-16 22:40:00,513 INFO:⚪ [XRP/USDT] 대기 (trending) | 롱: 8/11점, 숏: 3/11점
2025-06-16 22:40:00,787 INFO:⚪ [SOL/USDT] 대기 (trending) | 롱: 6/11점, 숏: 2/11점
2025-06-16 22:40:01,117 ERROR:❌ [ETH/USDT] 주문 수량 계산 오류: 'notional'
2025-06-16 22:41:00,354 INFO:⚪ [XRP/USDT] 대기 (trending) | 롱: 2/11점, 숏: 6/11점
2025-06-16 22:41:00,639 INFO:⚪ [SOL/USDT] 대기 (trending) | 롱: 3/11점, 숏: 8/11점
2025-06-16 22:41:00,918 INFO:⚪ [ETH/USDT] 대기 (trending) | 롱: 5/11점, 숏: 3/11점
2025-06-16 22:42:01,140 INFO:⚪ [XRP/USDT] 대기 (trending) | 롱: 9/11점, 숏: 4/11점
2025-06-16 22:42:01,409 INFO:⚪ [SOL/USDT] 대기 (trending) | 롱: 3/11점, 숏: 5/11점
2025-06-16 22:42:01,686 INFO:⚪ [ETH/USDT] 대기 (trending) | 롱: 5/11점, 숏: 3/11점
2025-06-16 22:43:00,925 INFO:⚪ [XRP/USDT] 대기 (trending) | 롱: 2/11점, 숏: 6/11점
2025-06-16 22:43:01,207 INFO:⚪ [SOL/USDT] 대기 (trending) | 롱: 6/11점, 숏: 2/11점
2025-06-16 22:43:01,475 INFO:⚪ [ETH/USDT] 대기 (trending) | 롱: 8/11점, 숏: 0/11점
