2025-06-10 00:42:02 INFO: [1m] RSI: 40.54, ADX: 26.32, Volatility: 0.0006, OBV: 6921968
2025-06-10 00:42:02 INFO: [15m] RSI: 51.26, ADX: 37.67, Volatility: 0.0025, OBV: 3252429
2025-06-10 00:42:02 INFO: [1h] RSI: 58.86, ADX: 17.83, Volatility: 0.0060, OBV: -48292255
2025-06-10 00:42:02 INFO: [4h] RSI: 54.31, ADX: 18.05, Volatility: 0.0052, OBV: -1159538754
2025-06-10 00:42:02 INFO: [1d] RSI: 27.32, ADX: 25.58, Volatility: 0.0353, OBV: -8128776960
2025-06-10 00:42:02 INFO: 📊 시장 상태: NEUTRAL
2025-06-10 00:42:02 INFO: ⚪ [대기] 진입 조건 없음
2025-06-10 00:42:13 INFO: [1m] RSI: 34.21, ADX: 27.62, Volatility: 0.0006, OBV: 6719256
2025-06-10 00:42:13 INFO: [15m] RSI: 50.83, ADX: 37.67, Volatility: 0.0025, OBV: 3234688
2025-06-10 00:42:13 INFO: [1h] RSI: 58.68, ADX: 17.83, Volatility: 0.0060, OBV: -48274514
2025-06-10 00:42:13 INFO: [4h] RSI: 54.11, ADX: 18.05, Volatility: 0.0052, OBV: -1159569330
2025-06-10 00:42:13 INFO: [1d] RSI: 27.24, ADX: 25.58, Volatility: 0.0354, OBV: -8128746384
2025-06-10 00:42:13 INFO: 📊 시장 상태: NEUTRAL
2025-06-10 00:42:13 INFO: ⚪ [대기] 진입 조건 없음
2025-06-10 00:44:27 INFO: [1m] RSI: 33.33, ADX: 33.51, Volatility: 0.0006, OBV: 6520477
2025-06-10 00:44:27 INFO: [15m] RSI: 51.48, ADX: 37.79, Volatility: 0.0025, OBV: 2492579
2025-06-10 00:44:27 INFO: [1h] RSI: 58.95, ADX: 17.83, Volatility: 0.0060, OBV: -47532405
2025-06-10 00:44:27 INFO: [4h] RSI: 54.31, ADX: 18.05, Volatility: 0.0052, OBV: -1160305578
2025-06-10 00:44:27 INFO: [1d] RSI: 27.32, ADX: 25.58, Volatility: 0.0353, OBV: -8128010136
2025-06-10 00:44:27 INFO: 📊 시장 상태: RANGE
2025-06-10 00:51:56 INFO: [1m] RSI: 66.00, ADX: 33.15, Volatility: 0.0007, OBV: 6331547
2025-06-10 00:51:56 INFO: [15m] RSI: 56.33, ADX: 35.82, Volatility: 0.0027, OBV: -10360921
2025-06-10 00:51:56 INFO: [1h] RSI: 60.34, ADX: 17.89, Volatility: 0.0061, OBV: -46177128
2025-06-10 00:51:56 INFO: [4h] RSI: 55.95, ADX: 18.05, Volatility: 0.0053, OBV: -1161660855
2025-06-10 00:51:56 INFO: [1d] RSI: 27.92, ADX: 25.58, Volatility: 0.0353, OBV: -8126654859
2025-06-10 00:51:56 INFO: 📊 시장 상태: RANGE
2025-06-10 00:53:53 INFO: [1m] RSI: 57.69, ADX: 29.53, Volatility: 0.0008, OBV: 6803539
2025-06-10 00:53:53 INFO: [15m] RSI: 55.79, ADX: 35.82, Volatility: 0.0027, OBV: -10029830
2025-06-10 00:53:53 INFO: [1h] RSI: 60.08, ADX: 17.89, Volatility: 0.0061, OBV: -45846045
2025-06-10 00:53:53 INFO: [4h] RSI: 55.64, ADX: 18.05, Volatility: 0.0053, OBV: -1161991938
2025-06-10 00:53:53 INFO: [1d] RSI: 27.81, ADX: 25.58, Volatility: 0.0353, OBV: -8126323776
2025-06-10 00:53:53 INFO: 📊 시장 상태: RANGE
2025-06-10 00:55:16 INFO: [1m] RSI: 65.31, ADX: 28.90, Volatility: 0.0008, OBV: 7113873
2025-06-10 00:55:16 INFO: [15m] RSI: 56.15, ADX: 35.82, Volatility: 0.0027, OBV: -9901451
2025-06-10 00:55:16 INFO: [1h] RSI: 60.25, ADX: 17.89, Volatility: 0.0061, OBV: -45717658
2025-06-10 00:55:16 INFO: [4h] RSI: 55.95, ADX: 18.05, Volatility: 0.0053, OBV: -1162142193
2025-06-10 00:55:16 INFO: [1d] RSI: 27.92, ADX: 25.58, Volatility: 0.0353, OBV: -8126173521
2025-06-10 00:55:16 INFO: 📊 시장 상태: RANGE
2025-06-10 00:55:16 INFO: ⚪ [대기] 진입 조건 없음
2025-06-10 00:55:55 INFO: [1m] RSI: 65.31, ADX: 28.90, Volatility: 0.0008, OBV: 7150991
2025-06-10 00:55:55 INFO: [15m] RSI: 56.15, ADX: 35.82, Volatility: 0.0027, OBV: -9859848
2025-06-10 00:55:55 INFO: [1h] RSI: 60.25, ADX: 17.89, Volatility: 0.0061, OBV: -45679766
2025-06-10 00:55:55 INFO: [4h] RSI: 55.85, ADX: 18.05, Volatility: 0.0053, OBV: -1162158217
2025-06-10 00:55:55 INFO: [1d] RSI: 27.88, ADX: 25.58, Volatility: 0.0353, OBV: -8126157497
2025-06-10 00:55:55 INFO: 📊 시장 상태: RANGE
2025-06-10 00:55:55 INFO: ⚪ [대기] 진입 조건 없음
2025-06-10 00:57:43 INFO: [1m] RSI: 64.58, ADX: 25.07, Volatility: 0.0007, OBV: 6828439
2025-06-10 00:57:43 INFO: [15m] RSI: 54.47, ADX: 35.82, Volatility: 0.0026, OBV: -9605985
2025-06-10 00:57:43 INFO: [1h] RSI: 59.48, ADX: 17.89, Volatility: 0.0060, OBV: -45422192
2025-06-10 00:57:43 INFO: [4h] RSI: 54.92, ADX: 18.05, Volatility: 0.0052, OBV: -1162415791
2025-06-10 00:57:43 INFO: [1d] RSI: 27.54, ADX: 25.58, Volatility: 0.0353, OBV: -8125895106
2025-06-10 00:57:43 INFO: 📊 시장 상태: RANGE
2025-06-10 00:57:43 INFO: ⚪ [대기] 진입 조건 없음
2025-06-10 00:58:48 INFO: [1m] RSI: 60.53, ADX: 22.29, Volatility: 0.0006, OBV: 6761185
2025-06-10 00:58:48 INFO: [15m] RSI: 54.85, ADX: 35.82, Volatility: 0.0026, OBV: -9517627
2025-06-10 00:58:48 INFO: [1h] RSI: 59.66, ADX: 17.89, Volatility: 0.0061, OBV: -45333834
2025-06-10 00:58:48 INFO: [4h] RSI: 55.02, ADX: 18.05, Volatility: 0.0053, OBV: -1162505060
2025-06-10 00:58:48 INFO: [1d] RSI: 27.58, ADX: 25.58, Volatility: 0.0353, OBV: -8125810412
2025-06-10 00:58:48 INFO: 📊 시장 상태: RANGE
2025-06-10 00:58:48 INFO: ⚪ [대기] 진입 조건 없음
2025-06-10 00:58:58 INFO: [1m] RSI: 58.97, ADX: 22.29, Volatility: 0.0006, OBV: 6751147
2025-06-10 00:58:59 INFO: [15m] RSI: 54.66, ADX: 35.82, Volatility: 0.0026, OBV: -9507589
2025-06-10 00:58:59 INFO: [1h] RSI: 59.57, ADX: 17.89, Volatility: 0.0060, OBV: -45323796
2025-06-10 00:58:59 INFO: [4h] RSI: 55.02, ADX: 18.05, Volatility: 0.0053, OBV: -1162514187
2025-06-10 00:58:59 INFO: [1d] RSI: 27.58, ADX: 25.58, Volatility: 0.0353, OBV: -8125801527
2025-06-10 00:58:59 INFO: 📊 시장 상태: RANGE
2025-06-10 00:58:59 INFO: ⚪ [대기] 진입 조건 없음
