2025-06-22 23:11:21,564 INFO:✅ 바이낸스 마켓 정보 로딩 성공.
2025-06-22 23:11:21,758 INFO:🚀 적응형 자동매매 프로그램을 시작합니다 (분산 투자 모드).
2025-06-22 23:11:21,785 INFO:💾 state.json 파일에서 상태 정보를 불러옵니다.
2025-06-22 23:11:21,785 INFO:✅ 이전 상태 정보를 성공적으로 복원했습니다.
2025-06-22 23:11:21,835 INFO:📊 초기 잔고: $0.00
2025-06-22 23:12:58,805 INFO:✅ 바이낸스 마켓 정보 로딩 성공.
2025-06-22 23:12:59,042 INFO:🚀 적응형 자동매매 프로그램을 시작합니다 (분산 투자 모드).
2025-06-22 23:12:59,055 INFO:💾 state.json 파일에서 상태 정보를 불러옵니다.
2025-06-22 23:12:59,055 INFO:✅ 이전 상태 정보를 성공적으로 복원했습니다.
2025-06-22 23:12:59,099 INFO:📊 초기 잔고: $300.00
2025-06-22 23:13:00,413 INFO:📊 [SOL/USDT] 시장 상태 변경: unknown -> range_bound (T:1,R:4)
2025-06-22 23:13:00,755 INFO:📊 [ETH/USDT] 시장 상태 변경: unknown -> range_bound (T:1,R:4)
2025-06-22 23:15:00,707 INFO:📊 [ETH/USDT] 시장 상태 변경: range_bound -> trending (T:3,R:2)
2025-06-22 23:19:00,703 INFO:惜 [ETH/USDT] 진입 근접! (시장: trending, T:4,R:2) | 롱: 1/11점, 숏: 9/11점
2025-06-22 23:20:00,682 INFO:惜 [ETH/USDT] 진입 근접! (시장: trending, T:4,R:2) | 롱: 1/11점, 숏: 9/11점
2025-06-22 23:21:00,664 INFO:惜 [ETH/USDT] 진입 근접! (시장: trending, T:4,R:2) | 롱: 1/11점, 숏: 9/11점
2025-06-22 23:22:00,708 INFO:惜 [ETH/USDT] 진입 근접! (시장: trending, T:5,R:0) | 롱: 0/11점, 숏: 10/11점
2025-06-22 23:23:00,700 INFO:🚫 [ETH/USDT] 숏 신호(11점) 발생했으나, 확정 캔들이 양봉이라 진입 취소.
2025-06-22 23:24:00,349 INFO:📊 [SOL/USDT] 시장 상태 변경: range_bound -> trending (T:3,R:2)
2025-06-22 23:24:00,351 INFO:惜 [SOL/USDT] 진입 근접! (시장: trending, T:3,R:2) | 롱: 1/11점, 숏: 9/11점
2025-06-22 23:24:00,697 INFO:惜 [ETH/USDT] 진입 근접! (시장: trending, T:5,R:0) | 롱: 0/11점, 숏: 10/11점
2025-06-22 23:25:00,717 INFO:惜 [ETH/USDT] 진입 근접! (시장: trending, T:5,R:0) | 롱: 0/11점, 숏: 10/11점
2025-06-22 23:28:00,705 INFO:惜 [ETH/USDT] 진입 근접! (시장: trending, T:5,R:0) | 롱: 0/11점, 숏: 10/11점
2025-06-22 23:29:00,356 INFO:惜 [SOL/USDT] 진입 근접! (시장: trending, T:5,R:0) | 롱: 0/11점, 숏: 10/11점
2025-06-22 23:29:00,699 INFO:惜 [ETH/USDT] 진입 근접! (시장: trending, T:5,R:0) | 롱: 0/11점, 숏: 10/11점
2025-06-22 23:31:00,365 INFO:惜 [SOL/USDT] 진입 근접! (시장: trending, T:4,R:0) | 롱: 0/11점, 숏: 10/11점
2025-06-22 23:36:00,339 INFO:📊 [SOL/USDT] 시장 상태 변경: trending -> choppy (T:1,R:0)
2025-06-22 23:36:00,683 INFO:📊 [ETH/USDT] 시장 상태 변경: trending -> choppy (T:2,R:0)
2025-06-22 23:38:00,368 INFO:📊 [SOL/USDT] 시장 상태 변경: choppy -> trending (T:3,R:0)
2025-06-22 23:40:00,681 INFO:📊 [ETH/USDT] 시장 상태 변경: choppy -> trending (T:4,R:2)
2025-06-22 23:43:00,342 INFO:📊 [SOL/USDT] 시장 상태 변경: trending -> range_bound (T:2,R:3)
2025-06-22 23:43:00,342 INFO:惜 [SOL/USDT] 진입 근접! (시장: range_bound, T:2,R:3) | 롱: 0/7점, 숏: 6/7점
2025-06-22 23:43:00,682 INFO:📊 [ETH/USDT] 시장 상태 변경: trending -> range_bound (T:2,R:3)
2025-06-22 23:43:00,682 INFO:惜 [ETH/USDT] 진입 근접! (시장: range_bound, T:2,R:3) | 롱: 0/7점, 숏: 6/7점
2025-06-22 23:44:00,322 INFO:📊 [SOL/USDT] 시장 상태 변경: range_bound -> choppy (T:2,R:2)
2025-06-22 23:44:00,674 INFO:📊 [ETH/USDT] 시장 상태 변경: range_bound -> choppy (T:0,R:2)
2025-06-22 23:45:00,341 INFO:📊 [SOL/USDT] 시장 상태 변경: choppy -> range_bound (T:2,R:5)
2025-06-22 23:45:00,895 INFO:📊 [ETH/USDT] 시장 상태 변경: choppy -> range_bound (T:1,R:4)
2025-06-22 23:48:00,705 INFO:📊 [ETH/USDT] 시장 상태 변경: range_bound -> trending (T:3,R:2)
2025-06-22 23:51:00,353 INFO:📊 [SOL/USDT] 시장 상태 변경: range_bound -> trending (T:3,R:0)
2025-06-22 23:53:00,335 INFO:惜 [SOL/USDT] 진입 근접! (시장: trending, T:4,R:0) | 롱: 9/11점, 숏: 2/11점
2025-06-22 23:53:00,705 INFO:惜 [ETH/USDT] 진입 근접! (시장: trending, T:4,R:2) | 롱: 9/11점, 숏: 3/11점
2025-06-22 23:55:00,453 INFO:✅ [SOL/USDT] 진입 전, 기존 조건부 주문 취소 완료.
2025-06-22 23:55:00,696 INFO:🚀 [SOL/USDT] 진입 성공! LONG | 수량: 9.09 | 진입가: 129.97
2025-06-22 23:55:00,884 INFO:✅ [SOL/USDT] TP 주문 설정 완료. 발동가: 131.898941763984
2025-06-22 23:55:01,086 INFO:✅ [SOL/USDT] SL 주문 설정 완료. 발동가: 129.050529118008
2025-06-22 23:55:02,019 INFO:✍️  [진입 기록] SOL/USDT | LONG | 진입: 130.0
2025-06-22 23:55:02,021 INFO:💾 상태 정보가 state.json 파일에 저장되었습니다.
2025-06-23 00:14:00,719 INFO:📊 [ETH/USDT] 시장 상태 변경: trending -> choppy (T:2,R:2)
2025-06-23 00:17:00,699 INFO:📊 [ETH/USDT] 시장 상태 변경: choppy -> range_bound (T:0,R:4)
2025-06-23 00:27:00,347 INFO:🔓 [SOL/USDT] 포지션 종료 확인. 결과 분석 및 알림 시작...
2025-06-23 00:27:00,927 INFO:✍️  [청산 기록] SOL/USDT | 사유: Stop Loss | PnL: -8.4537
2025-06-23 00:27:00,927 INFO:💾 상태 정보가 state.json 파일에 저장되었습니다.
2025-06-23 00:27:01,292 INFO:🚫 [ETH/USDT] 롱 신호(8점) 발생했으나, 확정 캔들이 음봉이라 진입 취소.
2025-06-23 00:28:00,339 INFO:惜 [SOL/USDT] 진입 근접! (시장: trending, T:3,R:2) | 롱: 1/11점, 숏: 9/11점
2025-06-23 00:28:00,693 INFO:🚫 [ETH/USDT] 롱 신호(8점) 발생했으나, 확정 캔들이 음봉이라 진입 취소.
2025-06-23 00:29:00,694 INFO:📊 [ETH/USDT] 시장 상태 변경: range_bound -> trending (T:3,R:2)
2025-06-23 00:30:00,682 INFO:惜 [ETH/USDT] 진입 근접! (시장: trending, T:4,R:2) | 롱: 1/11점, 숏: 9/11점
2025-06-23 00:33:00,344 INFO:📊 [SOL/USDT] 시장 상태 변경: trending -> range_bound (T:2,R:3)
2025-06-23 00:34:00,351 INFO:📊 [SOL/USDT] 시장 상태 변경: range_bound -> choppy (T:2,R:2)
2025-06-23 00:34:00,692 INFO:📊 [ETH/USDT] 시장 상태 변경: trending -> choppy (T:3,R:3)
2025-06-23 00:35:00,350 INFO:📊 [SOL/USDT] 시장 상태 변경: choppy -> range_bound (T:2,R:4)
2025-06-23 00:36:00,696 INFO:📊 [ETH/USDT] 시장 상태 변경: choppy -> trending (T:3,R:2)
2025-06-23 00:37:00,711 INFO:📊 [ETH/USDT] 시장 상태 변경: trending -> choppy (T:2,R:2)
2025-06-23 00:38:00,708 INFO:📊 [ETH/USDT] 시장 상태 변경: choppy -> trending (T:3,R:2)
2025-06-23 00:40:00,681 INFO:📊 [ETH/USDT] 시장 상태 변경: trending -> range_bound (T:3,R:4)
2025-06-23 00:41:00,677 INFO:📊 [ETH/USDT] 시장 상태 변경: range_bound -> choppy (T:1,R:2)
2025-06-23 00:42:00,354 INFO:📊 [SOL/USDT] 시장 상태 변경: range_bound -> choppy (T:1,R:2)
2025-06-23 00:42:00,687 INFO:📊 [ETH/USDT] 시장 상태 변경: choppy -> trending (T:4,R:2)
2025-06-23 00:42:00,687 INFO:🚫 [ETH/USDT] 숏 신호(12점) 발생했으나, 확정 캔들이 양봉이라 진입 취소.
2025-06-23 00:43:00,693 INFO:惜 [ETH/USDT] 진입 근접! (시장: trending, T:4,R:2) | 롱: 1/11점, 숏: 9/11점
2025-06-23 00:44:00,722 INFO:惜 [ETH/USDT] 진입 근접! (시장: trending, T:4,R:2) | 롱: 1/11점, 숏: 9/11점
2025-06-23 00:45:00,358 INFO:📊 [SOL/USDT] 시장 상태 변경: choppy -> trending (T:4,R:2)
2025-06-23 00:47:00,338 INFO:惜 [SOL/USDT] 진입 근접! (시장: trending, T:4,R:2) | 롱: 1/11점, 숏: 9/11점
2025-06-23 00:47:00,705 INFO:惜 [ETH/USDT] 진입 근접! (시장: trending, T:5,R:2) | 롱: 0/11점, 숏: 10/11점
2025-06-23 00:48:00,334 INFO:惜 [SOL/USDT] 진입 근접! (시장: trending, T:4,R:2) | 롱: 0/11점, 숏: 10/11점
2025-06-23 00:48:00,691 INFO:惜 [ETH/USDT] 진입 근접! (시장: trending, T:4,R:2) | 롱: 0/11점, 숏: 10/11점
2025-06-23 00:51:00,355 INFO:惜 [SOL/USDT] 진입 근접! (시장: trending, T:4,R:2) | 롱: 0/11점, 숏: 10/11점
2025-06-23 00:51:00,705 INFO:惜 [ETH/USDT] 진입 근접! (시장: trending, T:4,R:2) | 롱: 3/11점, 숏: 10/11점
2025-06-23 00:53:00,353 INFO:惜 [SOL/USDT] 진입 근접! (시장: trending, T:4,R:2) | 롱: 0/11점, 숏: 10/11점
2025-06-23 00:54:00,469 INFO:✅ [SOL/USDT] 진입 전, 기존 조건부 주문 취소 완료.
2025-06-23 00:54:00,694 INFO:🚀 [SOL/USDT] 진입 성공! SHORT | 수량: 17.13 | 진입가: 128.44
2025-06-23 00:54:00,868 INFO:✅ [SOL/USDT] TP 주문 설정 완료. 발동가: 127.47618676546679
2025-06-23 00:54:01,089 INFO:✅ [SOL/USDT] SL 주문 설정 완료. 발동가: 128.9669066172666
2025-06-23 00:54:01,575 INFO:✍️  [진입 기록] SOL/USDT | SHORT | 진입: 128.47
2025-06-23 00:54:01,575 INFO:💾 상태 정보가 state.json 파일에 저장되었습니다.
2025-06-23 00:55:00,696 INFO:🚫 [ETH/USDT] 숏 신호(14점) 발생했으나, 확정 캔들이 양봉이라 진입 취소.
2025-06-23 00:58:00,684 INFO:惜 [ETH/USDT] 진입 근접! (시장: trending, T:5,R:2) | 롱: 0/11점, 숏: 10/11점
2025-06-23 00:59:00,813 INFO:✅ [ETH/USDT] 진입 전, 기존 조건부 주문 취소 완료.
2025-06-23 00:59:01,033 INFO:🚀 [ETH/USDT] 진입 성공! SHORT | 수량: 1.051 | 진입가: 2172.08
2025-06-23 00:59:01,234 INFO:✅ [ETH/USDT] TP 주문 설정 완료. 발동가: 2154.5044116023537
2025-06-23 00:59:01,451 INFO:✅ [ETH/USDT] SL 주문 설정 완료. 발동가: 2178.7827941988235
2025-06-23 00:59:02,007 INFO:✍️  [진입 기록] ETH/USDT | SHORT | 진입: 2170.69
2025-06-23 00:59:02,007 INFO:💾 상태 정보가 state.json 파일에 저장되었습니다.
2025-06-23 01:01:00,700 INFO:🔓 [ETH/USDT] 포지션 종료 확인. 결과 분석 및 알림 시작...
2025-06-23 01:01:01,841 INFO:✍️  [청산 기록] ETH/USDT | 사유: Stop Loss | PnL: -7.0417
2025-06-23 01:01:01,841 INFO:💾 상태 정보가 state.json 파일에 저장되었습니다.
2025-06-23 01:03:00,691 INFO:惜 [ETH/USDT] 진입 근접! (시장: trending, T:5,R:2) | 롱: 3/11점, 숏: 10/11점
2025-06-23 01:04:00,696 INFO:📊 [ETH/USDT] 시장 상태 변경: trending -> choppy (T:3,R:3)
2025-06-23 01:05:00,677 INFO:📊 [ETH/USDT] 시장 상태 변경: choppy -> trending (T:3,R:2)
2025-06-23 01:06:00,357 INFO:🔓 [SOL/USDT] 포지션 종료 확인. 결과 분석 및 알림 시작...
2025-06-23 01:06:01,515 INFO:✍️  [청산 기록] SOL/USDT | 사유: Stop Loss | PnL: -9.2502
2025-06-23 01:06:01,517 INFO:💾 상태 정보가 state.json 파일에 저장되었습니다.
2025-06-23 01:06:01,854 INFO:📊 [ETH/USDT] 시장 상태 변경: trending -> choppy (T:3,R:3)
2025-06-23 01:07:00,352 INFO:📊 [SOL/USDT] 시장 상태 변경: trending -> choppy (T:1,R:2)
2025-06-23 01:07:00,713 INFO:📊 [ETH/USDT] 시장 상태 변경: choppy -> trending (T:3,R:2)
2025-06-23 01:08:00,713 INFO:📊 [ETH/USDT] 시장 상태 변경: trending -> choppy (T:0,R:2)
2025-06-23 01:09:00,692 INFO:📊 [ETH/USDT] 시장 상태 변경: choppy -> range_bound (T:0,R:4)
2025-06-23 01:11:00,678 INFO:📊 [ETH/USDT] 시장 상태 변경: range_bound -> choppy (T:1,R:2)
2025-06-23 01:12:00,328 INFO:📊 [SOL/USDT] 시장 상태 변경: choppy -> range_bound (T:0,R:3)
2025-06-23 01:12:00,684 INFO:📊 [ETH/USDT] 시장 상태 변경: choppy -> range_bound (T:0,R:4)
2025-06-23 01:38:00,802 INFO:✅ [ETH/USDT] 진입 전, 기존 조건부 주문 취소 완료.
2025-06-23 01:38:01,002 INFO:🚀 [ETH/USDT] 진입 성공! LONG | 수량: 0.626 | 진입가: 2192.63
2025-06-23 01:38:01,227 INFO:✅ [ETH/USDT] TP 주문 설정 완료. 발동가: 2208.778377531183
2025-06-23 01:38:01,420 INFO:✅ [ETH/USDT] SL 주문 설정 완료. 발동가: 2184.2108112344085
2025-06-23 01:38:01,910 INFO:✍️  [진입 기록] ETH/USDT | LONG | 진입: 2192.4
2025-06-23 01:38:01,910 INFO:💾 상태 정보가 state.json 파일에 저장되었습니다.
2025-06-23 01:42:00,450 INFO:✅ [SOL/USDT] 진입 전, 기존 조건부 주문 취소 완료.
2025-06-23 01:42:00,656 INFO:🚀 [SOL/USDT] 진입 성공! SHORT | 수량: 9.21 | 진입가: 129.26
2025-06-23 01:42:00,850 INFO:✅ [SOL/USDT] TP 주문 설정 완료. 발동가: 128.1807652502354
2025-06-23 01:42:01,064 INFO:✅ [SOL/USDT] SL 주문 설정 완료. 발동가: 129.8446173748823
2025-06-23 01:42:01,402 INFO:✍️  [진입 기록] SOL/USDT | SHORT | 진입: 129.29
2025-06-23 01:42:01,402 INFO:💾 상태 정보가 state.json 파일에 저장되었습니다.
2025-06-23 01:45:00,691 INFO:🔓 [ETH/USDT] 포지션 종료 확인. 결과 분석 및 알림 시작...
2025-06-23 01:45:01,825 INFO:✍️  [청산 기록] ETH/USDT | 사유: Stop Loss | PnL: -5.3273
2025-06-23 01:45:01,825 INFO:💾 상태 정보가 state.json 파일에 저장되었습니다.
2025-06-23 01:48:00,693 INFO:惜 [ETH/USDT] 진입 근접! (시장: range_bound, T:2,R:5) | 롱: 6/7점, 숏: 0/7점
2025-06-23 01:52:00,705 INFO:惜 [ETH/USDT] 진입 근접! (시장: range_bound, T:1,R:4) | 롱: 6/7점, 숏: 0/7점
2025-06-23 01:56:00,686 INFO:惜 [ETH/USDT] 진입 근접! (시장: range_bound, T:3,R:4) | 롱: 6/7점, 숏: 0/7점
2025-06-23 01:57:00,703 INFO:惜 [ETH/USDT] 진입 근접! (시장: range_bound, T:3,R:4) | 롱: 6/7점, 숏: 0/7점
2025-06-23 02:00:00,377 INFO:🔓 [SOL/USDT] 포지션 종료 확인. 결과 분석 및 알림 시작...
2025-06-23 02:00:01,171 INFO:✍️  [청산 기록] SOL/USDT | 사유: Stop Loss | PnL: -3.6192
2025-06-23 02:00:01,172 INFO:💾 상태 정보가 state.json 파일에 저장되었습니다.
2025-06-23 02:01:00,350 INFO:📊 [SOL/USDT] 시장 상태 변경: range_bound -> trending (T:4,R:2)
2025-06-23 02:01:00,350 INFO:惜 [SOL/USDT] 진입 근접! (시장: trending, T:4,R:2) | 롱: 9/11점, 숏: 2/11점
2025-06-23 02:03:00,716 INFO:惜 [ETH/USDT] 진입 근접! (시장: range_bound, T:3,R:4) | 롱: 0/7점, 숏: 6/7점
2025-06-23 02:04:00,697 INFO:惜 [ETH/USDT] 진입 근접! (시장: range_bound, T:2,R:5) | 롱: 0/7점, 숏: 6/7점
2025-06-23 02:05:00,338 INFO:📊 [SOL/USDT] 시장 상태 변경: trending -> range_bound (T:2,R:3)
2025-06-23 02:06:00,344 INFO:📊 [SOL/USDT] 시장 상태 변경: range_bound -> trending (T:3,R:2)
2025-06-23 02:06:00,688 INFO:惜 [ETH/USDT] 진입 근접! (시장: range_bound, T:3,R:4) | 롱: 6/7점, 숏: 0/7점
2025-06-23 02:07:00,694 INFO:惜 [ETH/USDT] 진입 근접! (시장: range_bound, T:3,R:4) | 롱: 6/7점, 숏: 0/7점
2025-06-23 02:08:00,342 INFO:惜 [SOL/USDT] 진입 근접! (시장: trending, T:4,R:2) | 롱: 10/11점, 숏: 3/11점
2025-06-23 02:09:00,345 INFO:惜 [SOL/USDT] 진입 근접! (시장: trending, T:4,R:2) | 롱: 10/11점, 숏: 3/11점
2025-06-23 02:11:00,698 INFO:📊 [ETH/USDT] 시장 상태 변경: range_bound -> trending (T:4,R:2)
2025-06-23 02:12:00,347 INFO:🚫 [SOL/USDT] 롱 신호(12점) 발생했으나, 확정 캔들이 음봉이라 진입 취소.
2025-06-23 02:19:00,772 INFO:📊 [ETH/USDT] 시장 상태 변경: trending -> choppy (T:3,R:3)
2025-06-23 02:20:00,694 INFO:📊 [ETH/USDT] 시장 상태 변경: choppy -> trending (T:3,R:2)
2025-06-23 02:22:00,826 INFO:📊 [ETH/USDT] 시장 상태 변경: trending -> choppy (T:2,R:2)
2025-06-23 02:24:00,358 INFO:📊 [SOL/USDT] 시장 상태 변경: trending -> choppy (T:1,R:2)
2025-06-23 02:24:00,765 INFO:📊 [ETH/USDT] 시장 상태 변경: choppy -> range_bound (T:1,R:4)
2025-06-23 02:26:00,356 INFO:📊 [SOL/USDT] 시장 상태 변경: choppy -> trending (T:4,R:2)
2025-06-23 02:26:00,356 INFO:惜 [SOL/USDT] 진입 근접! (시장: trending, T:4,R:2) | 롱: 1/11점, 숏: 9/11점
2025-06-23 02:27:00,350 INFO:惜 [SOL/USDT] 진입 근접! (시장: trending, T:4,R:2) | 롱: 1/11점, 숏: 9/11점
2025-06-23 02:27:00,705 INFO:📊 [ETH/USDT] 시장 상태 변경: range_bound -> trending (T:3,R:2)
2025-06-23 02:31:00,341 INFO:📊 [SOL/USDT] 시장 상태 변경: trending -> choppy (T:2,R:0)
2025-06-23 02:31:00,685 INFO:📊 [ETH/USDT] 시장 상태 변경: trending -> choppy (T:2,R:2)
2025-06-23 02:32:00,356 INFO:📊 [SOL/USDT] 시장 상태 변경: choppy -> range_bound (T:2,R:4)
2025-06-23 02:32:00,356 INFO:惜 [SOL/USDT] 진입 근접! (시장: range_bound, T:2,R:4) | 롱: 6/7점, 숏: 0/7점
2025-06-23 02:32:00,701 INFO:📊 [ETH/USDT] 시장 상태 변경: choppy -> range_bound (T:2,R:4)
2025-06-23 02:33:00,340 INFO:惜 [SOL/USDT] 진입 근접! (시장: range_bound, T:2,R:4) | 롱: 6/7점, 숏: 0/7점
2025-06-23 02:34:00,450 INFO:✅ [SOL/USDT] 진입 전, 기존 조건부 주문 취소 완료.
2025-06-23 02:34:00,681 INFO:🚀 [SOL/USDT] 진입 성공! LONG | 수량: 10.33 | 진입가: 129.82
2025-06-23 02:34:00,874 INFO:✅ [SOL/USDT] TP 주문 설정 완료. 발동가: 130.76060199621332
2025-06-23 02:34:01,084 INFO:✅ [SOL/USDT] SL 주문 설정 완료. 발동가: 129.31969900189335
2025-06-23 02:34:01,567 INFO:✍️  [진입 기록] SOL/USDT | LONG | 진입: 129.8
2025-06-23 02:34:01,567 INFO:💾 상태 정보가 state.json 파일에 저장되었습니다.
2025-06-23 02:43:00,681 INFO:惜 [ETH/USDT] 진입 근접! (시장: range_bound, T:0,R:5) | 롱: 0/7점, 숏: 6/7점
2025-06-23 03:02:00,325 INFO:🔓 [SOL/USDT] 포지션 종료 확인. 결과 분석 및 알림 시작...
2025-06-23 03:02:01,095 INFO:✍️  [청산 기록] SOL/USDT | 사유: Take Profit | PnL: 9.7102
2025-06-23 03:02:01,097 INFO:💾 상태 정보가 state.json 파일에 저장되었습니다.
2025-06-23 03:03:00,365 INFO:📊 [SOL/USDT] 시장 상태 변경: range_bound -> trending (T:3,R:2)
2025-06-23 03:08:00,338 INFO:惜 [SOL/USDT] 진입 근접! (시장: trending, T:3,R:2) | 롱: 4/11점, 숏: 9/11점
2025-06-23 03:10:00,666 INFO:🚫 [ETH/USDT] 롱 신호(8점) 발생했으나, 확정 캔들이 음봉이라 진입 취소.
2025-06-23 03:13:00,328 INFO:📊 [SOL/USDT] 시장 상태 변경: trending -> choppy (T:2,R:2)
2025-06-23 03:15:00,341 INFO:📊 [SOL/USDT] 시장 상태 변경: choppy -> range_bound (T:1,R:3)
2025-06-23 03:17:00,362 INFO:📊 [SOL/USDT] 시장 상태 변경: range_bound -> choppy (T:2,R:2)
2025-06-23 03:18:00,339 INFO:📊 [SOL/USDT] 시장 상태 변경: choppy -> trending (T:4,R:2)
2025-06-23 03:18:00,723 INFO:📊 [ETH/USDT] 시장 상태 변경: range_bound -> trending (T:4,R:2)
2025-06-23 03:20:00,688 INFO:📊 [ETH/USDT] 시장 상태 변경: trending -> range_bound (T:2,R:4)
2025-06-23 03:22:10,026 ERROR:❌ [SOL/USDT] 일봉 데이터 조회 실패: binance GET https://fapi.binance.com/fapi/v1/klines?interval=1d&limit=2&symbol=SOLUSDT
2025-06-23 03:22:10,254 INFO:惜 [SOL/USDT] 진입 근접! (시장: trending, T:4,R:2) | 롱: 1/11점, 숏: 9/11점
2025-06-23 03:22:10,606 INFO:惜 [ETH/USDT] 진입 근접! (시장: range_bound, T:3,R:4) | 롱: 6/7점, 숏: 0/7점
2025-06-23 03:23:00,349 INFO:惜 [SOL/USDT] 진입 근접! (시장: trending, T:4,R:2) | 롱: 1/11점, 숏: 9/11점
2025-06-23 03:23:00,665 INFO:📊 [ETH/USDT] 시장 상태 변경: range_bound -> trending (T:3,R:2)
2025-06-23 03:24:00,686 INFO:📊 [ETH/USDT] 시장 상태 변경: trending -> choppy (T:2,R:2)
2025-06-23 03:25:00,339 INFO:📊 [SOL/USDT] 시장 상태 변경: trending -> range_bound (T:2,R:3)
2025-06-23 03:25:00,339 INFO:惜 [SOL/USDT] 진입 근접! (시장: range_bound, T:2,R:3) | 롱: 6/7점, 숏: 0/7점
2025-06-23 03:25:00,691 INFO:📊 [ETH/USDT] 시장 상태 변경: choppy -> range_bound (T:2,R:4)
2025-06-23 03:31:00,321 INFO:🚫 [SOL/USDT] 롱 신호(7점) 발생했으나, 확정 캔들이 음봉이라 진입 취소.
2025-06-23 03:35:00,716 INFO:📊 [ETH/USDT] 시장 상태 변경: range_bound -> choppy (T:1,R:2)
2025-06-23 03:37:00,340 INFO:📊 [SOL/USDT] 시장 상태 변경: range_bound -> choppy (T:1,R:2)
2025-06-23 03:38:00,335 INFO:📊 [SOL/USDT] 시장 상태 변경: choppy -> trending (T:3,R:2)
2025-06-23 03:38:00,661 INFO:📊 [ETH/USDT] 시장 상태 변경: choppy -> trending (T:4,R:2)
2025-06-23 03:40:00,338 INFO:📊 [SOL/USDT] 시장 상태 변경: trending -> range_bound (T:2,R:5)
2025-06-23 03:40:00,703 INFO:📊 [ETH/USDT] 시장 상태 변경: trending -> range_bound (T:2,R:3)
2025-06-23 03:41:00,696 INFO:📊 [ETH/USDT] 시장 상태 변경: range_bound -> choppy (T:1,R:2)
2025-06-23 03:43:00,693 INFO:📊 [ETH/USDT] 시장 상태 변경: choppy -> range_bound (T:2,R:3)
2025-06-23 03:44:00,676 INFO:📊 [ETH/USDT] 시장 상태 변경: range_bound -> choppy (T:2,R:2)
2025-06-23 03:45:00,704 INFO:📊 [ETH/USDT] 시장 상태 변경: choppy -> trending (T:4,R:2)
2025-06-23 03:47:00,696 INFO:📊 [ETH/USDT] 시장 상태 변경: trending -> range_bound (T:2,R:4)
2025-06-23 03:50:00,679 INFO:🚫 [ETH/USDT] 롱 신호(7점) 발생했으나, 확정 캔들이 음봉이라 진입 취소.
2025-06-23 03:54:00,815 INFO:✅ [ETH/USDT] 진입 전, 기존 조건부 주문 취소 완료.
2025-06-23 03:54:01,036 INFO:🚀 [ETH/USDT] 진입 성공! LONG | 수량: 0.901 | 진입가: 2190.87
2025-06-23 03:54:01,249 INFO:✅ [ETH/USDT] TP 주문 설정 완료. 발동가: 2203.1439847226525
2025-06-23 03:54:01,433 INFO:✅ [ETH/USDT] SL 주문 설정 완료. 발동가: 2186.278007638674
2025-06-23 03:54:01,763 INFO:✍️  [진입 기록] ETH/USDT | LONG | 진입: 2191.9
2025-06-23 03:54:01,763 INFO:💾 상태 정보가 state.json 파일에 저장되었습니다.
2025-06-23 03:55:00,680 INFO:🔓 [ETH/USDT] 포지션 종료 확인. 결과 분석 및 알림 시작...
2025-06-23 03:55:01,453 INFO:✍️  [청산 기록] ETH/USDT | 사유: Stop Loss | PnL: -1.7220
2025-06-23 03:55:01,453 INFO:💾 상태 정보가 state.json 파일에 저장되었습니다.
2025-06-23 03:59:04,194 INFO:惜 [ETH/USDT] 진입 근접! (시장: range_bound, T:1,R:4) | 롱: 6/7점, 숏: 1/7점
2025-06-23 04:00:00,331 INFO:📊 [SOL/USDT] 시장 상태 변경: range_bound -> trending (T:3,R:2)
2025-06-23 04:04:00,343 INFO:惜 [SOL/USDT] 진입 근접! (시장: trending, T:4,R:2) | 롱: 1/11점, 숏: 9/11점
2025-06-23 04:05:00,331 INFO:🚫 [SOL/USDT] 숏 신호(11점) 발생했으나, 확정 캔들이 양봉이라 진입 취소.
2025-06-23 04:05:00,684 INFO:📊 [ETH/USDT] 시장 상태 변경: range_bound -> trending (T:3,R:2)
2025-06-23 04:05:00,684 INFO:惜 [ETH/USDT] 진입 근접! (시장: trending, T:3,R:2) | 롱: 1/11점, 숏: 9/11점
2025-06-23 04:06:00,447 INFO:✅ [SOL/USDT] 진입 전, 기존 조건부 주문 취소 완료.
2025-06-23 04:06:00,649 INFO:🚀 [SOL/USDT] 진입 성공! SHORT | 수량: 12.17 | 진입가: 128.93
2025-06-23 04:06:00,859 INFO:✅ [SOL/USDT] TP 주문 설정 완료. 발동가: 128.12007177761072
2025-06-23 04:06:01,081 INFO:✅ [SOL/USDT] SL 주문 설정 완료. 발동가: 129.34996411119462
2025-06-23 04:06:01,551 INFO:✍️  [진입 기록] SOL/USDT | SHORT | 진입: 128.94
2025-06-23 04:06:01,551 INFO:💾 상태 정보가 state.json 파일에 저장되었습니다.
2025-06-23 04:07:00,694 INFO:惜 [ETH/USDT] 진입 근접! (시장: trending, T:4,R:2) | 롱: 1/11점, 숏: 9/11점
2025-06-23 04:09:00,334 INFO:🔓 [SOL/USDT] 포지션 종료 확인. 결과 분석 및 알림 시작...
2025-06-23 04:09:01,084 INFO:✍️  [청산 기록] SOL/USDT | 사유: Stop Loss | PnL: -0.5148
2025-06-23 04:09:01,086 INFO:💾 상태 정보가 state.json 파일에 저장되었습니다.
2025-06-23 04:09:01,420 INFO:📊 [ETH/USDT] 시장 상태 변경: trending -> choppy (T:2,R:2)
2025-06-23 04:11:00,344 INFO:惜 [SOL/USDT] 진입 근접! (시장: trending, T:3,R:2) | 롱: 3/11점, 숏: 10/11점
2025-06-23 04:11:00,688 INFO:📊 [ETH/USDT] 시장 상태 변경: choppy -> range_bound (T:2,R:4)
2025-06-23 04:12:00,333 INFO:惜 [SOL/USDT] 진입 근접! (시장: trending, T:4,R:2) | 롱: 0/11점, 숏: 10/11점
2025-06-23 04:13:00,358 INFO:惜 [SOL/USDT] 진입 근접! (시장: trending, T:4,R:2) | 롱: 0/11점, 숏: 10/11점
2025-06-23 04:14:10,013 ERROR:❌ [SOL/USDT] 일봉 데이터 조회 실패: binance GET https://fapi.binance.com/fapi/v1/klines?interval=1d&limit=2&symbol=SOLUSDT
2025-06-23 04:14:10,236 INFO:🚫 [SOL/USDT] 숏 신호(14점) 발생했으나, 확정 캔들이 양봉이라 진입 취소.
2025-06-23 04:15:00,342 INFO:🚫 [SOL/USDT] 숏 신호(14점) 발생했으나, 확정 캔들이 양봉이라 진입 취소.
2025-06-23 04:16:00,343 INFO:🚫 [SOL/USDT] 숏 신호(11점) 발생했으나, 확정 캔들이 양봉이라 진입 취소.
2025-06-23 04:17:00,346 INFO:惜 [SOL/USDT] 진입 근접! (시장: trending, T:5,R:2) | 롱: 0/11점, 숏: 10/11점
2025-06-23 04:18:00,332 INFO:惜 [SOL/USDT] 진입 근접! (시장: trending, T:5,R:2) | 롱: 0/11점, 숏: 10/11점
2025-06-23 04:23:00,335 INFO:惜 [SOL/USDT] 진입 근접! (시장: trending, T:4,R:2) | 롱: 0/11점, 숏: 10/11점
2025-06-23 04:24:00,339 INFO:惜 [SOL/USDT] 진입 근접! (시장: trending, T:4,R:2) | 롱: 0/11점, 숏: 9/11점
2025-06-23 04:25:00,452 INFO:✅ [SOL/USDT] 진입 전, 기존 조건부 주문 취소 완료.
2025-06-23 04:25:00,675 INFO:🚀 [SOL/USDT] 진입 성공! SHORT | 수량: 13.63 | 진입가: 128.7
2025-06-23 04:25:00,869 INFO:✅ [SOL/USDT] TP 주문 설정 완료. 발동가: 128.01063589988328
2025-06-23 04:25:01,140 INFO:✅ [SOL/USDT] SL 주문 설정 완료. 발동가: 129.08968205005834
2025-06-23 04:25:01,642 INFO:✍️  [진입 기록] SOL/USDT | SHORT | 진입: 128.73
2025-06-23 04:25:01,644 INFO:💾 상태 정보가 state.json 파일에 저장되었습니다.
2025-06-23 04:32:00,351 INFO:🔓 [SOL/USDT] 포지션 종료 확인. 결과 분석 및 알림 시작...
2025-06-23 04:32:01,085 INFO:✍️  [청산 기록] SOL/USDT | 사유: Stop Loss | PnL: -5.3157
2025-06-23 04:32:01,085 INFO:💾 상태 정보가 state.json 파일에 저장되었습니다.
2025-06-23 04:32:01,405 INFO:惜 [ETH/USDT] 진입 근접! (시장: range_bound, T:1,R:4) | 롱: 4/7점, 숏: 6/7점
2025-06-23 04:33:00,334 INFO:📊 [SOL/USDT] 시장 상태 변경: trending -> choppy (T:1,R:2)
2025-06-23 04:33:00,688 INFO:惜 [ETH/USDT] 진입 근접! (시장: range_bound, T:1,R:4) | 롱: 4/7점, 숏: 6/7점
2025-06-23 04:34:00,326 INFO:📊 [SOL/USDT] 시장 상태 변경: choppy -> range_bound (T:1,R:3)
2025-06-23 04:34:00,471 INFO:✅ [SOL/USDT] 진입 전, 기존 조건부 주문 취소 완료.
2025-06-23 04:34:00,703 INFO:🚀 [SOL/USDT] 진입 성공! SHORT | 수량: 11.82 | 진입가: 129.03
2025-06-23 04:34:00,880 INFO:✅ [SOL/USDT] TP 주문 설정 완료. 발동가: 128.27569615429968
2025-06-23 04:34:01,105 INFO:✅ [SOL/USDT] SL 주문 설정 완료. 발동가: 129.49715192285018
2025-06-23 04:34:01,579 INFO:✍️  [진입 기록] SOL/USDT | SHORT | 진입: 129.09
2025-06-23 04:34:01,579 INFO:💾 상태 정보가 state.json 파일에 저장되었습니다.
2025-06-23 05:09:00,367 INFO:🔓 [SOL/USDT] 포지션 종료 확인. 결과 분석 및 알림 시작...
2025-06-23 05:09:01,123 INFO:✍️  [청산 기록] SOL/USDT | 사유: Take Profit | PnL: 8.9832
2025-06-23 05:09:01,125 INFO:💾 상태 정보가 state.json 파일에 저장되었습니다.
2025-06-23 05:10:00,351 INFO:📊 [SOL/USDT] 시장 상태 변경: range_bound -> trending (T:5,R:0)
2025-06-23 05:10:00,483 INFO:✅ [SOL/USDT] 진입 전, 기존 조건부 주문 취소 완료.
2025-06-23 05:10:00,911 INFO:🚀 [SOL/USDT] 진입 성공! SHORT | 수량: 8.35 | 진입가: 127.51
2025-06-23 05:10:01,143 INFO:✅ [SOL/USDT] TP 주문 설정 완료. 발동가: 126.28446759491072
2025-06-23 05:10:01,394 INFO:✅ [SOL/USDT] SL 주문 설정 완료. 발동가: 128.04776620254464
2025-06-23 05:10:01,892 INFO:✍️  [진입 기록] SOL/USDT | SHORT | 진입: 127.46
2025-06-23 05:10:01,900 INFO:💾 상태 정보가 state.json 파일에 저장되었습니다.
2025-06-23 05:10:02,232 INFO:📊 [ETH/USDT] 시장 상태 변경: range_bound -> trending (T:4,R:0)
2025-06-23 05:10:02,232 INFO:惜 [ETH/USDT] 진입 근접! (시장: trending, T:4,R:0) | 롱: 1/11점, 숏: 9/11점
2025-06-23 05:11:00,699 INFO:惜 [ETH/USDT] 진입 근접! (시장: trending, T:4,R:0) | 롱: 1/11점, 숏: 9/11점
2025-06-23 05:12:00,680 INFO:惜 [ETH/USDT] 진입 근접! (시장: trending, T:5,R:0) | 롱: 0/11점, 숏: 10/11점
2025-06-23 05:13:00,677 INFO:惜 [ETH/USDT] 진입 근접! (시장: trending, T:5,R:0) | 롱: 0/11점, 숏: 10/11점
2025-06-23 05:14:00,342 INFO:🔓 [SOL/USDT] 포지션 종료 확인. 결과 분석 및 알림 시작...
2025-06-23 05:14:01,086 INFO:✍️  [청산 기록] SOL/USDT | 사유: Take Profit | PnL: 8.1316
2025-06-23 05:14:01,086 INFO:💾 상태 정보가 state.json 파일에 저장되었습니다.
2025-06-23 05:15:00,441 INFO:✅ [SOL/USDT] 진입 전, 기존 조건부 주문 취소 완료.
2025-06-23 05:15:00,822 INFO:🚀 [SOL/USDT] 진입 성공! SHORT | 수량: 6.76 | 진입가: 126.58
2025-06-23 05:15:00,966 INFO:✅ [SOL/USDT] TP 주문 설정 완료. 발동가: 125.22593274622263
2025-06-23 05:15:01,116 INFO:✅ [SOL/USDT] SL 주문 설정 완료. 발동가: 127.45203362688868
2025-06-23 05:15:01,594 INFO:✍️  [진입 기록] SOL/USDT | SHORT | 진입: 126.71
2025-06-23 05:15:01,596 INFO:💾 상태 정보가 state.json 파일에 저장되었습니다.
2025-06-23 05:18:00,689 INFO:惜 [ETH/USDT] 진입 근접! (시장: trending, T:5,R:0) | 롱: 0/11점, 숏: 10/11점
2025-06-23 05:19:00,672 INFO:惜 [ETH/USDT] 진입 근접! (시장: trending, T:5,R:0) | 롱: 0/11점, 숏: 10/11점
2025-06-23 05:20:00,709 INFO:🚫 [ETH/USDT] 숏 신호(11점) 발생했으나, 확정 캔들이 양봉이라 진입 취소.
2025-06-23 05:22:00,691 INFO:惜 [ETH/USDT] 진입 근접! (시장: trending, T:5,R:0) | 롱: 0/11점, 숏: 10/11점
2025-06-23 05:23:00,696 INFO:惜 [ETH/USDT] 진입 근접! (시장: trending, T:5,R:0) | 롱: 0/11점, 숏: 10/11점
2025-06-23 05:25:00,721 INFO:惜 [ETH/USDT] 진입 근접! (시장: trending, T:5,R:0) | 롱: 3/11점, 숏: 10/11점
2025-06-23 05:26:00,715 INFO:惜 [ETH/USDT] 진입 근접! (시장: trending, T:5,R:0) | 롱: 3/11점, 숏: 10/11점
2025-06-23 05:28:00,684 INFO:惜 [ETH/USDT] 진입 근접! (시장: trending, T:5,R:2) | 롱: 0/11점, 숏: 10/11점
2025-06-23 05:30:00,681 INFO:惜 [ETH/USDT] 진입 근접! (시장: trending, T:5,R:2) | 롱: 0/11점, 숏: 10/11점
2025-06-23 05:31:00,710 INFO:惜 [ETH/USDT] 진입 근접! (시장: trending, T:5,R:2) | 롱: 0/11점, 숏: 10/11점
2025-06-23 05:32:00,326 INFO:🔓 [SOL/USDT] 포지션 종료 확인. 결과 분석 및 알림 시작...
2025-06-23 05:32:01,048 INFO:✍️  [청산 기록] SOL/USDT | 사유: Stop Loss | PnL: -6.1516
2025-06-23 05:32:01,062 INFO:💾 상태 정보가 state.json 파일에 저장되었습니다.
2025-06-23 05:34:00,346 INFO:惜 [SOL/USDT] 진입 근접! (시장: trending, T:4,R:2) | 롱: 0/11점, 숏: 10/11점
2025-06-23 05:36:00,341 INFO:📊 [SOL/USDT] 시장 상태 변경: trending -> choppy (T:2,R:2)
2025-06-23 05:37:00,326 INFO:📊 [SOL/USDT] 시장 상태 변경: choppy -> trending (T:3,R:2)
2025-06-23 05:37:00,667 INFO:📊 [ETH/USDT] 시장 상태 변경: trending -> choppy (T:2,R:2)
2025-06-23 05:38:00,662 INFO:📊 [ETH/USDT] 시장 상태 변경: choppy -> trending (T:5,R:0)
2025-06-23 05:45:00,709 INFO:惜 [ETH/USDT] 진입 근접! (시장: trending, T:5,R:0) | 롱: 9/11점, 숏: 3/11점
2025-06-23 05:50:00,683 INFO:惜 [ETH/USDT] 진입 근접! (시장: trending, T:5,R:0) | 롱: 9/11점, 숏: 3/11점
2025-06-23 05:52:00,698 INFO:惜 [ETH/USDT] 진입 근접! (시장: trending, T:5,R:0) | 롱: 9/11점, 숏: 3/11점
2025-06-23 05:53:10,022 ERROR:❌ [SOL/USDT] 일봉 데이터 조회 실패: binance GET https://fapi.binance.com/fapi/v1/klines?interval=1d&limit=2&symbol=SOLUSDT
2025-06-23 05:55:00,705 INFO:🚫 [ETH/USDT] 롱 신호(12점) 발생했으나, 확정 캔들이 음봉이라 진입 취소.
2025-06-23 05:56:00,378 INFO:🚫 [SOL/USDT] 롱 신호(12점) 발생했으나, 확정 캔들이 음봉이라 진입 취소.
2025-06-23 05:56:00,699 INFO:🚫 [ETH/USDT] 롱 신호(12점) 발생했으나, 확정 캔들이 음봉이라 진입 취소.
2025-06-23 05:57:00,824 INFO:✅ [ETH/USDT] 진입 전, 기존 조건부 주문 취소 완료.
2025-06-23 05:57:01,058 INFO:🚀 [ETH/USDT] 진입 성공! LONG | 수량: 0.365 | 진입가: 2188.92
2025-06-23 05:57:01,233 INFO:✅ [ETH/USDT] TP 주문 설정 완료. 발동가: 2216.548903732446
2025-06-23 05:57:01,458 INFO:✅ [ETH/USDT] SL 주문 설정 완료. 발동가: 2176.0655481337767
2025-06-23 05:57:01,962 INFO:✍️  [진입 기록] ETH/USDT | LONG | 진입: 2189.56
2025-06-23 05:57:01,962 INFO:💾 상태 정보가 state.json 파일에 저장되었습니다.
2025-06-23 05:58:00,343 INFO:🚫 [SOL/USDT] 롱 신호(11점) 발생했으나, 확정 캔들이 음봉이라 진입 취소.
2025-06-23 06:03:00,443 INFO:✅ [SOL/USDT] 진입 전, 기존 조건부 주문 취소 완료.
2025-06-23 06:03:00,652 INFO:🚀 [SOL/USDT] 진입 성공! LONG | 수량: 7.15 | 진입가: 129.88
2025-06-23 06:03:00,894 INFO:✅ [SOL/USDT] TP 주문 설정 완료. 발동가: 131.34261694890895
2025-06-23 06:03:01,063 INFO:✅ [SOL/USDT] SL 주문 설정 완료. 발동가: 129.26869152554553
2025-06-23 06:03:01,538 INFO:✍️  [진입 기록] SOL/USDT | LONG | 진입: 129.96
2025-06-23 06:03:01,538 INFO:💾 상태 정보가 state.json 파일에 저장되었습니다.
2025-06-23 06:11:00,338 INFO:🔓 [SOL/USDT] 포지션 종료 확인. 결과 분석 및 알림 시작...
2025-06-23 06:11:01,087 INFO:✍️  [청산 기록] SOL/USDT | 사유: Stop Loss | PnL: -2.3851
2025-06-23 06:11:01,087 INFO:💾 상태 정보가 state.json 파일에 저장되었습니다.
2025-06-23 06:13:00,337 INFO:📊 [SOL/USDT] 시장 상태 변경: trending -> choppy (T:3,R:3)
2025-06-23 06:14:00,331 INFO:📊 [SOL/USDT] 시장 상태 변경: choppy -> trending (T:4,R:2)
2025-06-23 06:19:00,348 INFO:🚫 [SOL/USDT] 롱 신호(12점) 발생했으나, 확정 캔들이 음봉이라 진입 취소.
2025-06-23 06:23:00,340 INFO:📊 [SOL/USDT] 시장 상태 변경: trending -> choppy (T:3,R:3)
2025-06-23 06:26:00,359 INFO:📊 [SOL/USDT] 시장 상태 변경: choppy -> range_bound (T:0,R:3)
2025-06-23 06:27:00,348 INFO:📊 [SOL/USDT] 시장 상태 변경: range_bound -> choppy (T:1,R:2)
2025-06-23 06:28:00,333 INFO:📊 [SOL/USDT] 시장 상태 변경: choppy -> trending (T:4,R:2)
2025-06-23 06:32:00,345 INFO:惜 [SOL/USDT] 진입 근접! (시장: trending, T:5,R:2) | 롱: 0/11점, 숏: 10/11점
2025-06-23 06:33:00,353 INFO:惜 [SOL/USDT] 진입 근접! (시장: trending, T:5,R:2) | 롱: 0/11점, 숏: 10/11점
2025-06-23 06:34:00,323 INFO:惜 [SOL/USDT] 진입 근접! (시장: trending, T:5,R:2) | 롱: 0/11점, 숏: 10/11점
2025-06-23 06:35:00,353 INFO:惜 [SOL/USDT] 진입 근접! (시장: trending, T:5,R:2) | 롱: 0/11점, 숏: 10/11점
2025-06-23 06:36:00,350 INFO:惜 [SOL/USDT] 진입 근접! (시장: trending, T:5,R:2) | 롱: 0/11점, 숏: 10/11점
2025-06-23 06:37:00,349 INFO:惜 [SOL/USDT] 진입 근접! (시장: trending, T:5,R:2) | 롱: 0/11점, 숏: 10/11점
2025-06-23 06:38:00,330 INFO:惜 [SOL/USDT] 진입 근접! (시장: trending, T:5,R:2) | 롱: 0/11점, 숏: 10/11점
2025-06-23 06:39:00,347 INFO:惜 [SOL/USDT] 진입 근접! (시장: trending, T:5,R:2) | 롱: 0/11점, 숏: 10/11점
2025-06-23 06:39:00,680 INFO:🔓 [ETH/USDT] 포지션 종료 확인. 결과 분석 및 알림 시작...
2025-06-23 06:39:01,261 INFO:✍️  [청산 기록] ETH/USDT | 사유: Stop Loss | PnL: -4.6902
2025-06-23 06:39:01,261 INFO:💾 상태 정보가 state.json 파일에 저장되었습니다.
2025-06-23 06:40:00,347 INFO:🚫 [SOL/USDT] 숏 신호(11점) 발생했으나, 확정 캔들이 양봉이라 진입 취소.
2025-06-23 06:40:00,670 INFO:惜 [ETH/USDT] 진입 근접! (시장: trending, T:5,R:2) | 롱: 0/11점, 숏: 10/11점
2025-06-23 06:43:00,357 INFO:惜 [SOL/USDT] 진입 근접! (시장: trending, T:4,R:3) | 롱: 0/11점, 숏: 10/11점
2025-06-23 06:43:00,716 INFO:惜 [ETH/USDT] 진입 근접! (시장: trending, T:4,R:3) | 롱: 0/11점, 숏: 10/11점
2025-06-23 06:44:00,674 INFO:📊 [ETH/USDT] 시장 상태 변경: trending -> choppy (T:2,R:2)
2025-06-23 06:46:01,944 INFO:📊 [SOL/USDT] 시장 상태 변경: trending -> choppy (T:2,R:2)
2025-06-23 06:46:02,275 INFO:📊 [ETH/USDT] 시장 상태 변경: choppy -> range_bound (T:2,R:3)
2025-06-23 06:46:02,275 INFO:惜 [ETH/USDT] 진입 근접! (시장: range_bound, T:2,R:3) | 롱: 1/7점, 숏: 6/7점
2025-06-23 06:47:00,695 INFO:📊 [ETH/USDT] 시장 상태 변경: range_bound -> choppy (T:2,R:2)
2025-06-23 06:50:00,692 INFO:📊 [ETH/USDT] 시장 상태 변경: choppy -> range_bound (T:0,R:3)
2025-06-23 06:51:00,683 INFO:📊 [ETH/USDT] 시장 상태 변경: range_bound -> choppy (T:1,R:2)
2025-06-23 06:52:00,353 INFO:📊 [SOL/USDT] 시장 상태 변경: choppy -> trending (T:4,R:2)
2025-06-23 06:53:00,695 INFO:📊 [ETH/USDT] 시장 상태 변경: choppy -> range_bound (T:1,R:3)
2025-06-23 06:55:00,336 INFO:📊 [SOL/USDT] 시장 상태 변경: trending -> choppy (T:0,R:2)
2025-06-23 06:55:00,675 INFO:📊 [ETH/USDT] 시장 상태 변경: range_bound -> choppy (T:1,R:2)
2025-06-23 06:56:00,340 INFO:📊 [SOL/USDT] 시장 상태 변경: choppy -> range_bound (T:0,R:5)
2025-06-23 06:58:00,694 INFO:📊 [ETH/USDT] 시장 상태 변경: choppy -> trending (T:4,R:2)
2025-06-23 07:01:00,680 INFO:📊 [ETH/USDT] 시장 상태 변경: trending -> choppy (T:2,R:2)
2025-06-23 07:02:00,701 INFO:📊 [ETH/USDT] 시장 상태 변경: choppy -> range_bound (T:2,R:3)
2025-06-23 07:02:00,707 INFO:惜 [ETH/USDT] 진입 근접! (시장: range_bound, T:2,R:3) | 롱: 6/7점, 숏: 2/7점
2025-06-23 07:03:00,756 INFO:惜 [ETH/USDT] 진입 근접! (시장: range_bound, T:2,R:3) | 롱: 6/7점, 숏: 2/7점
2025-06-23 07:04:00,338 INFO:惜 [SOL/USDT] 진입 근접! (시장: range_bound, T:3,R:4) | 롱: 1/7점, 숏: 6/7점
2025-06-23 07:04:00,693 INFO:📊 [ETH/USDT] 시장 상태 변경: range_bound -> choppy (T:2,R:2)
2025-06-23 07:05:00,341 INFO:惜 [SOL/USDT] 진입 근접! (시장: range_bound, T:3,R:4) | 롱: 6/7점, 숏: 2/7점
2025-06-23 07:05:00,715 INFO:📊 [ETH/USDT] 시장 상태 변경: choppy -> trending (T:4,R:2)
2025-06-23 07:05:00,715 INFO:惜 [ETH/USDT] 진입 근접! (시장: trending, T:4,R:2) | 롱: 9/11점, 숏: 2/11점
2025-06-23 07:06:00,336 INFO:📊 [SOL/USDT] 시장 상태 변경: range_bound -> trending (T:3,R:2)
2025-06-23 07:06:00,342 INFO:惜 [SOL/USDT] 진입 근접! (시장: trending, T:3,R:2) | 롱: 10/11점, 숏: 3/11점
2025-06-23 07:06:00,800 INFO:✅ [ETH/USDT] 진입 전, 기존 조건부 주문 취소 완료.
2025-06-23 07:06:01,002 INFO:🚀 [ETH/USDT] 진입 성공! LONG | 수량: 0.452 | 진입가: 2210.38
2025-06-23 07:06:01,210 INFO:✅ [ETH/USDT] TP 주문 설정 완료. 발동가: 2231.650235163862
2025-06-23 07:06:01,427 INFO:✅ [ETH/USDT] SL 주문 설정 완료. 발동가: 2199.8948824180693
2025-06-23 07:06:01,807 INFO:✍️  [진입 기록] ETH/USDT | LONG | 진입: 2210.48
2025-06-23 07:06:01,807 INFO:💾 상태 정보가 state.json 파일에 저장되었습니다.
2025-06-23 07:07:00,332 INFO:惜 [SOL/USDT] 진입 근접! (시장: trending, T:3,R:2) | 롱: 10/11점, 숏: 3/11점
2025-06-23 07:08:00,634 INFO:✅ [SOL/USDT] 진입 전, 기존 조건부 주문 취소 완료.
2025-06-23 07:08:01,443 INFO:🚀 [SOL/USDT] 진입 성공! LONG | 수량: 6.57 | 진입가: 131.38
2025-06-23 07:08:02,133 INFO:✅ [SOL/USDT] TP 주문 설정 완료. 발동가: 132.550764080997
2025-06-23 07:08:02,697 INFO:✅ [SOL/USDT] SL 주문 설정 완료. 발동가: 130.3446179595015
2025-06-23 07:08:03,022 INFO:✍️  [진입 기록] SOL/USDT | LONG | 진입: 131.08
2025-06-23 07:08:03,022 INFO:💾 상태 정보가 state.json 파일에 저장되었습니다.
2025-06-23 07:17:00,341 INFO:🔓 [SOL/USDT] 포지션 종료 확인. 결과 분석 및 알림 시작...
2025-06-23 07:17:00,952 INFO:✍️  [청산 기록] SOL/USDT | 사유: Stop Loss | PnL: -6.8328
2025-06-23 07:17:00,952 INFO:💾 상태 정보가 state.json 파일에 저장되었습니다.
2025-06-23 07:18:00,348 INFO:惜 [SOL/USDT] 진입 근접! (시장: trending, T:5,R:0) | 롱: 10/11점, 숏: 0/11점
2025-06-23 07:19:00,354 INFO:惜 [SOL/USDT] 진입 근접! (시장: trending, T:4,R:0) | 롱: 10/11점, 숏: 0/11점
2025-06-23 07:22:00,339 INFO:📊 [SOL/USDT] 시장 상태 변경: trending -> choppy (T:3,R:3)
2025-06-23 07:23:00,339 INFO:📊 [SOL/USDT] 시장 상태 변경: choppy -> trending (T:3,R:2)
2025-06-23 07:23:00,339 INFO:惜 [SOL/USDT] 진입 근접! (시장: trending, T:3,R:2) | 롱: 9/11점, 숏: 0/11점
2025-06-23 07:25:00,693 INFO:🔓 [ETH/USDT] 포지션 종료 확인. 결과 분석 및 알림 시작...
2025-06-23 07:25:01,449 INFO:✍️  [청산 기록] ETH/USDT | 사유: Stop Loss | PnL: -1.5189
2025-06-23 07:25:01,450 INFO:💾 상태 정보가 state.json 파일에 저장되었습니다.
2025-06-23 07:26:00,356 INFO:惜 [SOL/USDT] 진입 근접! (시장: trending, T:4,R:2) | 롱: 9/11점, 숏: 0/11점
2025-06-23 07:26:00,856 INFO:📊 [ETH/USDT] 시장 상태 변경: trending -> choppy (T:2,R:2)
2025-06-23 07:27:00,329 INFO:惜 [SOL/USDT] 진입 근접! (시장: trending, T:4,R:2) | 롱: 9/11점, 숏: 0/11점
2025-06-23 07:28:00,340 INFO:📊 [SOL/USDT] 시장 상태 변경: trending -> choppy (T:2,R:2)
2025-06-23 07:28:00,665 INFO:📊 [ETH/USDT] 시장 상태 변경: choppy -> range_bound (T:2,R:3)
2025-06-23 07:29:00,813 INFO:📊 [ETH/USDT] 시장 상태 변경: range_bound -> trending (T:3,R:2)
2025-06-23 07:29:00,815 INFO:🚫 [ETH/USDT] 롱 신호(11점) 발생했으나, 확정 캔들이 음봉이라 진입 취소.
2025-06-23 07:30:00,682 INFO:🚫 [ETH/USDT] 롱 신호(11점) 발생했으나, 확정 캔들이 음봉이라 진입 취소.
2025-06-23 07:31:00,766 INFO:惜 [ETH/USDT] 진입 근접! (시장: trending, T:3,R:2) | 롱: 10/11점, 숏: 0/11점
2025-06-23 07:32:00,329 INFO:📊 [SOL/USDT] 시장 상태 변경: choppy -> trending (T:4,R:2)
2025-06-23 07:32:00,684 INFO:惜 [ETH/USDT] 진입 근접! (시장: trending, T:3,R:2) | 롱: 10/11점, 숏: 0/11점
2025-06-23 07:33:00,676 INFO:惜 [ETH/USDT] 진입 근접! (시장: trending, T:3,R:2) | 롱: 10/11점, 숏: 0/11점
2025-06-23 07:34:00,721 INFO:🚫 [ETH/USDT] 롱 신호(14점) 발생했으나, 확정 캔들이 음봉이라 진입 취소.
2025-06-23 07:35:00,352 INFO:惜 [SOL/USDT] 진입 근접! (시장: trending, T:5,R:2) | 롱: 10/11점, 숏: 3/11점
2025-06-23 07:35:00,684 INFO:🚫 [ETH/USDT] 롱 신호(14점) 발생했으나, 확정 캔들이 음봉이라 진입 취소.
2025-06-23 07:36:00,347 INFO:🚫 [SOL/USDT] 롱 신호(11점) 발생했으나, 확정 캔들이 음봉이라 진입 취소.
2025-06-23 07:36:00,696 INFO:惜 [ETH/USDT] 진입 근접! (시장: trending, T:5,R:2) | 롱: 10/11점, 숏: 0/11점
2025-06-23 07:37:00,331 INFO:🚫 [SOL/USDT] 롱 신호(11점) 발생했으나, 확정 캔들이 음봉이라 진입 취소.
2025-06-23 07:38:00,354 INFO:🚫 [SOL/USDT] 롱 신호(11점) 발생했으나, 확정 캔들이 음봉이라 진입 취소.
2025-06-23 07:40:00,349 INFO:惜 [SOL/USDT] 진입 근접! (시장: trending, T:5,R:2) | 롱: 10/11점, 숏: 0/11점
2025-06-23 07:41:00,356 INFO:惜 [SOL/USDT] 진입 근접! (시장: trending, T:5,R:2) | 롱: 10/11점, 숏: 0/11점
2025-06-23 07:41:00,710 INFO:惜 [ETH/USDT] 진입 근접! (시장: trending, T:5,R:2) | 롱: 10/11점, 숏: 0/11점
2025-06-23 07:42:00,342 INFO:🚫 [SOL/USDT] 롱 신호(11점) 발생했으나, 확정 캔들이 음봉이라 진입 취소.
2025-06-23 07:42:00,695 INFO:惜 [ETH/USDT] 진입 근접! (시장: trending, T:5,R:2) | 롱: 10/11점, 숏: 0/11점
2025-06-23 07:43:00,671 INFO:惜 [ETH/USDT] 진입 근접! (시장: trending, T:5,R:2) | 롱: 10/11점, 숏: 0/11점
2025-06-23 07:44:00,342 INFO:🚫 [SOL/USDT] 롱 신호(11점) 발생했으나, 확정 캔들이 음봉이라 진입 취소.
2025-06-23 07:44:00,683 INFO:惜 [ETH/USDT] 진입 근접! (시장: trending, T:5,R:2) | 롱: 10/11점, 숏: 0/11점
2025-06-23 07:45:00,445 INFO:✅ [SOL/USDT] 진입 전, 기존 조건부 주문 취소 완료.
2025-06-23 07:45:00,666 INFO:🚀 [SOL/USDT] 진입 성공! LONG | 수량: 6.71 | 진입가: 132.25
2025-06-23 07:45:00,865 INFO:✅ [SOL/USDT] TP 주문 설정 완료. 발동가: 133.5855649860392
2025-06-23 07:45:01,074 INFO:✅ [SOL/USDT] SL 주문 설정 완료. 발동가: 131.5222175069804
2025-06-23 07:45:01,414 INFO:✍️  [진입 기록] SOL/USDT | LONG | 진입: 132.21
2025-06-23 07:45:01,414 INFO:💾 상태 정보가 state.json 파일에 저장되었습니다.
2025-06-23 07:45:01,863 INFO:✅ [ETH/USDT] 진입 전, 기존 조건부 주문 취소 완료.
2025-06-23 07:45:02,071 INFO:🚀 [ETH/USDT] 진입 성공! LONG | 수량: 0.472 | 진입가: 2233.65
2025-06-23 07:45:02,312 INFO:✅ [ETH/USDT] TP 주문 설정 완료. 발동가: 2251.634133364638
2025-06-23 07:45:02,507 INFO:✅ [ETH/USDT] SL 주문 설정 완료. 발동가: 2222.347933317681
2025-06-23 07:45:02,831 INFO:✍️  [진입 기록] ETH/USDT | LONG | 진입: 2232.11
2025-06-23 07:45:02,833 INFO:💾 상태 정보가 state.json 파일에 저장되었습니다.
2025-06-23 07:49:04,003 INFO:🔓 [ETH/USDT] 포지션 종료 확인. 결과 분석 및 알림 시작...
2025-06-23 07:49:04,619 INFO:✍️  [청산 기록] ETH/USDT | 사유: Stop Loss | PnL: -0.4199
2025-06-23 07:49:04,622 INFO:💾 상태 정보가 state.json 파일에 저장되었습니다.
2025-06-23 07:50:00,696 INFO:惜 [ETH/USDT] 진입 근접! (시장: trending, T:5,R:2) | 롱: 10/11점, 숏: 3/11점
2025-06-23 07:51:00,704 INFO:🚫 [ETH/USDT] 롱 신호(11점) 발생했으나, 확정 캔들이 음봉이라 진입 취소.
2025-06-23 07:52:00,681 INFO:惜 [ETH/USDT] 진입 근접! (시장: trending, T:5,R:2) | 롱: 10/11점, 숏: 0/11점
2025-06-23 07:53:00,685 INFO:🚫 [ETH/USDT] 롱 신호(14점) 발생했으나, 확정 캔들이 음봉이라 진입 취소.
2025-06-23 07:57:00,684 INFO:惜 [ETH/USDT] 진입 근접! (시장: trending, T:5,R:2) | 롱: 10/11점, 숏: 0/11점
2025-06-23 07:58:00,708 INFO:惜 [ETH/USDT] 진입 근접! (시장: trending, T:5,R:2) | 롱: 10/11점, 숏: 0/11점
2025-06-23 07:59:00,684 INFO:惜 [ETH/USDT] 진입 근접! (시장: trending, T:5,R:2) | 롱: 10/11점, 숏: 0/11점
2025-06-23 08:00:00,714 INFO:惜 [ETH/USDT] 진입 근접! (시장: trending, T:5,R:2) | 롱: 10/11점, 숏: 0/11점
2025-06-23 08:02:00,693 INFO:惜 [ETH/USDT] 진입 근접! (시장: trending, T:5,R:2) | 롱: 10/11점, 숏: 0/11점
2025-06-23 08:04:00,817 INFO:✅ [ETH/USDT] 진입 전, 기존 조건부 주문 취소 완료.
2025-06-23 08:04:01,017 INFO:🚀 [ETH/USDT] 진입 성공! LONG | 수량: 0.57 | 진입가: 2229.83
2025-06-23 08:04:01,227 INFO:✅ [ETH/USDT] TP 주문 설정 완료. 발동가: 2247.3771991746667
2025-06-23 08:04:01,435 INFO:✅ [ETH/USDT] SL 주문 설정 완료. 발동가: 2223.5014004126665
2025-06-23 08:04:01,789 INFO:✍️  [진입 기록] ETH/USDT | LONG | 진입: 2231.46
2025-06-23 08:04:01,789 INFO:💾 상태 정보가 state.json 파일에 저장되었습니다.
2025-06-23 08:06:00,680 INFO:🔓 [ETH/USDT] 포지션 종료 확인. 결과 분석 및 알림 시작...
2025-06-23 08:06:01,278 INFO:✍️  [청산 기록] ETH/USDT | 사유: Stop Loss | PnL: -3.6081
2025-06-23 08:06:01,281 INFO:💾 상태 정보가 state.json 파일에 저장되었습니다.
2025-06-23 08:08:00,686 INFO:📊 [ETH/USDT] 시장 상태 변경: trending -> choppy (T:2,R:2)
2025-06-23 08:10:00,695 INFO:📊 [ETH/USDT] 시장 상태 변경: choppy -> range_bound (T:2,R:4)
2025-06-23 08:11:00,707 INFO:📊 [ETH/USDT] 시장 상태 변경: range_bound -> trending (T:3,R:2)
2025-06-23 08:13:00,679 INFO:惜 [ETH/USDT] 진입 근접! (시장: trending, T:5,R:2) | 롱: 3/11점, 숏: 9/11점
2025-06-23 08:17:00,701 INFO:📊 [ETH/USDT] 시장 상태 변경: trending -> choppy (T:3,R:3)
2025-06-23 08:21:00,694 INFO:📊 [ETH/USDT] 시장 상태 변경: choppy -> trending (T:3,R:2)
2025-06-23 08:21:00,694 INFO:惜 [ETH/USDT] 진입 근접! (시장: trending, T:3,R:2) | 롱: 10/11점, 숏: 0/11점
2025-06-23 08:24:00,699 INFO:惜 [ETH/USDT] 진입 근접! (시장: trending, T:5,R:2) | 롱: 10/11점, 숏: 0/11점
2025-06-23 08:25:00,696 INFO:惜 [ETH/USDT] 진입 근접! (시장: trending, T:5,R:2) | 롱: 10/11점, 숏: 0/11점
2025-06-23 08:29:00,683 INFO:📊 [ETH/USDT] 시장 상태 변경: trending -> choppy (T:2,R:2)
2025-06-23 08:32:00,690 INFO:📊 [ETH/USDT] 시장 상태 변경: choppy -> range_bound (T:0,R:3)
2025-06-23 08:33:00,693 INFO:📊 [ETH/USDT] 시장 상태 변경: range_bound -> choppy (T:1,R:2)
2025-06-23 08:34:00,699 INFO:📊 [ETH/USDT] 시장 상태 변경: choppy -> range_bound (T:0,R:3)
2025-06-23 08:41:00,335 INFO:🔓 [SOL/USDT] 포지션 종료 확인. 결과 분석 및 알림 시작...
2025-06-23 08:41:00,936 INFO:✍️  [청산 기록] SOL/USDT | 사유: Stop Loss | PnL: -2.1238
2025-06-23 08:41:00,936 INFO:💾 상태 정보가 state.json 파일에 저장되었습니다.
2025-06-23 08:42:00,337 INFO:惜 [SOL/USDT] 진입 근접! (시장: trending, T:5,R:2) | 롱: 3/11점, 숏: 9/11점
2025-06-23 08:47:00,330 INFO:惜 [SOL/USDT] 진입 근접! (시장: trending, T:3,R:2) | 롱: 3/11점, 숏: 9/11점
2025-06-23 08:48:00,673 INFO:📊 [ETH/USDT] 시장 상태 변경: range_bound -> choppy (T:1,R:2)
2025-06-23 08:49:00,342 INFO:📊 [SOL/USDT] 시장 상태 변경: trending -> choppy (T:3,R:3)
2025-06-23 08:50:00,703 INFO:📊 [ETH/USDT] 시장 상태 변경: choppy -> range_bound (T:0,R:5)
2025-06-23 08:53:00,350 INFO:📊 [SOL/USDT] 시장 상태 변경: choppy -> range_bound (T:0,R:3)
2025-06-23 08:57:00,334 INFO:📊 [SOL/USDT] 시장 상태 변경: range_bound -> choppy (T:2,R:2)
2025-06-23 09:03:00,342 INFO:📊 [SOL/USDT] 시장 상태 변경: choppy -> range_bound (T:0,R:5)
2025-06-23 09:18:00,678 INFO:📊 [ETH/USDT] 시장 상태 변경: range_bound -> choppy (T:1,R:2)
2025-06-23 09:19:00,344 INFO:📊 [SOL/USDT] 시장 상태 변경: range_bound -> trending (T:3,R:2)
2025-06-23 09:19:00,344 INFO:惜 [SOL/USDT] 진입 근접! (시장: trending, T:3,R:2) | 롱: 9/11점, 숏: 1/11점
2025-06-23 09:20:00,690 INFO:📊 [ETH/USDT] 시장 상태 변경: choppy -> trending (T:4,R:2)
2025-06-23 09:22:00,349 INFO:🚫 [SOL/USDT] 롱 신호(11점) 발생했으나, 확정 캔들이 음봉이라 진입 취소.
2025-06-23 09:22:00,688 INFO:🚫 [ETH/USDT] 롱 신호(11점) 발생했으나, 확정 캔들이 음봉이라 진입 취소.
2025-06-23 09:24:00,334 INFO:惜 [SOL/USDT] 진입 근접! (시장: trending, T:4,R:2) | 롱: 10/11점, 숏: 0/11점
2025-06-23 09:24:00,684 INFO:惜 [ETH/USDT] 진입 근접! (시장: trending, T:4,R:2) | 롱: 10/11점, 숏: 0/11점
2025-06-23 09:26:00,349 INFO:惜 [SOL/USDT] 진입 근접! (시장: trending, T:5,R:2) | 롱: 10/11점, 숏: 0/11점
2025-06-23 09:27:00,343 INFO:惜 [SOL/USDT] 진입 근접! (시장: trending, T:5,R:2) | 롱: 10/11점, 숏: 0/11점
2025-06-23 09:27:00,692 INFO:惜 [ETH/USDT] 진입 근접! (시장: trending, T:5,R:2) | 롱: 10/11점, 숏: 0/11점
2025-06-23 09:28:00,794 INFO:✅ [ETH/USDT] 진입 전, 기존 조건부 주문 취소 완료.
2025-06-23 09:28:01,008 ERROR:❌ [ETH/USDT] 잔고 부족으로 주문 실패: binance {"code":-2019,"msg":"Margin is insufficient."}
2025-06-23 09:29:00,354 INFO:惜 [SOL/USDT] 진입 근접! (시장: trending, T:5,R:2) | 롱: 10/11점, 숏: 0/11점
2025-06-23 09:29:00,683 INFO:惜 [ETH/USDT] 진입 근접! (시장: trending, T:5,R:2) | 롱: 10/11점, 숏: 0/11점
2025-06-23 09:30:00,341 INFO:惜 [SOL/USDT] 진입 근접! (시장: trending, T:5,R:2) | 롱: 10/11점, 숏: 0/11점
2025-06-23 09:31:00,682 INFO:惜 [ETH/USDT] 진입 근접! (시장: trending, T:3,R:2) | 롱: 10/11점, 숏: 0/11점
2025-06-23 09:32:00,686 INFO:📊 [ETH/USDT] 시장 상태 변경: trending -> range_bound (T:2,R:3)
2025-06-23 09:33:00,692 INFO:📊 [ETH/USDT] 시장 상태 변경: range_bound -> choppy (T:1,R:2)
2025-06-23 09:35:00,325 INFO:📊 [SOL/USDT] 시장 상태 변경: trending -> choppy (T:2,R:2)
2025-06-23 09:36:00,348 INFO:📊 [SOL/USDT] 시장 상태 변경: choppy -> range_bound (T:2,R:3)
2025-06-23 09:36:00,680 INFO:📊 [ETH/USDT] 시장 상태 변경: choppy -> range_bound (T:2,R:3)
2025-06-23 09:37:00,358 INFO:📊 [SOL/USDT] 시장 상태 변경: range_bound -> choppy (T:3,R:3)
2025-06-23 09:37:00,690 INFO:📊 [ETH/USDT] 시장 상태 변경: range_bound -> choppy (T:2,R:2)
2025-06-23 09:38:00,342 INFO:📊 [SOL/USDT] 시장 상태 변경: choppy -> trending (T:3,R:2)
2025-06-23 09:38:00,342 INFO:惜 [SOL/USDT] 진입 근접! (시장: trending, T:3,R:2) | 롱: 10/11점, 숏: 0/11점
2025-06-23 09:39:00,345 INFO:惜 [SOL/USDT] 진입 근접! (시장: trending, T:3,R:2) | 롱: 10/11점, 숏: 0/11점
2025-06-23 09:39:00,677 INFO:📊 [ETH/USDT] 시장 상태 변경: choppy -> trending (T:4,R:2)
2025-06-23 09:39:00,677 INFO:惜 [ETH/USDT] 진입 근접! (시장: trending, T:4,R:2) | 롱: 10/11점, 숏: 0/11점
2025-06-23 09:40:00,356 INFO:🚫 [SOL/USDT] 롱 신호(14점) 발생했으나, 확정 캔들이 음봉이라 진입 취소.
2025-06-23 09:40:00,696 INFO:🚫 [ETH/USDT] 롱 신호(11점) 발생했으나, 확정 캔들이 음봉이라 진입 취소.
2025-06-23 09:42:00,337 INFO:惜 [SOL/USDT] 진입 근접! (시장: trending, T:5,R:2) | 롱: 10/11점, 숏: 0/11점
2025-06-23 09:42:00,676 INFO:惜 [ETH/USDT] 진입 근접! (시장: trending, T:5,R:2) | 롱: 10/11점, 숏: 0/11점
2025-06-23 09:44:00,356 INFO:惜 [SOL/USDT] 진입 근접! (시장: trending, T:5,R:2) | 롱: 10/11점, 숏: 0/11점
2025-06-23 09:44:00,711 INFO:惜 [ETH/USDT] 진입 근접! (시장: trending, T:5,R:2) | 롱: 10/11점, 숏: 0/11점
2025-06-23 09:45:00,337 INFO:惜 [SOL/USDT] 진입 근접! (시장: trending, T:5,R:2) | 롱: 10/11점, 숏: 0/11점
2025-06-23 09:45:00,786 INFO:✅ [ETH/USDT] 진입 전, 기존 조건부 주문 취소 완료.
2025-06-23 09:45:00,995 ERROR:❌ [ETH/USDT] 잔고 부족으로 주문 실패: binance {"code":-2019,"msg":"Margin is insufficient."}
2025-06-23 09:46:00,350 INFO:🚫 [SOL/USDT] 롱 신호(11점) 발생했으나, 확정 캔들이 음봉이라 진입 취소.
2025-06-23 09:46:00,694 INFO:惜 [ETH/USDT] 진입 근접! (시장: trending, T:5,R:2) | 롱: 10/11점, 숏: 0/11점
2025-06-23 09:48:00,352 INFO:惜 [SOL/USDT] 진입 근접! (시장: trending, T:5,R:2) | 롱: 10/11점, 숏: 0/11점
2025-06-23 09:48:00,692 INFO:惜 [ETH/USDT] 진입 근접! (시장: trending, T:5,R:0) | 롱: 10/11점, 숏: 0/11점
2025-06-23 09:49:00,693 INFO:惜 [ETH/USDT] 진입 근접! (시장: trending, T:5,R:0) | 롱: 10/11점, 숏: 0/11점
2025-06-23 09:50:00,335 INFO:🚫 [SOL/USDT] 롱 신호(11점) 발생했으나, 확정 캔들이 음봉이라 진입 취소.
2025-06-23 09:50:00,682 INFO:🚫 [ETH/USDT] 롱 신호(11점) 발생했으나, 확정 캔들이 음봉이라 진입 취소.
2025-06-23 09:53:00,341 INFO:惜 [SOL/USDT] 진입 근접! (시장: trending, T:4,R:3) | 롱: 10/11점, 숏: 0/11점
2025-06-23 09:54:00,342 INFO:惜 [SOL/USDT] 진입 근접! (시장: trending, T:5,R:2) | 롱: 10/11점, 숏: 0/11점
2025-06-23 09:54:00,693 INFO:惜 [ETH/USDT] 진입 근접! (시장: trending, T:4,R:2) | 롱: 10/11점, 숏: 0/11점
2025-06-23 09:55:00,338 INFO:惜 [SOL/USDT] 진입 근접! (시장: trending, T:4,R:3) | 롱: 10/11점, 숏: 0/11점
2025-06-23 09:55:00,698 INFO:惜 [ETH/USDT] 진입 근접! (시장: trending, T:4,R:3) | 롱: 10/11점, 숏: 0/11점
2025-06-23 09:58:00,344 INFO:📊 [SOL/USDT] 시장 상태 변경: trending -> choppy (T:2,R:2)
2025-06-23 09:58:00,682 INFO:📊 [ETH/USDT] 시장 상태 변경: trending -> choppy (T:2,R:2)
2025-06-23 09:59:00,703 INFO:📊 [ETH/USDT] 시장 상태 변경: choppy -> range_bound (T:2,R:3)
2025-06-23 10:00:00,330 INFO:📊 [SOL/USDT] 시장 상태 변경: choppy -> trending (T:3,R:2)
2025-06-23 10:00:00,681 INFO:📊 [ETH/USDT] 시장 상태 변경: range_bound -> choppy (T:2,R:2)
2025-06-23 10:01:00,702 INFO:📊 [ETH/USDT] 시장 상태 변경: choppy -> trending (T:3,R:2)
2025-06-23 10:09:00,352 INFO:惜 [SOL/USDT] 진입 근접! (시장: trending, T:4,R:2) | 롱: 3/11점, 숏: 9/11점
2025-06-23 10:13:00,343 INFO:📊 [SOL/USDT] 시장 상태 변경: trending -> choppy (T:3,R:3)
2025-06-23 10:14:00,362 INFO:📊 [SOL/USDT] 시장 상태 변경: choppy -> trending (T:4,R:3)
2025-06-23 10:16:00,339 INFO:📊 [SOL/USDT] 시장 상태 변경: trending -> choppy (T:3,R:3)
2025-06-23 10:17:00,331 INFO:📊 [SOL/USDT] 시장 상태 변경: choppy -> trending (T:3,R:2)
2025-06-23 10:18:00,698 INFO:惜 [ETH/USDT] 진입 근접! (시장: trending, T:4,R:2) | 롱: 2/11점, 숏: 9/11점
2025-06-23 10:19:00,333 INFO:惜 [SOL/USDT] 진입 근접! (시장: trending, T:3,R:2) | 롱: 2/11점, 숏: 9/11점
2025-06-23 10:22:00,337 INFO:📊 [SOL/USDT] 시장 상태 변경: trending -> choppy (T:2,R:2)
2025-06-23 10:23:00,350 INFO:📊 [SOL/USDT] 시장 상태 변경: choppy -> trending (T:3,R:2)
2025-06-23 10:24:00,350 INFO:📊 [SOL/USDT] 시장 상태 변경: trending -> range_bound (T:3,R:4)
2025-06-23 10:26:00,353 INFO:📊 [SOL/USDT] 시장 상태 변경: range_bound -> trending (T:3,R:2)
2025-06-23 10:26:00,687 INFO:惜 [ETH/USDT] 진입 근접! (시장: trending, T:5,R:2) | 롱: 3/11점, 숏: 9/11점
2025-06-23 10:27:00,700 INFO:惜 [ETH/USDT] 진입 근접! (시장: trending, T:5,R:2) | 롱: 3/11점, 숏: 9/11점
2025-06-23 10:28:00,411 INFO:📊 [SOL/USDT] 시장 상태 변경: trending -> choppy (T:2,R:2)
2025-06-23 10:29:00,322 INFO:📊 [SOL/USDT] 시장 상태 변경: choppy -> trending (T:3,R:2)
2025-06-23 10:31:00,698 INFO:惜 [ETH/USDT] 진입 근접! (시장: trending, T:5,R:2) | 롱: 3/11점, 숏: 9/11점
2025-06-23 10:32:00,337 INFO:惜 [SOL/USDT] 진입 근접! (시장: trending, T:4,R:2) | 롱: 3/11점, 숏: 10/11점
2025-06-23 10:33:00,721 INFO:惜 [ETH/USDT] 진입 근접! (시장: trending, T:5,R:2) | 롱: 3/11점, 숏: 9/11점
2025-06-23 10:34:00,329 INFO:📊 [SOL/USDT] 시장 상태 변경: trending -> choppy (T:3,R:3)
2025-06-23 10:36:00,694 INFO:📊 [ETH/USDT] 시장 상태 변경: trending -> choppy (T:2,R:2)
2025-06-23 10:38:00,337 INFO:📊 [SOL/USDT] 시장 상태 변경: choppy -> range_bound (T:0,R:3)
2025-06-23 10:38:00,337 INFO:惜 [SOL/USDT] 진입 근접! (시장: range_bound, T:0,R:3) | 롱: 1/7점, 숏: 6/7점
2025-06-23 10:38:00,681 INFO:📊 [ETH/USDT] 시장 상태 변경: choppy -> trending (T:3,R:2)
2025-06-23 10:39:00,706 INFO:惜 [ETH/USDT] 진입 근접! (시장: trending, T:3,R:2) | 롱: 3/11점, 숏: 9/11점
2025-06-23 10:41:00,687 INFO:📊 [ETH/USDT] 시장 상태 변경: trending -> choppy (T:2,R:2)
2025-06-23 10:42:00,694 INFO:📊 [ETH/USDT] 시장 상태 변경: choppy -> range_bound (T:2,R:4)
2025-06-23 10:45:00,335 INFO:🚫 [SOL/USDT] 숏 신호(8점) 발생했으나, 확정 캔들이 양봉이라 진입 취소.
2025-06-23 10:46:00,334 INFO:📊 [SOL/USDT] 시장 상태 변경: range_bound -> trending (T:3,R:2)
2025-06-23 10:46:00,334 INFO:惜 [SOL/USDT] 진입 근접! (시장: trending, T:3,R:2) | 롱: 9/11점, 숏: 1/11점
2025-06-23 10:47:00,690 INFO:📊 [ETH/USDT] 시장 상태 변경: range_bound -> choppy (T:1,R:2)
2025-06-23 10:49:00,334 INFO:惜 [SOL/USDT] 진입 근접! (시장: trending, T:4,R:2) | 롱: 9/11점, 숏: 1/11점
2025-06-23 10:50:00,687 INFO:📊 [ETH/USDT] 시장 상태 변경: choppy -> trending (T:4,R:2)
2025-06-23 10:50:00,687 INFO:惜 [ETH/USDT] 진입 근접! (시장: trending, T:4,R:2) | 롱: 9/11점, 숏: 1/11점
2025-06-23 10:51:00,355 INFO:🚫 [SOL/USDT] 롱 신호(11점) 발생했으나, 확정 캔들이 음봉이라 진입 취소.
2025-06-23 10:54:00,340 INFO:惜 [SOL/USDT] 진입 근접! (시장: trending, T:5,R:2) | 롱: 10/11점, 숏: 0/11점
2025-06-23 10:54:00,697 INFO:惜 [ETH/USDT] 진입 근접! (시장: trending, T:5,R:2) | 롱: 10/11점, 숏: 0/11점
2025-06-23 10:55:00,437 INFO:✅ [SOL/USDT] 진입 전, 기존 조건부 주문 취소 완료.
2025-06-23 10:55:00,644 INFO:🚀 [SOL/USDT] 진입 성공! LONG | 수량: 23.6 | 진입가: 132.98
2025-06-23 10:55:00,889 INFO:✅ [SOL/USDT] TP 주문 설정 완료. 발동가: 133.53807903199893
2025-06-23 10:55:01,064 INFO:✅ [SOL/USDT] SL 주문 설정 완료. 발동가: 132.64096048400054
2025-06-23 10:55:01,491 INFO:✍️  [진입 기록] SOL/USDT | LONG | 진입: 132.94
2025-06-23 10:55:01,491 INFO:💾 상태 정보가 state.json 파일에 저장되었습니다.
2025-06-23 10:55:01,937 INFO:✅ [ETH/USDT] 진입 전, 기존 조건부 주문 취소 완료.
2025-06-23 10:55:02,156 ERROR:❌ [ETH/USDT] 잔고 부족으로 주문 실패: binance {"code":-2019,"msg":"Margin is insufficient."}
2025-06-23 10:56:00,676 INFO:惜 [ETH/USDT] 진입 근접! (시장: trending, T:5,R:2) | 롱: 10/11점, 숏: 0/11점
2025-06-23 10:59:00,690 INFO:惜 [ETH/USDT] 진입 근접! (시장: trending, T:5,R:2) | 롱: 10/11점, 숏: 0/11점
2025-06-23 11:02:00,668 INFO:🚫 [ETH/USDT] 롱 신호(11점) 발생했으나, 확정 캔들이 음봉이라 진입 취소.
2025-06-23 11:04:00,707 INFO:惜 [ETH/USDT] 진입 근접! (시장: trending, T:4,R:2) | 롱: 10/11점, 숏: 0/11점
2025-06-23 11:06:00,682 INFO:惜 [ETH/USDT] 진입 근접! (시장: trending, T:4,R:3) | 롱: 10/11점, 숏: 0/11점
2025-06-23 11:07:00,692 INFO:📊 [ETH/USDT] 시장 상태 변경: trending -> choppy (T:3,R:3)
2025-06-23 11:09:00,337 INFO:🔓 [SOL/USDT] 포지션 종료 확인. 결과 분석 및 알림 시작...
2025-06-23 11:09:00,958 INFO:✍️  [청산 기록] SOL/USDT | 사유: Stop Loss | PnL: -8.0240
2025-06-23 11:09:00,958 INFO:💾 상태 정보가 state.json 파일에 저장되었습니다.
2025-06-23 11:10:00,351 INFO:📊 [SOL/USDT] 시장 상태 변경: trending -> choppy (T:2,R:2)
2025-06-23 11:10:00,733 INFO:📊 [ETH/USDT] 시장 상태 변경: choppy -> range_bound (T:1,R:3)
2025-06-23 11:10:00,733 INFO:🚫 [ETH/USDT] 롱 신호(8점) 발생했으나, 확정 캔들이 음봉이라 진입 취소.
2025-06-23 11:11:00,326 INFO:📊 [SOL/USDT] 시장 상태 변경: choppy -> trending (T:3,R:2)
2025-06-23 11:11:00,676 INFO:📊 [ETH/USDT] 시장 상태 변경: range_bound -> choppy (T:1,R:2)
2025-06-23 11:12:00,338 INFO:🚫 [SOL/USDT] 롱 신호(11점) 발생했으나, 확정 캔들이 음봉이라 진입 취소.
2025-06-23 11:12:00,673 INFO:📊 [ETH/USDT] 시장 상태 변경: choppy -> range_bound (T:1,R:3)
2025-06-23 11:13:00,666 INFO:📊 [ETH/USDT] 시장 상태 변경: range_bound -> choppy (T:0,R:2)
2025-06-23 11:14:00,338 INFO:📊 [SOL/USDT] 시장 상태 변경: trending -> range_bound (T:2,R:3)
2025-06-23 11:14:00,694 INFO:📊 [ETH/USDT] 시장 상태 변경: choppy -> range_bound (T:1,R:3)
2025-06-23 11:14:00,694 INFO:惜 [ETH/USDT] 진입 근접! (시장: range_bound, T:1,R:3) | 롱: 6/7점, 숏: 0/7점
2025-06-23 11:15:00,343 INFO:📊 [SOL/USDT] 시장 상태 변경: range_bound -> choppy (T:2,R:2)
2025-06-23 11:15:00,676 INFO:📊 [ETH/USDT] 시장 상태 변경: range_bound -> choppy (T:1,R:2)
2025-06-23 11:17:00,343 INFO:📊 [SOL/USDT] 시장 상태 변경: choppy -> trending (T:3,R:2)
2025-06-23 11:17:00,656 INFO:📊 [ETH/USDT] 시장 상태 변경: choppy -> range_bound (T:0,R:3)
2025-06-23 11:18:00,335 INFO:惜 [SOL/USDT] 진입 근접! (시장: trending, T:3,R:2) | 롱: 10/11점, 숏: 0/11점
2025-06-23 11:20:00,344 INFO:🚫 [SOL/USDT] 롱 신호(11점) 발생했으나, 확정 캔들이 음봉이라 진입 취소.
2025-06-23 11:21:00,352 INFO:📊 [SOL/USDT] 시장 상태 변경: trending -> choppy (T:2,R:2)
2025-06-23 11:23:00,444 INFO:📊 [SOL/USDT] 시장 상태 변경: choppy -> range_bound (T:1,R:3)
2025-06-23 11:25:00,355 INFO:📊 [SOL/USDT] 시장 상태 변경: range_bound -> choppy (T:2,R:2)
2025-06-23 11:25:00,742 INFO:惜 [ETH/USDT] 진입 근접! (시장: range_bound, T:1,R:4) | 롱: 6/7점, 숏: 1/7점
2025-06-23 11:26:00,362 INFO:📊 [SOL/USDT] 시장 상태 변경: choppy -> range_bound (T:1,R:3)
2025-06-23 11:26:00,732 INFO:📊 [ETH/USDT] 시장 상태 변경: range_bound -> choppy (T:1,R:2)
2025-06-23 11:27:00,382 INFO:📊 [SOL/USDT] 시장 상태 변경: range_bound -> choppy (T:1,R:2)
2025-06-23 11:28:00,347 INFO:📊 [SOL/USDT] 시장 상태 변경: choppy -> range_bound (T:1,R:3)
2025-06-23 11:28:00,691 INFO:📊 [ETH/USDT] 시장 상태 변경: choppy -> range_bound (T:0,R:3)
2025-06-23 11:47:00,715 INFO:📊 [ETH/USDT] 시장 상태 변경: range_bound -> choppy (T:1,R:2)
2025-06-23 11:52:00,681 INFO:📊 [ETH/USDT] 시장 상태 변경: choppy -> range_bound (T:1,R:3)
2025-06-23 11:53:00,686 INFO:📊 [ETH/USDT] 시장 상태 변경: range_bound -> choppy (T:1,R:2)
2025-06-23 11:59:00,682 INFO:📊 [ETH/USDT] 시장 상태 변경: choppy -> range_bound (T:2,R:3)
2025-06-23 12:01:00,671 INFO:惜 [ETH/USDT] 진입 근접! (시장: range_bound, T:1,R:4) | 롱: 1/7점, 숏: 6/7점
2025-06-23 12:04:00,707 INFO:📊 [ETH/USDT] 시장 상태 변경: range_bound -> choppy (T:2,R:2)
2025-06-23 12:05:00,771 INFO:📊 [ETH/USDT] 시장 상태 변경: choppy -> range_bound (T:0,R:3)
2025-06-23 12:07:00,341 INFO:惜 [SOL/USDT] 진입 근접! (시장: range_bound, T:1,R:4) | 롱: 4/7점, 숏: 6/7점
2025-06-23 12:31:00,688 INFO:惜 [ETH/USDT] 진입 근접! (시장: range_bound, T:0,R:4) | 롱: 6/7점, 숏: 1/7점
2025-06-23 12:32:00,697 INFO:惜 [ETH/USDT] 진입 근접! (시장: range_bound, T:0,R:4) | 롱: 6/7점, 숏: 1/7점
2025-06-23 12:40:00,346 INFO:🚫 [SOL/USDT] 롱 신호(8점) 발생했으나, 확정 캔들이 음봉이라 진입 취소.
2025-06-23 12:40:00,718 INFO:📊 [ETH/USDT] 시장 상태 변경: range_bound -> choppy (T:1,R:2)
2025-06-23 12:41:00,355 INFO:📊 [SOL/USDT] 시장 상태 변경: range_bound -> trending (T:4,R:2)
2025-06-23 12:47:00,718 INFO:📊 [ETH/USDT] 시장 상태 변경: choppy -> trending (T:5,R:2)
2025-06-23 12:47:00,720 INFO:惜 [ETH/USDT] 진입 근접! (시장: trending, T:5,R:2) | 롱: 3/11점, 숏: 9/11점
2025-06-23 12:48:00,682 INFO:📊 [ETH/USDT] 시장 상태 변경: trending -> choppy (T:2,R:2)
2025-06-23 12:50:00,362 INFO:📊 [SOL/USDT] 시장 상태 변경: trending -> choppy (T:3,R:3)
2025-06-23 12:50:00,688 INFO:📊 [ETH/USDT] 시장 상태 변경: choppy -> trending (T:3,R:2)
2025-06-23 12:51:00,719 INFO:📊 [ETH/USDT] 시장 상태 변경: trending -> choppy (T:2,R:2)
2025-06-23 12:52:00,691 INFO:📊 [ETH/USDT] 시장 상태 변경: choppy -> trending (T:3,R:2)
2025-06-23 12:54:00,339 INFO:📊 [SOL/USDT] 시장 상태 변경: choppy -> range_bound (T:1,R:3)
2025-06-23 12:54:00,679 INFO:🚫 [ETH/USDT] 숏 신호(12점) 발생했으나, 확정 캔들이 양봉이라 진입 취소.
2025-06-23 12:55:00,345 INFO:📊 [SOL/USDT] 시장 상태 변경: range_bound -> choppy (T:0,R:2)
2025-06-23 12:56:00,349 INFO:📊 [SOL/USDT] 시장 상태 변경: choppy -> range_bound (T:0,R:4)
2025-06-23 12:56:00,697 INFO:📊 [ETH/USDT] 시장 상태 변경: trending -> choppy (T:2,R:2)
2025-06-23 12:57:00,678 INFO:📊 [ETH/USDT] 시장 상태 변경: choppy -> trending (T:3,R:2)
2025-06-23 12:58:00,703 INFO:🚫 [ETH/USDT] 숏 신호(11점) 발생했으나, 확정 캔들이 양봉이라 진입 취소.
2025-06-23 12:59:00,823 INFO:📊 [ETH/USDT] 시장 상태 변경: trending -> choppy (T:2,R:2)
2025-06-23 13:01:00,333 INFO:📊 [SOL/USDT] 시장 상태 변경: range_bound -> choppy (T:1,R:2)
2025-06-23 13:03:00,706 INFO:📊 [ETH/USDT] 시장 상태 변경: choppy -> trending (T:3,R:2)
2025-06-23 13:07:00,343 INFO:📊 [SOL/USDT] 시장 상태 변경: choppy -> range_bound (T:1,R:3)
2025-06-23 13:08:00,331 INFO:📊 [SOL/USDT] 시장 상태 변경: range_bound -> choppy (T:1,R:2)
2025-06-23 13:10:00,340 INFO:📊 [SOL/USDT] 시장 상태 변경: choppy -> range_bound (T:2,R:3)
2025-06-23 13:11:00,687 INFO:惜 [ETH/USDT] 진입 근접! (시장: trending, T:5,R:2) | 롱: 3/11점, 숏: 9/11점
2025-06-23 13:12:00,367 INFO:📊 [SOL/USDT] 시장 상태 변경: range_bound -> choppy (T:1,R:2)
2025-06-23 13:14:00,350 INFO:📊 [SOL/USDT] 시장 상태 변경: choppy -> range_bound (T:0,R:4)
2025-06-23 13:17:00,344 INFO:📊 [SOL/USDT] 시장 상태 변경: range_bound -> choppy (T:1,R:2)
2025-06-23 13:17:00,688 INFO:📊 [ETH/USDT] 시장 상태 변경: trending -> choppy (T:2,R:2)
2025-06-23 13:18:00,362 INFO:📊 [SOL/USDT] 시장 상태 변경: choppy -> range_bound (T:1,R:3)
2025-06-23 13:19:00,348 INFO:📊 [SOL/USDT] 시장 상태 변경: range_bound -> choppy (T:2,R:2)
2025-06-23 13:19:00,703 INFO:📊 [ETH/USDT] 시장 상태 변경: choppy -> trending (T:3,R:2)
2025-06-23 13:20:00,705 INFO:惜 [ETH/USDT] 진입 근접! (시장: trending, T:3,R:2) | 롱: 10/11점, 숏: 0/11점
2025-06-23 13:21:00,344 INFO:📊 [SOL/USDT] 시장 상태 변경: choppy -> trending (T:4,R:2)
2025-06-23 13:21:00,704 INFO:惜 [ETH/USDT] 진입 근접! (시장: trending, T:3,R:2) | 롱: 10/11점, 숏: 0/11점
2025-06-23 13:22:00,861 INFO:🚫 [ETH/USDT] 롱 신호(11점) 발생했으나, 확정 캔들이 음봉이라 진입 취소.
2025-06-23 13:24:00,345 INFO:🚫 [SOL/USDT] 롱 신호(11점) 발생했으나, 확정 캔들이 음봉이라 진입 취소.
2025-06-23 13:24:00,694 INFO:惜 [ETH/USDT] 진입 근접! (시장: trending, T:5,R:2) | 롱: 10/11점, 숏: 0/11점
2025-06-23 13:26:00,754 INFO:惜 [ETH/USDT] 진입 근접! (시장: trending, T:5,R:2) | 롱: 10/11점, 숏: 0/11점
2025-06-23 13:27:00,337 INFO:惜 [SOL/USDT] 진입 근접! (시장: trending, T:5,R:2) | 롱: 10/11점, 숏: 0/11점
2025-06-23 13:27:00,695 INFO:惜 [ETH/USDT] 진입 근접! (시장: trending, T:5,R:2) | 롱: 10/11점, 숏: 0/11점
2025-06-23 13:28:00,352 INFO:🚫 [SOL/USDT] 롱 신호(11점) 발생했으나, 확정 캔들이 음봉이라 진입 취소.
2025-06-23 13:28:00,707 INFO:惜 [ETH/USDT] 진입 근접! (시장: trending, T:5,R:2) | 롱: 10/11점, 숏: 0/11점
2025-06-23 13:31:00,330 INFO:惜 [SOL/USDT] 진입 근접! (시장: trending, T:5,R:2) | 롱: 10/11점, 숏: 0/11점
2025-06-23 13:32:00,684 INFO:惜 [ETH/USDT] 진입 근접! (시장: trending, T:4,R:2) | 롱: 10/11점, 숏: 0/11점
2025-06-23 13:35:00,347 INFO:惜 [SOL/USDT] 진입 근접! (시장: trending, T:4,R:2) | 롱: 10/11점, 숏: 3/11점
2025-06-23 13:35:00,677 INFO:📊 [ETH/USDT] 시장 상태 변경: trending -> range_bound (T:2,R:3)
2025-06-23 13:36:00,710 INFO:📊 [ETH/USDT] 시장 상태 변경: range_bound -> choppy (T:2,R:2)
2025-06-23 13:37:00,351 INFO:🚫 [SOL/USDT] 롱 신호(11점) 발생했으나, 확정 캔들이 음봉이라 진입 취소.
2025-06-23 13:38:00,696 INFO:📊 [ETH/USDT] 시장 상태 변경: choppy -> range_bound (T:2,R:3)
2025-06-23 13:39:00,350 INFO:📊 [SOL/USDT] 시장 상태 변경: trending -> choppy (T:2,R:2)
2025-06-23 13:39:00,691 INFO:📊 [ETH/USDT] 시장 상태 변경: range_bound -> trending (T:3,R:2)
2025-06-23 13:40:00,691 INFO:📊 [ETH/USDT] 시장 상태 변경: trending -> choppy (T:2,R:2)
2025-06-23 13:41:00,339 INFO:📊 [SOL/USDT] 시장 상태 변경: choppy -> range_bound (T:2,R:3)
2025-06-23 13:41:00,699 INFO:📊 [ETH/USDT] 시장 상태 변경: choppy -> range_bound (T:1,R:3)
2025-06-23 13:42:00,687 INFO:📊 [ETH/USDT] 시장 상태 변경: range_bound -> choppy (T:1,R:2)
2025-06-23 13:45:00,697 INFO:📊 [ETH/USDT] 시장 상태 변경: choppy -> range_bound (T:1,R:3)
2025-06-23 13:46:00,346 INFO:📊 [SOL/USDT] 시장 상태 변경: range_bound -> trending (T:3,R:2)
2025-06-23 13:46:00,665 INFO:📊 [ETH/USDT] 시장 상태 변경: range_bound -> choppy (T:1,R:2)
2025-06-23 13:48:00,336 INFO:📊 [SOL/USDT] 시장 상태 변경: trending -> choppy (T:2,R:2)
2025-06-23 13:54:00,330 INFO:📊 [SOL/USDT] 시장 상태 변경: choppy -> range_bound (T:1,R:3)
2025-06-23 13:55:00,336 INFO:📊 [SOL/USDT] 시장 상태 변경: range_bound -> choppy (T:1,R:2)
2025-06-23 13:56:00,684 INFO:📊 [ETH/USDT] 시장 상태 변경: choppy -> range_bound (T:0,R:4)
2025-06-23 13:57:00,353 INFO:📊 [SOL/USDT] 시장 상태 변경: choppy -> range_bound (T:0,R:3)
2025-06-23 13:58:00,325 INFO:📊 [SOL/USDT] 시장 상태 변경: range_bound -> choppy (T:0,R:2)
2025-06-23 13:59:00,346 INFO:📊 [SOL/USDT] 시장 상태 변경: choppy -> range_bound (T:0,R:3)
2025-06-23 14:02:00,360 INFO:📊 [SOL/USDT] 시장 상태 변경: range_bound -> choppy (T:2,R:2)
2025-06-23 14:07:00,342 INFO:📊 [SOL/USDT] 시장 상태 변경: choppy -> trending (T:3,R:2)
2025-06-23 14:07:00,342 INFO:惜 [SOL/USDT] 진입 근접! (시장: trending, T:3,R:2) | 롱: 10/11점, 숏: 0/11점
2025-06-23 14:07:00,691 INFO:📊 [ETH/USDT] 시장 상태 변경: range_bound -> choppy (T:1,R:2)
2025-06-23 14:09:00,343 INFO:惜 [SOL/USDT] 진입 근접! (시장: trending, T:3,R:2) | 롱: 10/11점, 숏: 0/11점
2025-06-23 14:10:00,319 INFO:惜 [SOL/USDT] 진입 근접! (시장: trending, T:3,R:2) | 롱: 10/11점, 숏: 0/11점
2025-06-23 14:10:00,692 INFO:📊 [ETH/USDT] 시장 상태 변경: choppy -> trending (T:3,R:2)
2025-06-23 14:10:00,692 INFO:惜 [ETH/USDT] 진입 근접! (시장: trending, T:3,R:2) | 롱: 10/11점, 숏: 0/11점
2025-06-23 14:11:00,350 INFO:惜 [SOL/USDT] 진입 근접! (시장: trending, T:5,R:2) | 롱: 10/11점, 숏: 0/11점
2025-06-23 14:11:00,692 INFO:惜 [ETH/USDT] 진입 근접! (시장: trending, T:5,R:2) | 롱: 10/11점, 숏: 0/11점
2025-06-23 14:12:00,367 INFO:惜 [SOL/USDT] 진입 근접! (시장: trending, T:5,R:2) | 롱: 10/11점, 숏: 0/11점
2025-06-23 14:12:00,724 INFO:惜 [ETH/USDT] 진입 근접! (시장: trending, T:5,R:2) | 롱: 10/11점, 숏: 0/11점
2025-06-23 14:14:00,336 INFO:惜 [SOL/USDT] 진입 근접! (시장: trending, T:5,R:2) | 롱: 10/11점, 숏: 0/11점
2025-06-23 14:14:00,693 INFO:惜 [ETH/USDT] 진입 근접! (시장: trending, T:5,R:2) | 롱: 10/11점, 숏: 0/11점
2025-06-23 14:15:00,330 INFO:惜 [SOL/USDT] 진입 근접! (시장: trending, T:5,R:2) | 롱: 9/11점, 숏: 0/11점
2025-06-23 14:17:00,331 INFO:惜 [SOL/USDT] 진입 근접! (시장: trending, T:5,R:2) | 롱: 10/11점, 숏: 0/11점
2025-06-23 14:17:00,700 INFO:惜 [ETH/USDT] 진입 근접! (시장: trending, T:5,R:2) | 롱: 10/11점, 숏: 0/11점
2025-06-23 14:19:00,345 INFO:惜 [SOL/USDT] 진입 근접! (시장: trending, T:5,R:2) | 롱: 10/11점, 숏: 0/11점
2025-06-23 14:19:00,696 INFO:惜 [ETH/USDT] 진입 근접! (시장: trending, T:5,R:2) | 롱: 10/11점, 숏: 0/11점
2025-06-23 14:21:00,343 INFO:惜 [SOL/USDT] 진입 근접! (시장: trending, T:5,R:2) | 롱: 10/11점, 숏: 0/11점
2025-06-23 14:21:00,699 INFO:惜 [ETH/USDT] 진입 근접! (시장: trending, T:5,R:2) | 롱: 10/11점, 숏: 0/11점
2025-06-23 14:22:00,391 INFO:🚫 [SOL/USDT] 롱 신호(11점) 발생했으나, 확정 캔들이 음봉이라 진입 취소.
2025-06-23 14:22:00,803 INFO:惜 [ETH/USDT] 진입 근접! (시장: trending, T:5,R:2) | 롱: 10/11점, 숏: 0/11점
2025-06-23 14:24:00,339 INFO:惜 [SOL/USDT] 진입 근접! (시장: trending, T:5,R:2) | 롱: 10/11점, 숏: 3/11점
2025-06-23 14:25:00,732 INFO:惜 [ETH/USDT] 진입 근접! (시장: trending, T:5,R:2) | 롱: 10/11점, 숏: 0/11점
2025-06-23 14:26:00,356 INFO:🚫 [SOL/USDT] 롱 신호(11점) 발생했으나, 확정 캔들이 음봉이라 진입 취소.
2025-06-23 14:26:00,697 INFO:🚫 [ETH/USDT] 롱 신호(11점) 발생했으나, 확정 캔들이 음봉이라 진입 취소.
2025-06-23 14:28:00,340 INFO:📊 [SOL/USDT] 시장 상태 변경: trending -> choppy (T:2,R:2)
2025-06-23 14:28:00,708 INFO:📊 [ETH/USDT] 시장 상태 변경: trending -> choppy (T:2,R:2)
2025-06-23 14:30:00,679 INFO:📊 [ETH/USDT] 시장 상태 변경: choppy -> range_bound (T:2,R:3)
2025-06-23 14:32:00,342 INFO:📊 [SOL/USDT] 시장 상태 변경: choppy -> range_bound (T:2,R:3)
2025-06-23 14:34:00,354 INFO:📊 [SOL/USDT] 시장 상태 변경: range_bound -> trending (T:3,R:2)
2025-06-23 14:35:00,349 INFO:📊 [SOL/USDT] 시장 상태 변경: trending -> choppy (T:1,R:2)
2025-06-23 14:36:00,700 INFO:📊 [ETH/USDT] 시장 상태 변경: range_bound -> choppy (T:0,R:2)
2025-06-23 14:39:00,332 INFO:📊 [SOL/USDT] 시장 상태 변경: choppy -> range_bound (T:1,R:3)
2025-06-23 14:39:00,682 INFO:📊 [ETH/USDT] 시장 상태 변경: choppy -> range_bound (T:0,R:5)
2025-06-23 14:43:00,331 INFO:📊 [SOL/USDT] 시장 상태 변경: range_bound -> choppy (T:1,R:2)
2025-06-23 14:45:00,367 INFO:📊 [SOL/USDT] 시장 상태 변경: choppy -> range_bound (T:0,R:4)
2025-06-23 14:47:00,747 INFO:惜 [ETH/USDT] 진입 근접! (시장: range_bound, T:0,R:6) | 롱: 6/7점, 숏: 1/7점
2025-06-23 14:48:00,334 INFO:📊 [SOL/USDT] 시장 상태 변경: range_bound -> trending (T:4,R:2)
2025-06-23 14:49:00,343 INFO:惜 [SOL/USDT] 진입 근접! (시장: trending, T:5,R:2) | 롱: 9/11점, 숏: 1/11점
2025-06-23 14:49:00,694 INFO:📊 [ETH/USDT] 시장 상태 변경: range_bound -> choppy (T:1,R:2)
2025-06-23 14:50:00,353 INFO:惜 [SOL/USDT] 진입 근접! (시장: trending, T:5,R:2) | 롱: 10/11점, 숏: 0/11점
2025-06-23 14:51:00,352 INFO:惜 [SOL/USDT] 진입 근접! (시장: trending, T:5,R:2) | 롱: 10/11점, 숏: 0/11점
2025-06-23 14:52:00,700 INFO:📊 [ETH/USDT] 시장 상태 변경: choppy -> trending (T:4,R:2)
2025-06-23 14:53:00,340 INFO:惜 [SOL/USDT] 진입 근접! (시장: trending, T:5,R:2) | 롱: 10/11점, 숏: 0/11점
2025-06-23 14:54:00,339 INFO:惜 [SOL/USDT] 진입 근접! (시장: trending, T:5,R:2) | 롱: 10/11점, 숏: 0/11점
2025-06-23 14:55:00,348 INFO:惜 [SOL/USDT] 진입 근접! (시장: trending, T:5,R:2) | 롱: 10/11점, 숏: 0/11점
2025-06-23 14:57:00,343 INFO:惜 [SOL/USDT] 진입 근접! (시장: trending, T:5,R:2) | 롱: 10/11점, 숏: 0/11점
2025-06-23 14:57:00,693 INFO:惜 [ETH/USDT] 진입 근접! (시장: trending, T:5,R:2) | 롱: 10/11점, 숏: 0/11점
2025-06-23 14:59:00,332 INFO:惜 [SOL/USDT] 진입 근접! (시장: trending, T:5,R:2) | 롱: 10/11점, 숏: 0/11점
2025-06-23 15:02:00,334 INFO:惜 [SOL/USDT] 진입 근접! (시장: trending, T:4,R:2) | 롱: 10/11점, 숏: 0/11점
2025-06-23 15:02:00,688 INFO:惜 [ETH/USDT] 진입 근접! (시장: trending, T:5,R:2) | 롱: 10/11점, 숏: 3/11점
2025-06-23 15:03:00,676 INFO:惜 [ETH/USDT] 진입 근접! (시장: trending, T:5,R:2) | 롱: 10/11점, 숏: 0/11점
2025-06-23 15:04:00,357 INFO:惜 [SOL/USDT] 진입 근접! (시장: trending, T:5,R:2) | 롱: 10/11점, 숏: 0/11점
2025-06-23 15:05:01,278 INFO:惜 [ETH/USDT] 진입 근접! (시장: trending, T:5,R:2) | 롱: 10/11점, 숏: 0/11점
2025-06-23 15:10:00,344 INFO:惜 [SOL/USDT] 진입 근접! (시장: trending, T:4,R:2) | 롱: 10/11점, 숏: 0/11점
2025-06-23 15:10:00,700 INFO:惜 [ETH/USDT] 진입 근접! (시장: trending, T:5,R:2) | 롱: 10/11점, 숏: 0/11점
2025-06-23 15:12:00,326 INFO:📊 [SOL/USDT] 시장 상태 변경: trending -> range_bound (T:2,R:3)
2025-06-23 15:13:00,334 INFO:📊 [SOL/USDT] 시장 상태 변경: range_bound -> choppy (T:2,R:2)
2025-06-23 15:14:00,342 INFO:📊 [SOL/USDT] 시장 상태 변경: choppy -> range_bound (T:2,R:3)
2025-06-23 15:15:00,839 INFO:惜 [ETH/USDT] 진입 근접! (시장: trending, T:5,R:2) | 롱: 10/11점, 숏: 0/11점
2025-06-23 15:16:00,709 INFO:惜 [ETH/USDT] 진입 근접! (시장: trending, T:3,R:2) | 롱: 10/11점, 숏: 0/11점
2025-06-23 15:17:00,673 INFO:惜 [ETH/USDT] 진입 근접! (시장: trending, T:3,R:2) | 롱: 10/11점, 숏: 0/11점
2025-06-23 15:18:00,713 INFO:📊 [ETH/USDT] 시장 상태 변경: trending -> range_bound (T:2,R:3)
2025-06-23 15:19:00,344 INFO:📊 [SOL/USDT] 시장 상태 변경: range_bound -> choppy (T:2,R:2)
2025-06-23 15:20:00,708 INFO:📊 [ETH/USDT] 시장 상태 변경: range_bound -> choppy (T:2,R:2)
2025-06-23 15:22:00,668 INFO:📊 [ETH/USDT] 시장 상태 변경: choppy -> trending (T:3,R:2)
2025-06-23 15:24:00,359 INFO:📊 [SOL/USDT] 시장 상태 변경: choppy -> range_bound (T:3,R:4)
2025-06-23 15:26:00,693 INFO:惜 [ETH/USDT] 진입 근접! (시장: trending, T:5,R:2) | 롱: 3/11점, 숏: 9/11점
2025-06-23 15:31:00,687 INFO:惜 [ETH/USDT] 진입 근접! (시장: trending, T:5,R:2) | 롱: 3/11점, 숏: 9/11점
2025-06-23 15:40:00,707 INFO:📊 [ETH/USDT] 시장 상태 변경: trending -> choppy (T:2,R:2)
2025-06-23 15:41:00,680 INFO:📊 [ETH/USDT] 시장 상태 변경: choppy -> range_bound (T:2,R:4)
2025-06-23 15:58:00,703 INFO:📊 [ETH/USDT] 시장 상태 변경: range_bound -> choppy (T:1,R:2)
2025-06-23 15:59:00,685 INFO:📊 [ETH/USDT] 시장 상태 변경: choppy -> trending (T:4,R:2)
2025-06-23 15:59:00,685 INFO:惜 [ETH/USDT] 진입 근접! (시장: trending, T:4,R:2) | 롱: 9/11점, 숏: 1/11점
2025-06-23 16:01:00,688 INFO:惜 [ETH/USDT] 진입 근접! (시장: trending, T:4,R:2) | 롱: 10/11점, 숏: 0/11점
2025-06-23 16:02:00,340 INFO:📊 [SOL/USDT] 시장 상태 변경: range_bound -> trending (T:3,R:2)
2025-06-23 16:02:00,670 INFO:惜 [ETH/USDT] 진입 근접! (시장: trending, T:5,R:2) | 롱: 10/11점, 숏: 0/11점
2025-06-23 16:03:00,681 INFO:惜 [ETH/USDT] 진입 근접! (시장: trending, T:5,R:2) | 롱: 10/11점, 숏: 0/11점
2025-06-23 16:05:00,708 INFO:惜 [ETH/USDT] 진입 근접! (시장: trending, T:5,R:2) | 롱: 10/11점, 숏: 0/11점
2025-06-23 16:06:00,337 INFO:惜 [SOL/USDT] 진입 근접! (시장: trending, T:4,R:2) | 롱: 9/11점, 숏: 1/11점
2025-06-23 16:08:00,357 INFO:惜 [SOL/USDT] 진입 근접! (시장: trending, T:5,R:2) | 롱: 10/11점, 숏: 0/11점
2025-06-23 16:08:00,715 INFO:惜 [ETH/USDT] 진입 근접! (시장: trending, T:5,R:0) | 롱: 10/11점, 숏: 0/11점
2025-06-23 16:09:00,346 INFO:惜 [SOL/USDT] 진입 근접! (시장: trending, T:5,R:2) | 롱: 10/11점, 숏: 0/11점
2025-06-23 16:11:00,316 INFO:惜 [SOL/USDT] 진입 근접! (시장: trending, T:5,R:2) | 롱: 10/11점, 숏: 0/11점
2025-06-23 16:14:00,353 INFO:🚫 [SOL/USDT] 롱 신호(11점) 발생했으나, 확정 캔들이 음봉이라 진입 취소.
2025-06-23 16:14:00,692 INFO:惜 [ETH/USDT] 진입 근접! (시장: trending, T:4,R:0) | 롱: 10/11점, 숏: 0/11점
2025-06-23 16:15:00,686 INFO:惜 [ETH/USDT] 진입 근접! (시장: trending, T:4,R:2) | 롱: 10/11점, 숏: 3/11점
2025-06-23 16:18:00,341 INFO:📊 [SOL/USDT] 시장 상태 변경: trending -> choppy (T:2,R:2)
2025-06-23 16:21:00,361 INFO:📊 [SOL/USDT] 시장 상태 변경: choppy -> range_bound (T:2,R:3)
2025-06-23 16:21:00,706 INFO:📊 [ETH/USDT] 시장 상태 변경: trending -> choppy (T:2,R:2)
2025-06-23 16:22:00,343 INFO:📊 [SOL/USDT] 시장 상태 변경: range_bound -> choppy (T:3,R:3)
2025-06-23 16:23:00,704 INFO:📊 [ETH/USDT] 시장 상태 변경: choppy -> trending (T:3,R:2)
2025-06-23 16:24:00,336 INFO:📊 [SOL/USDT] 시장 상태 변경: choppy -> range_bound (T:1,R:4)
2025-06-23 16:24:00,666 INFO:📊 [ETH/USDT] 시장 상태 변경: trending -> range_bound (T:2,R:3)
2025-06-23 16:27:00,348 INFO:📊 [SOL/USDT] 시장 상태 변경: range_bound -> choppy (T:2,R:2)
2025-06-23 16:29:00,694 INFO:惜 [ETH/USDT] 진입 근접! (시장: range_bound, T:1,R:3) | 롱: 6/7점, 숏: 0/7점
2025-06-23 16:30:00,329 INFO:📊 [SOL/USDT] 시장 상태 변경: choppy -> range_bound (T:1,R:4)
2025-06-23 16:30:00,674 INFO:惜 [ETH/USDT] 진입 근접! (시장: range_bound, T:1,R:3) | 롱: 6/7점, 숏: 0/7점
2025-06-23 16:31:00,687 INFO:📊 [ETH/USDT] 시장 상태 변경: range_bound -> choppy (T:2,R:2)
2025-06-23 16:35:00,751 INFO:📊 [ETH/USDT] 시장 상태 변경: choppy -> range_bound (T:0,R:3)
2025-06-23 16:37:00,678 INFO:📊 [ETH/USDT] 시장 상태 변경: range_bound -> choppy (T:1,R:2)
2025-06-23 16:39:00,666 INFO:📊 [ETH/USDT] 시장 상태 변경: choppy -> range_bound (T:1,R:3)
2025-06-23 16:44:00,352 INFO:惜 [SOL/USDT] 진입 근접! (시장: range_bound, T:0,R:4) | 롱: 6/7점, 숏: 1/7점
2025-06-23 16:44:00,707 INFO:惜 [ETH/USDT] 진입 근접! (시장: range_bound, T:0,R:6) | 롱: 6/7점, 숏: 1/7점
2025-06-23 17:04:00,763 INFO:📊 [ETH/USDT] 시장 상태 변경: range_bound -> choppy (T:2,R:2)
2025-06-23 17:08:00,691 INFO:📊 [ETH/USDT] 시장 상태 변경: choppy -> range_bound (T:0,R:3)
2025-06-23 17:10:00,348 INFO:惜 [SOL/USDT] 진입 근접! (시장: range_bound, T:1,R:5) | 롱: 6/7점, 숏: 1/7점
2025-06-23 17:10:00,689 INFO:📊 [ETH/USDT] 시장 상태 변경: range_bound -> trending (T:4,R:2)
2025-06-23 17:13:00,698 INFO:🚫 [ETH/USDT] 롱 신호(11점) 발생했으나, 확정 캔들이 음봉이라 진입 취소.
2025-06-23 17:14:00,353 INFO:惜 [SOL/USDT] 진입 근접! (시장: range_bound, T:1,R:4) | 롱: 1/7점, 숏: 6/7점
2025-06-23 17:18:00,676 INFO:🚫 [ETH/USDT] 롱 신호(11점) 발생했으나, 확정 캔들이 음봉이라 진입 취소.
2025-06-23 17:20:00,688 INFO:惜 [ETH/USDT] 진입 근접! (시장: trending, T:4,R:2) | 롱: 10/11점, 숏: 0/11점
2025-06-23 17:22:00,700 INFO:📊 [ETH/USDT] 시장 상태 변경: trending -> range_bound (T:2,R:3)
2025-06-23 17:23:00,693 INFO:📊 [ETH/USDT] 시장 상태 변경: range_bound -> trending (T:3,R:2)
2025-06-23 17:24:00,686 INFO:惜 [ETH/USDT] 진입 근접! (시장: trending, T:3,R:2) | 롱: 10/11점, 숏: 0/11점
2025-06-23 17:25:00,702 INFO:惜 [ETH/USDT] 진입 근접! (시장: trending, T:3,R:2) | 롱: 10/11점, 숏: 0/11점
2025-06-23 17:26:00,683 INFO:📊 [ETH/USDT] 시장 상태 변경: trending -> choppy (T:2,R:2)
2025-06-23 17:27:00,709 INFO:📊 [ETH/USDT] 시장 상태 변경: choppy -> range_bound (T:2,R:3)
2025-06-23 17:28:00,684 INFO:📊 [ETH/USDT] 시장 상태 변경: range_bound -> choppy (T:2,R:2)
2025-06-23 17:30:00,353 INFO:惜 [SOL/USDT] 진입 근접! (시장: range_bound, T:1,R:4) | 롱: 6/7점, 숏: 1/7점
2025-06-23 17:30:00,687 INFO:📊 [ETH/USDT] 시장 상태 변경: choppy -> range_bound (T:2,R:3)
2025-06-23 17:31:00,697 INFO:📊 [ETH/USDT] 시장 상태 변경: range_bound -> choppy (T:2,R:2)
2025-06-23 17:32:00,694 INFO:📊 [ETH/USDT] 시장 상태 변경: choppy -> range_bound (T:2,R:3)
2025-06-23 17:33:00,681 INFO:📊 [ETH/USDT] 시장 상태 변경: range_bound -> choppy (T:2,R:2)
2025-06-23 17:34:00,341 INFO:📊 [SOL/USDT] 시장 상태 변경: range_bound -> trending (T:3,R:2)
2025-06-23 17:35:00,729 INFO:📊 [ETH/USDT] 시장 상태 변경: choppy -> trending (T:4,R:2)
2025-06-23 17:36:00,351 INFO:📊 [SOL/USDT] 시장 상태 변경: trending -> choppy (T:2,R:2)
2025-06-23 17:36:00,703 INFO:📊 [ETH/USDT] 시장 상태 변경: trending -> choppy (T:2,R:2)
2025-06-23 17:37:00,349 INFO:📊 [SOL/USDT] 시장 상태 변경: choppy -> trending (T:3,R:2)
2025-06-23 17:37:00,690 INFO:📊 [ETH/USDT] 시장 상태 변경: choppy -> trending (T:4,R:2)
2025-06-23 17:39:00,336 INFO:📊 [SOL/USDT] 시장 상태 변경: trending -> range_bound (T:3,R:4)
2025-06-23 17:41:00,703 INFO:📊 [ETH/USDT] 시장 상태 변경: trending -> range_bound (T:3,R:4)
2025-06-23 18:08:00,685 INFO:📊 [ETH/USDT] 시장 상태 변경: range_bound -> choppy (T:1,R:2)
2025-06-23 18:10:00,691 INFO:📊 [ETH/USDT] 시장 상태 변경: choppy -> trending (T:4,R:2)
2025-06-23 18:11:00,339 INFO:📊 [SOL/USDT] 시장 상태 변경: range_bound -> trending (T:4,R:2)
2025-06-23 18:14:00,684 INFO:惜 [ETH/USDT] 진입 근접! (시장: trending, T:3,R:2) | 롱: 3/11점, 숏: 9/11점
2025-06-23 18:16:00,676 INFO:📊 [ETH/USDT] 시장 상태 변경: trending -> choppy (T:1,R:2)
2025-06-23 18:17:00,342 INFO:📊 [SOL/USDT] 시장 상태 변경: trending -> choppy (T:3,R:3)
2025-06-23 18:19:00,332 INFO:📊 [SOL/USDT] 시장 상태 변경: choppy -> range_bound (T:2,R:3)
2025-06-23 18:19:00,823 INFO:📊 [ETH/USDT] 시장 상태 변경: choppy -> range_bound (T:1,R:3)
2025-06-23 18:23:00,353 INFO:📊 [SOL/USDT] 시장 상태 변경: range_bound -> choppy (T:1,R:2)
2025-06-23 18:25:00,685 INFO:📊 [ETH/USDT] 시장 상태 변경: range_bound -> choppy (T:2,R:2)
2025-06-23 18:27:00,351 INFO:📊 [SOL/USDT] 시장 상태 변경: choppy -> trending (T:5,R:2)
2025-06-23 18:27:00,354 INFO:惜 [SOL/USDT] 진입 근접! (시장: trending, T:5,R:2) | 롱: 3/11점, 숏: 9/11점
2025-06-23 18:27:00,695 INFO:📊 [ETH/USDT] 시장 상태 변경: choppy -> trending (T:5,R:2)
2025-06-23 18:32:00,695 INFO:惜 [ETH/USDT] 진입 근접! (시장: trending, T:5,R:2) | 롱: 3/11점, 숏: 9/11점
2025-06-23 18:34:00,355 INFO:📊 [SOL/USDT] 시장 상태 변경: trending -> choppy (T:3,R:3)
2025-06-23 18:35:00,365 INFO:📊 [SOL/USDT] 시장 상태 변경: choppy -> trending (T:3,R:2)
2025-06-23 18:36:00,344 INFO:📊 [SOL/USDT] 시장 상태 변경: trending -> choppy (T:1,R:2)
2025-06-23 18:37:00,333 INFO:📊 [SOL/USDT] 시장 상태 변경: choppy -> range_bound (T:2,R:3)
2025-06-23 18:38:00,344 INFO:📊 [SOL/USDT] 시장 상태 변경: range_bound -> choppy (T:2,R:2)
2025-06-23 18:40:00,340 INFO:📊 [SOL/USDT] 시장 상태 변경: choppy -> trending (T:4,R:2)
2025-06-23 18:40:00,340 INFO:惜 [SOL/USDT] 진입 근접! (시장: trending, T:4,R:2) | 롱: 10/11점, 숏: 0/11점
2025-06-23 18:40:00,662 INFO:📊 [ETH/USDT] 시장 상태 변경: trending -> range_bound (T:2,R:3)
2025-06-23 18:41:00,707 INFO:📊 [ETH/USDT] 시장 상태 변경: range_bound -> trending (T:3,R:2)
2025-06-23 18:45:00,683 INFO:📊 [ETH/USDT] 시장 상태 변경: trending -> range_bound (T:2,R:3)
2025-06-23 18:46:00,362 INFO:惜 [SOL/USDT] 진입 근접! (시장: trending, T:4,R:2) | 롱: 9/11점, 숏: 1/11점
2025-06-23 18:47:00,685 INFO:📊 [ETH/USDT] 시장 상태 변경: range_bound -> choppy (T:2,R:2)
2025-06-23 18:48:00,709 INFO:📊 [ETH/USDT] 시장 상태 변경: choppy -> range_bound (T:2,R:3)
2025-06-23 18:50:00,332 INFO:惜 [SOL/USDT] 진입 근접! (시장: trending, T:4,R:2) | 롱: 9/11점, 숏: 1/11점
2025-06-23 18:50:00,711 INFO:📊 [ETH/USDT] 시장 상태 변경: range_bound -> choppy (T:2,R:2)
2025-06-23 18:52:00,351 INFO:惜 [SOL/USDT] 진입 근접! (시장: trending, T:5,R:2) | 롱: 10/11점, 숏: 0/11점
2025-06-23 18:52:00,684 INFO:📊 [ETH/USDT] 시장 상태 변경: choppy -> range_bound (T:2,R:3)
2025-06-23 18:53:00,338 INFO:惜 [SOL/USDT] 진입 근접! (시장: trending, T:5,R:2) | 롱: 10/11점, 숏: 0/11점
2025-06-23 18:54:00,704 INFO:📊 [ETH/USDT] 시장 상태 변경: range_bound -> choppy (T:2,R:2)
2025-06-23 18:55:00,326 INFO:惜 [SOL/USDT] 진입 근접! (시장: trending, T:5,R:2) | 롱: 10/11점, 숏: 0/11점
2025-06-23 18:56:00,344 INFO:🚫 [SOL/USDT] 롱 신호(11점) 발생했으나, 확정 캔들이 음봉이라 진입 취소.
2025-06-23 18:58:00,340 INFO:惜 [SOL/USDT] 진입 근접! (시장: trending, T:5,R:2) | 롱: 10/11점, 숏: 0/11점
2025-06-23 18:59:00,400 INFO:🚫 [SOL/USDT] 롱 신호(11점) 발생했으나, 확정 캔들이 음봉이라 진입 취소.
2025-06-23 19:01:00,676 INFO:📊 [ETH/USDT] 시장 상태 변경: choppy -> range_bound (T:0,R:5)
2025-06-23 19:01:00,685 INFO:惜 [ETH/USDT] 진입 근접! (시장: range_bound, T:0,R:5) | 롱: 0/7점, 숏: 6/7점
2025-06-23 19:02:00,351 INFO:📊 [SOL/USDT] 시장 상태 변경: trending -> choppy (T:2,R:2)
2025-06-23 19:05:00,856 INFO:📊 [SOL/USDT] 시장 상태 변경: choppy -> trending (T:3,R:2)
2025-06-23 19:06:00,343 INFO:📊 [SOL/USDT] 시장 상태 변경: trending -> choppy (T:2,R:2)
2025-06-23 19:09:00,337 INFO:📊 [SOL/USDT] 시장 상태 변경: choppy -> range_bound (T:1,R:3)
2025-06-23 19:09:00,337 INFO:惜 [SOL/USDT] 진입 근접! (시장: range_bound, T:1,R:3) | 롱: 1/7점, 숏: 6/7점
2025-06-23 19:11:00,682 INFO:📊 [ETH/USDT] 시장 상태 변경: range_bound -> choppy (T:1,R:2)
2025-06-23 19:15:00,703 INFO:📊 [ETH/USDT] 시장 상태 변경: choppy -> range_bound (T:0,R:4)
2025-06-23 19:18:00,324 INFO:📊 [SOL/USDT] 시장 상태 변경: range_bound -> trending (T:3,R:2)
2025-06-23 19:29:00,352 INFO:惜 [SOL/USDT] 진입 근접! (시장: trending, T:5,R:2) | 롱: 3/11점, 숏: 9/11점
2025-06-23 19:35:00,353 INFO:📊 [SOL/USDT] 시장 상태 변경: trending -> choppy (T:2,R:2)
2025-06-23 19:38:00,325 INFO:📊 [SOL/USDT] 시장 상태 변경: choppy -> range_bound (T:2,R:3)
2025-06-23 19:39:00,342 INFO:📊 [SOL/USDT] 시장 상태 변경: range_bound -> choppy (T:2,R:2)
2025-06-23 19:40:00,699 INFO:🚫 [ETH/USDT] 숏 신호(8점) 발생했으나, 확정 캔들이 양봉이라 진입 취소.
2025-06-23 19:42:00,702 INFO:惜 [ETH/USDT] 진입 근접! (시장: range_bound, T:1,R:3) | 롱: 0/7점, 숏: 6/7점
2025-06-23 19:44:00,363 INFO:📊 [SOL/USDT] 시장 상태 변경: choppy -> trending (T:5,R:2)
2025-06-23 19:44:00,363 INFO:惜 [SOL/USDT] 진입 근접! (시장: trending, T:5,R:2) | 롱: 3/11점, 숏: 9/11점
2025-06-23 19:44:00,707 INFO:📊 [ETH/USDT] 시장 상태 변경: range_bound -> choppy (T:2,R:2)
2025-06-23 19:45:00,695 INFO:📊 [ETH/USDT] 시장 상태 변경: choppy -> trending (T:3,R:2)
2025-06-23 19:45:00,711 INFO:惜 [ETH/USDT] 진입 근접! (시장: trending, T:3,R:2) | 롱: 0/11점, 숏: 10/11점
2025-06-23 19:46:00,338 INFO:🚫 [SOL/USDT] 숏 신호(11점) 발생했으나, 확정 캔들이 양봉이라 진입 취소.
2025-06-23 19:46:00,690 INFO:📊 [ETH/USDT] 시장 상태 변경: trending -> choppy (T:2,R:2)
2025-06-23 19:48:00,332 INFO:📊 [SOL/USDT] 시장 상태 변경: trending -> choppy (T:3,R:3)
2025-06-23 19:48:00,675 INFO:📊 [ETH/USDT] 시장 상태 변경: choppy -> range_bound (T:1,R:3)
2025-06-23 19:49:00,352 INFO:📊 [SOL/USDT] 시장 상태 변경: choppy -> trending (T:3,R:2)
2025-06-23 19:49:00,352 INFO:惜 [SOL/USDT] 진입 근접! (시장: trending, T:3,R:2) | 롱: 10/11점, 숏: 3/11점
2025-06-23 19:50:00,366 INFO:📊 [SOL/USDT] 시장 상태 변경: trending -> choppy (T:1,R:2)
2025-06-23 19:50:00,719 INFO:📊 [ETH/USDT] 시장 상태 변경: range_bound -> choppy (T:1,R:2)
2025-06-23 19:53:00,347 INFO:📊 [SOL/USDT] 시장 상태 변경: choppy -> range_bound (T:2,R:3)
2025-06-23 19:54:00,350 INFO:📊 [SOL/USDT] 시장 상태 변경: range_bound -> choppy (T:2,R:2)
2025-06-23 19:54:00,692 INFO:📊 [ETH/USDT] 시장 상태 변경: choppy -> range_bound (T:1,R:3)
2025-06-23 19:56:00,693 INFO:📊 [ETH/USDT] 시장 상태 변경: range_bound -> choppy (T:1,R:2)
2025-06-23 20:05:01,092 INFO:📊 [SOL/USDT] 시장 상태 변경: choppy -> range_bound (T:0,R:3)
2025-06-23 20:06:00,688 INFO:📊 [ETH/USDT] 시장 상태 변경: choppy -> range_bound (T:1,R:3)
2025-06-23 20:07:00,342 INFO:📊 [SOL/USDT] 시장 상태 변경: range_bound -> choppy (T:1,R:2)
2025-06-23 20:07:00,671 INFO:📊 [ETH/USDT] 시장 상태 변경: range_bound -> choppy (T:1,R:2)
2025-06-23 20:08:00,353 INFO:📊 [SOL/USDT] 시장 상태 변경: choppy -> range_bound (T:2,R:3)
2025-06-23 20:08:00,713 INFO:📊 [ETH/USDT] 시장 상태 변경: choppy -> range_bound (T:1,R:3)
2025-06-23 20:11:00,341 INFO:📊 [SOL/USDT] 시장 상태 변경: range_bound -> choppy (T:1,R:2)
2025-06-23 20:14:00,347 INFO:📊 [SOL/USDT] 시장 상태 변경: choppy -> range_bound (T:1,R:3)
2025-06-23 20:17:00,336 INFO:📊 [SOL/USDT] 시장 상태 변경: range_bound -> choppy (T:1,R:2)
2025-06-23 20:23:00,720 INFO:📊 [ETH/USDT] 시장 상태 변경: range_bound -> choppy (T:2,R:2)
2025-06-23 20:24:00,342 INFO:📊 [SOL/USDT] 시장 상태 변경: choppy -> trending (T:5,R:2)
2025-06-23 20:25:00,342 INFO:惜 [SOL/USDT] 진입 근접! (시장: trending, T:5,R:2) | 롱: 0/11점, 숏: 10/11점
2025-06-23 20:26:00,686 INFO:📊 [ETH/USDT] 시장 상태 변경: choppy -> range_bound (T:1,R:3)
2025-06-23 20:28:00,686 INFO:📊 [ETH/USDT] 시장 상태 변경: range_bound -> choppy (T:1,R:2)
2025-06-23 20:29:00,356 INFO:惜 [SOL/USDT] 진입 근접! (시장: trending, T:4,R:2) | 롱: 0/11점, 숏: 10/11점
2025-06-23 20:29:00,699 INFO:📊 [ETH/USDT] 시장 상태 변경: choppy -> range_bound (T:1,R:3)
2025-06-23 20:30:00,696 INFO:📊 [ETH/USDT] 시장 상태 변경: range_bound -> choppy (T:0,R:2)
2025-06-23 20:32:00,326 INFO:📊 [SOL/USDT] 시장 상태 변경: trending -> choppy (T:2,R:2)
2025-06-23 20:32:00,693 INFO:📊 [ETH/USDT] 시장 상태 변경: choppy -> range_bound (T:0,R:4)
2025-06-23 20:35:00,332 INFO:📊 [SOL/USDT] 시장 상태 변경: choppy -> range_bound (T:1,R:3)
2025-06-23 20:37:00,343 INFO:📊 [SOL/USDT] 시장 상태 변경: range_bound -> choppy (T:2,R:2)
2025-06-23 20:38:00,667 INFO:惜 [ETH/USDT] 진입 근접! (시장: range_bound, T:1,R:4) | 롱: 0/7점, 숏: 6/7점
2025-06-23 20:40:00,345 INFO:📊 [SOL/USDT] 시장 상태 변경: choppy -> trending (T:4,R:2)
2025-06-23 20:46:00,351 INFO:📊 [SOL/USDT] 시장 상태 변경: trending -> choppy (T:3,R:3)
2025-06-23 20:47:00,343 INFO:📊 [SOL/USDT] 시장 상태 변경: choppy -> range_bound (T:2,R:3)
2025-06-23 20:48:00,345 INFO:📊 [SOL/USDT] 시장 상태 변경: range_bound -> trending (T:3,R:2)
2025-06-23 20:48:00,355 INFO:惜 [SOL/USDT] 진입 근접! (시장: trending, T:3,R:2) | 롱: 9/11점, 숏: 1/11점
2025-06-23 20:51:00,363 INFO:惜 [SOL/USDT] 진입 근접! (시장: trending, T:4,R:2) | 롱: 9/11점, 숏: 1/11점
2025-06-23 20:53:00,348 INFO:惜 [SOL/USDT] 진입 근접! (시장: trending, T:5,R:2) | 롱: 10/11점, 숏: 0/11점
2025-06-23 20:54:00,324 INFO:惜 [SOL/USDT] 진입 근접! (시장: trending, T:5,R:2) | 롱: 10/11점, 숏: 0/11점
2025-06-23 20:54:00,690 INFO:📊 [ETH/USDT] 시장 상태 변경: range_bound -> trending (T:3,R:2)
2025-06-23 20:55:00,345 INFO:🚫 [SOL/USDT] 롱 신호(11점) 발생했으나, 확정 캔들이 음봉이라 진입 취소.
2025-06-23 20:55:00,695 INFO:惜 [ETH/USDT] 진입 근접! (시장: trending, T:4,R:2) | 롱: 9/11점, 숏: 1/11점
2025-06-23 21:01:00,701 INFO:惜 [ETH/USDT] 진입 근접! (시장: trending, T:4,R:2) | 롱: 9/11점, 숏: 1/11점
2025-06-23 21:02:00,353 INFO:📊 [SOL/USDT] 시장 상태 변경: trending -> choppy (T:1,R:2)
2025-06-23 21:03:00,704 INFO:📊 [ETH/USDT] 시장 상태 변경: trending -> range_bound (T:1,R:3)
2025-06-23 21:04:00,685 INFO:📊 [ETH/USDT] 시장 상태 변경: range_bound -> choppy (T:0,R:2)
2025-06-23 21:05:00,350 INFO:📊 [SOL/USDT] 시장 상태 변경: choppy -> range_bound (T:1,R:3)
2025-06-23 21:05:00,707 INFO:📊 [ETH/USDT] 시장 상태 변경: choppy -> range_bound (T:0,R:3)
2025-06-23 21:06:00,341 INFO:📊 [SOL/USDT] 시장 상태 변경: range_bound -> choppy (T:1,R:2)
2025-06-23 21:08:00,342 INFO:📊 [SOL/USDT] 시장 상태 변경: choppy -> range_bound (T:1,R:4)
2025-06-23 21:08:00,699 INFO:📊 [ETH/USDT] 시장 상태 변경: range_bound -> choppy (T:1,R:2)
2025-06-23 21:10:00,901 INFO:惜 [SOL/USDT] 진입 근접! (시장: range_bound, T:0,R:4) | 롱: 6/7점, 숏: 0/7점
2025-06-23 21:11:00,706 INFO:📊 [ETH/USDT] 시장 상태 변경: choppy -> range_bound (T:1,R:4)
2025-06-23 21:12:00,698 INFO:📊 [ETH/USDT] 시장 상태 변경: range_bound -> trending (T:3,R:2)
2025-06-23 21:13:00,676 INFO:📊 [ETH/USDT] 시장 상태 변경: trending -> range_bound (T:0,R:4)
2025-06-23 21:14:00,673 INFO:🚫 [ETH/USDT] 롱 신호(7점) 발생했으나, 확정 캔들이 음봉이라 진입 취소.
2025-06-23 21:17:00,705 INFO:惜 [ETH/USDT] 진입 근접! (시장: range_bound, T:1,R:4) | 롱: 6/7점, 숏: 0/7점
2025-06-23 21:23:00,322 INFO:惜 [SOL/USDT] 진입 근접! (시장: range_bound, T:1,R:5) | 롱: 1/7점, 숏: 6/7점
2025-06-23 21:32:00,713 INFO:惜 [ETH/USDT] 진입 근접! (시장: range_bound, T:0,R:5) | 롱: 6/7점, 숏: 1/7점
2025-06-23 21:33:00,330 INFO:📊 [SOL/USDT] 시장 상태 변경: range_bound -> choppy (T:1,R:2)
2025-06-23 21:36:00,350 INFO:📊 [SOL/USDT] 시장 상태 변경: choppy -> trending (T:3,R:2)
2025-06-23 21:36:00,350 INFO:惜 [SOL/USDT] 진입 근접! (시장: trending, T:3,R:2) | 롱: 9/11점, 숏: 1/11점
2025-06-23 21:37:00,343 INFO:惜 [SOL/USDT] 진입 근접! (시장: trending, T:5,R:2) | 롱: 10/11점, 숏: 0/11점
2025-06-23 21:37:00,697 INFO:📊 [ETH/USDT] 시장 상태 변경: range_bound -> choppy (T:1,R:2)
2025-06-23 21:39:00,361 INFO:惜 [SOL/USDT] 진입 근접! (시장: trending, T:5,R:2) | 롱: 10/11점, 숏: 0/11점
2025-06-23 21:39:00,701 INFO:📊 [ETH/USDT] 시장 상태 변경: choppy -> trending (T:4,R:2)
2025-06-23 21:40:00,692 INFO:惜 [ETH/USDT] 진입 근접! (시장: trending, T:5,R:2) | 롱: 10/11점, 숏: 0/11점
2025-06-23 21:41:00,347 INFO:惜 [SOL/USDT] 진입 근접! (시장: trending, T:5,R:2) | 롱: 10/11점, 숏: 0/11점
2025-06-23 21:41:00,713 INFO:惜 [ETH/USDT] 진입 근접! (시장: trending, T:5,R:2) | 롱: 10/11점, 숏: 0/11점
2025-06-23 21:43:01,376 INFO:惜 [ETH/USDT] 진입 근접! (시장: trending, T:5,R:2) | 롱: 10/11점, 숏: 0/11점
