2025-06-21 01:03:44,234 INFO:✅ 바이낸스 마켓 정보 로딩 성공.
2025-06-21 01:03:44,821 INFO:🚀 적응형 자동매매 프로그램을 시작합니다 (분산 투자 모드).
2025-06-21 01:03:44,893 INFO:📊 초기 잔고: $702.10
2025-06-21 01:04:00,433 INFO:📊 [XRP/USDT] 시장 상태 변경: unknown -> trending (T:4,R:2)
2025-06-21 01:04:00,761 INFO:📊 [SOL/USDT] 시장 상태 변경: unknown -> trending (T:5,R:2)
2025-06-21 01:04:01,100 INFO:📊 [ETH/USDT] 시장 상태 변경: unknown -> trending (T:3,R:2)
2025-06-21 01:04:01,441 INFO:📊 [BTC/USDT] 시장 상태 변경: unknown -> choppy (T:1,R:2)
2025-06-21 01:04:01,774 INFO:📊 [DOGE/USDT] 시장 상태 변경: unknown -> trending (T:5,R:2)
2025-06-21 01:05:01,026 INFO:📊 [ETH/USDT] 시장 상태 변경: trending -> choppy (T:2,R:2)
2025-06-21 01:07:01,044 INFO:📊 [ETH/USDT] 시장 상태 변경: choppy -> trending (T:4,R:2)
2025-06-21 01:11:01,401 INFO:📊 [BTC/USDT] 시장 상태 변경: choppy -> range_bound (T:1,R:3)
2025-06-21 01:12:01,372 INFO:📊 [BTC/USDT] 시장 상태 변경: range_bound -> choppy (T:0,R:2)
2025-06-21 01:15:00,336 INFO:⚪️ [XRP/USDT] 상태 점검 (시장: trending, T:5,R:2) | 롱: 0/11점, 숏: 2/11점
2025-06-21 01:15:01,714 INFO:⚪️ [DOGE/USDT] 상태 점검 (시장: trending, T:5,R:2) | 롱: 0/11점, 숏: 2/11점
2025-06-21 01:16:01,048 INFO:⚪️ [ETH/USDT] 상태 점검 (시장: trending, T:5,R:2) | 롱: 0/11점, 숏: 2/11점
2025-06-21 01:16:01,749 INFO:⚪️ [DOGE/USDT] 상태 점검 (시장: trending, T:5,R:2) | 롱: 0/11점, 숏: 2/11점
2025-06-21 01:17:01,370 INFO:📊 [BTC/USDT] 시장 상태 변경: choppy -> trending (T:3,R:2)
2025-06-21 01:18:01,396 INFO:📊 [BTC/USDT] 시장 상태 변경: trending -> choppy (T:2,R:2)
2025-06-21 01:21:01,409 INFO:📊 [BTC/USDT] 시장 상태 변경: choppy -> trending (T:3,R:2)
2025-06-21 01:25:01,387 INFO:📊 [BTC/USDT] 시장 상태 변경: trending -> choppy (T:2,R:2)
2025-06-21 01:26:01,399 INFO:📊 [BTC/USDT] 시장 상태 변경: choppy -> range_bound (T:1,R:3)
2025-06-21 01:29:01,031 INFO:📊 [ETH/USDT] 시장 상태 변경: trending -> choppy (T:3,R:3)
2025-06-21 01:30:00,694 INFO:⚪️ [SOL/USDT] 상태 점검 (시장: trending, T:5,R:2) | 롱: 0/11점, 숏: 2/11점
2025-06-21 01:30:01,054 INFO:📊 [ETH/USDT] 시장 상태 변경: choppy -> trending (T:3,R:2)
2025-06-21 01:30:01,054 INFO:⚪️ [ETH/USDT] 상태 점검 (시장: trending, T:3,R:2) | 롱: 0/11점, 숏: 2/11점
2025-06-21 01:30:01,395 INFO:⚪️ [BTC/USDT] 상태 점검 (시장: range_bound, T:2,R:3) | 롱: 0/7점, 숏: 2/7점
2025-06-21 01:30:01,870 INFO:⚪️ [DOGE/USDT] 상태 점검 (시장: trending, T:5,R:0) | 롱: 0/11점, 숏: 2/11점
2025-06-21 01:31:00,691 INFO:⚪️ [SOL/USDT] 상태 점검 (시장: trending, T:5,R:2) | 롱: 0/11점, 숏: 2/11점
2025-06-21 01:31:01,032 INFO:📊 [ETH/USDT] 시장 상태 변경: trending -> choppy (T:2,R:2)
2025-06-21 01:31:01,747 INFO:⚪️ [DOGE/USDT] 상태 점검 (시장: trending, T:5,R:0) | 롱: 2/11점, 숏: 0/11점
2025-06-21 01:32:00,671 INFO:📊 [SOL/USDT] 시장 상태 변경: trending -> choppy (T:2,R:2)
2025-06-21 01:32:01,013 INFO:📊 [ETH/USDT] 시장 상태 변경: choppy -> range_bound (T:2,R:3)
2025-06-21 01:33:00,741 INFO:📊 [SOL/USDT] 시장 상태 변경: choppy -> trending (T:3,R:2)
2025-06-21 01:34:00,701 INFO:📊 [SOL/USDT] 시장 상태 변경: trending -> range_bound (T:2,R:4)
2025-06-21 01:34:01,023 INFO:📊 [ETH/USDT] 시장 상태 변경: range_bound -> choppy (T:1,R:2)
2025-06-21 01:38:01,191 INFO:📊 [ETH/USDT] 시장 상태 변경: choppy -> range_bound (T:1,R:3)
2025-06-21 01:40:01,380 INFO:📊 [BTC/USDT] 시장 상태 변경: range_bound -> choppy (T:1,R:2)
2025-06-21 01:41:00,332 INFO:📊 [XRP/USDT] 시장 상태 변경: trending -> choppy (T:2,R:2)
2025-06-21 01:42:00,345 INFO:📊 [XRP/USDT] 시장 상태 변경: choppy -> range_bound (T:2,R:3)
2025-06-21 01:43:00,345 INFO:📊 [XRP/USDT] 시장 상태 변경: range_bound -> choppy (T:2,R:2)
2025-06-21 01:44:00,333 INFO:📊 [XRP/USDT] 시장 상태 변경: choppy -> range_bound (T:2,R:4)
2025-06-21 01:44:01,365 INFO:📊 [BTC/USDT] 시장 상태 변경: choppy -> trending (T:4,R:2)
2025-06-21 01:45:01,078 INFO:⚪️ [ETH/USDT] 상태 점검 (시장: range_bound, T:1,R:5) | 롱: 0/7점, 숏: 2/7점
2025-06-21 01:45:01,427 INFO:⚪️ [BTC/USDT] 상태 점검 (시장: trending, T:5,R:2) | 롱: 0/11점, 숏: 2/11점
2025-06-21 01:45:01,829 INFO:⚪️ [DOGE/USDT] 상태 점검 (시장: trending, T:5,R:2) | 롱: 0/11점, 숏: 2/11점
2025-06-21 01:46:00,341 INFO:⚪️ [XRP/USDT] 상태 점검 (시장: range_bound, T:2,R:3) | 롱: 2/7점, 숏: 0/7점
2025-06-21 01:46:00,683 INFO:⚪️ [SOL/USDT] 상태 점검 (시장: range_bound, T:1,R:5) | 롱: 2/7점, 숏: 0/7점
2025-06-21 01:47:00,351 INFO:📊 [XRP/USDT] 시장 상태 변경: range_bound -> choppy (T:2,R:2)
2025-06-21 01:48:00,346 INFO:📊 [XRP/USDT] 시장 상태 변경: choppy -> range_bound (T:2,R:3)
2025-06-21 01:49:00,347 INFO:📊 [XRP/USDT] 시장 상태 변경: range_bound -> choppy (T:3,R:3)
2025-06-21 01:51:00,341 INFO:📊 [XRP/USDT] 시장 상태 변경: choppy -> trending (T:3,R:2)
2025-06-21 01:52:01,025 INFO:📊 [ETH/USDT] 시장 상태 변경: range_bound -> choppy (T:1,R:2)
2025-06-21 01:54:01,059 INFO:📊 [ETH/USDT] 시장 상태 변경: choppy -> trending (T:4,R:2)
2025-06-21 01:55:00,336 INFO:📊 [XRP/USDT] 시장 상태 변경: trending -> choppy (T:2,R:2)
2025-06-21 01:55:01,020 INFO:📊 [ETH/USDT] 시장 상태 변경: trending -> choppy (T:2,R:2)
2025-06-21 01:56:00,341 INFO:📊 [XRP/USDT] 시장 상태 변경: choppy -> range_bound (T:2,R:3)
2025-06-21 01:56:01,149 INFO:📊 [ETH/USDT] 시장 상태 변경: choppy -> range_bound (T:2,R:3)
2025-06-21 01:57:00,331 INFO:📊 [XRP/USDT] 시장 상태 변경: range_bound -> trending (T:3,R:2)
2025-06-21 01:58:00,342 INFO:📊 [XRP/USDT] 시장 상태 변경: trending -> range_bound (T:2,R:3)
2025-06-21 01:58:01,367 INFO:📊 [BTC/USDT] 시장 상태 변경: trending -> choppy (T:2,R:2)
2025-06-21 01:59:00,356 INFO:📊 [XRP/USDT] 시장 상태 변경: range_bound -> choppy (T:3,R:3)
2025-06-21 01:59:01,376 INFO:📊 [BTC/USDT] 시장 상태 변경: choppy -> trending (T:3,R:2)
2025-06-21 02:00:00,350 INFO:📊 [XRP/USDT] 시장 상태 변경: choppy -> trending (T:3,R:2)
2025-06-21 02:00:00,350 INFO:⚪️ [XRP/USDT] 상태 점검 (시장: trending, T:3,R:2) | 롱: 0/11점, 숏: 2/11점
2025-06-21 02:00:00,707 INFO:⚪️ [SOL/USDT] 상태 점검 (시장: range_bound, T:1,R:4) | 롱: 0/7점, 숏: 2/7점
2025-06-21 02:00:01,047 INFO:⚪️ [ETH/USDT] 상태 점검 (시장: range_bound, T:1,R:4) | 롱: 2/7점, 숏: 0/7점
2025-06-21 02:00:01,415 INFO:⚪️ [BTC/USDT] 상태 점검 (시장: trending, T:3,R:2) | 롱: 0/11점, 숏: 2/11점
2025-06-21 02:00:01,750 INFO:⚪️ [DOGE/USDT] 상태 점검 (시장: trending, T:5,R:2) | 롱: 2/11점, 숏: 0/11점
2025-06-21 02:01:00,351 INFO:📊 [XRP/USDT] 시장 상태 변경: trending -> range_bound (T:2,R:3)
2025-06-21 02:01:00,351 INFO:⚪️ [XRP/USDT] 상태 점검 (시장: range_bound, T:2,R:3) | 롱: 2/7점, 숏: 0/7점
2025-06-21 02:01:00,702 INFO:⚪️ [SOL/USDT] 상태 점검 (시장: range_bound, T:0,R:5) | 롱: 2/7점, 숏: 0/7점
2025-06-21 02:01:01,039 INFO:⚪️ [ETH/USDT] 상태 점검 (시장: range_bound, T:0,R:5) | 롱: 2/7점, 숏: 0/7점
2025-06-21 02:03:01,739 INFO:📊 [DOGE/USDT] 시장 상태 변경: trending -> choppy (T:2,R:2)
2025-06-21 02:04:01,884 INFO:📊 [DOGE/USDT] 시장 상태 변경: choppy -> trending (T:5,R:2)
2025-06-21 02:05:00,337 INFO:📊 [XRP/USDT] 시장 상태 변경: range_bound -> choppy (T:2,R:2)
2025-06-21 02:08:01,051 INFO:📊 [ETH/USDT] 시장 상태 변경: range_bound -> choppy (T:1,R:2)
2025-06-21 02:10:00,688 INFO:📊 [SOL/USDT] 시장 상태 변경: range_bound -> trending (T:3,R:2)
2025-06-21 02:11:00,355 INFO:📊 [XRP/USDT] 시장 상태 변경: choppy -> trending (T:4,R:2)
2025-06-21 02:12:01,028 INFO:📊 [ETH/USDT] 시장 상태 변경: choppy -> trending (T:3,R:2)
2025-06-21 02:15:01,044 INFO:⚪️ [ETH/USDT] 상태 점검 (시장: trending, T:3,R:2) | 롱: 0/11점, 숏: 2/11점
2025-06-21 02:15:01,410 INFO:⚪️ [BTC/USDT] 상태 점검 (시장: trending, T:5,R:2) | 롱: 0/11점, 숏: 2/11점
2025-06-21 02:15:01,747 INFO:⚪️ [DOGE/USDT] 상태 점검 (시장: trending, T:5,R:2) | 롱: 0/11점, 숏: 2/11점
2025-06-21 02:16:00,340 INFO:⚪️ [XRP/USDT] 상태 점검 (시장: trending, T:3,R:2) | 롱: 2/11점, 숏: 0/11점
2025-06-21 02:16:00,690 INFO:⚪️ [SOL/USDT] 상태 점검 (시장: trending, T:5,R:2) | 롱: 2/11점, 숏: 0/11점
2025-06-21 02:16:01,032 INFO:📊 [ETH/USDT] 시장 상태 변경: trending -> range_bound (T:0,R:4)
2025-06-21 02:17:00,345 INFO:📊 [XRP/USDT] 시장 상태 변경: trending -> choppy (T:2,R:2)
2025-06-21 02:19:01,015 INFO:📊 [ETH/USDT] 시장 상태 변경: range_bound -> choppy (T:1,R:2)
2025-06-21 02:20:00,343 INFO:📊 [XRP/USDT] 시장 상태 변경: choppy -> trending (T:5,R:2)
2025-06-21 02:20:01,037 INFO:📊 [ETH/USDT] 시장 상태 변경: choppy -> trending (T:4,R:2)
2025-06-21 02:30:00,349 INFO:⚪️ [XRP/USDT] 상태 점검 (시장: trending, T:4,R:0) | 롱: 0/11점, 숏: 2/11점
2025-06-21 02:30:04,131 INFO:⚪️ [ETH/USDT] 상태 점검 (시장: trending, T:5,R:0) | 롱: 0/11점, 숏: 2/11점
2025-06-21 02:30:04,474 INFO:⚪️ [BTC/USDT] 상태 점검 (시장: trending, T:5,R:2) | 롱: 0/11점, 숏: 2/11점
2025-06-21 02:30:04,821 INFO:⚪️ [DOGE/USDT] 상태 점검 (시장: trending, T:4,R:0) | 롱: 0/11점, 숏: 2/11점
2025-06-21 02:31:00,343 INFO:⚪️ [XRP/USDT] 상태 점검 (시장: trending, T:5,R:0) | 롱: 0/11점, 숏: 2/11점
2025-06-21 02:31:01,034 INFO:⚪️ [ETH/USDT] 상태 점검 (시장: trending, T:5,R:0) | 롱: 0/11점, 숏: 2/11점
2025-06-21 02:31:01,397 INFO:⚪️ [BTC/USDT] 상태 점검 (시장: trending, T:5,R:2) | 롱: 0/11점, 숏: 2/11점
2025-06-21 02:45:01,048 INFO:⚪️ [ETH/USDT] 상태 점검 (시장: trending, T:4,R:1) | 롱: 0/11점, 숏: 2/11점
2025-06-21 02:45:01,379 INFO:⚪️ [BTC/USDT] 상태 점검 (시장: trending, T:4,R:2) | 롱: 0/11점, 숏: 2/11점
2025-06-21 02:45:01,742 INFO:⚪️ [DOGE/USDT] 상태 점검 (시장: trending, T:4,R:2) | 롱: 0/11점, 숏: 2/11점
2025-06-21 02:46:00,343 INFO:📊 [XRP/USDT] 시장 상태 변경: trending -> choppy (T:3,R:3)
2025-06-21 02:46:01,680 INFO:⚪️ [DOGE/USDT] 상태 점검 (시장: trending, T:4,R:2) | 롱: 2/11점, 숏: 0/11점
2025-06-21 02:47:00,333 INFO:📊 [XRP/USDT] 시장 상태 변경: choppy -> trending (T:3,R:2)
2025-06-21 02:47:01,385 INFO:📊 [BTC/USDT] 시장 상태 변경: trending -> choppy (T:2,R:2)
2025-06-21 02:48:00,682 INFO:📊 [SOL/USDT] 시장 상태 변경: trending -> range_bound (T:2,R:3)
2025-06-21 02:48:01,371 INFO:📊 [BTC/USDT] 시장 상태 변경: choppy -> range_bound (T:2,R:3)
2025-06-21 02:49:00,696 INFO:📊 [SOL/USDT] 시장 상태 변경: range_bound -> choppy (T:2,R:2)
2025-06-21 02:49:01,378 INFO:📊 [BTC/USDT] 시장 상태 변경: range_bound -> choppy (T:2,R:2)
2025-06-21 02:50:00,706 INFO:📊 [SOL/USDT] 시장 상태 변경: choppy -> range_bound (T:2,R:3)
2025-06-21 02:51:00,664 INFO:📊 [SOL/USDT] 시장 상태 변경: range_bound -> choppy (T:2,R:0)
2025-06-21 02:51:01,006 INFO:📊 [ETH/USDT] 시장 상태 변경: trending -> choppy (T:2,R:0)
2025-06-21 02:54:00,891 INFO:📊 [SOL/USDT] 시장 상태 변경: choppy -> range_bound (T:2,R:3)
2025-06-21 02:54:01,585 INFO:📊 [BTC/USDT] 시장 상태 변경: choppy -> range_bound (T:2,R:3)
2025-06-21 02:55:01,383 INFO:📊 [BTC/USDT] 시장 상태 변경: range_bound -> trending (T:3,R:2)
2025-06-21 02:56:00,992 INFO:📊 [ETH/USDT] 시장 상태 변경: choppy -> trending (T:3,R:0)
2025-06-21 02:56:01,354 INFO:📊 [BTC/USDT] 시장 상태 변경: trending -> choppy (T:2,R:2)
2025-06-21 02:58:00,701 INFO:📊 [SOL/USDT] 시장 상태 변경: range_bound -> trending (T:3,R:2)
2025-06-21 02:58:01,052 INFO:📊 [ETH/USDT] 시장 상태 변경: trending -> choppy (T:2,R:1)
2025-06-21 03:00:01,028 INFO:📊 [ETH/USDT] 시장 상태 변경: choppy -> trending (T:3,R:0)
2025-06-21 03:00:01,381 INFO:📊 [BTC/USDT] 시장 상태 변경: choppy -> trending (T:3,R:2)
2025-06-21 03:01:00,692 INFO:⚪️ [SOL/USDT] 상태 점검 (시장: trending, T:5,R:2) | 롱: 0/11점, 숏: 2/11점
2025-06-21 03:01:01,384 INFO:⚪️ [BTC/USDT] 상태 점검 (시장: trending, T:3,R:2) | 롱: 0/11점, 숏: 2/11점
2025-06-21 03:01:01,726 INFO:⚪️ [DOGE/USDT] 상태 점검 (시장: trending, T:5,R:0) | 롱: 0/11점, 숏: 2/11점
2025-06-21 03:15:00,337 INFO:⚪️ [XRP/USDT] 상태 점검 (시장: trending, T:5,R:2) | 롱: 2/11점, 숏: 0/11점
2025-06-21 03:15:01,048 INFO:⚪️ [ETH/USDT] 상태 점검 (시장: trending, T:4,R:2) | 롱: 2/11점, 숏: 0/11점
2025-06-21 03:15:01,379 INFO:⚪️ [BTC/USDT] 상태 점검 (시장: trending, T:5,R:2) | 롱: 2/11점, 숏: 0/11점
2025-06-21 03:16:00,338 INFO:⚪️ [XRP/USDT] 상태 점검 (시장: trending, T:5,R:2) | 롱: 2/11점, 숏: 0/11점
2025-06-21 03:16:01,356 INFO:⚪️ [BTC/USDT] 상태 점검 (시장: trending, T:5,R:2) | 롱: 0/11점, 숏: 2/11점
2025-06-21 03:23:01,324 INFO:📊 [ETH/USDT] 시장 상태 변경: trending -> choppy (T:2,R:2)
2025-06-21 03:25:00,994 INFO:📊 [ETH/USDT] 시장 상태 변경: choppy -> range_bound (T:0,R:4)
2025-06-21 03:25:01,343 INFO:📊 [BTC/USDT] 시장 상태 변경: trending -> choppy (T:2,R:2)
2025-06-21 03:27:00,680 INFO:📊 [SOL/USDT] 시장 상태 변경: trending -> choppy (T:2,R:2)
2025-06-21 03:27:01,715 INFO:📊 [DOGE/USDT] 시장 상태 변경: trending -> choppy (T:2,R:2)
2025-06-21 03:28:01,387 INFO:📊 [BTC/USDT] 시장 상태 변경: choppy -> range_bound (T:1,R:3)
2025-06-21 03:28:01,729 INFO:📊 [DOGE/USDT] 시장 상태 변경: choppy -> trending (T:3,R:2)
2025-06-21 03:29:00,709 INFO:📊 [SOL/USDT] 시장 상태 변경: choppy -> range_bound (T:0,R:3)
2025-06-21 03:30:01,405 INFO:📊 [BTC/USDT] 시장 상태 변경: range_bound -> choppy (T:1,R:2)
2025-06-21 03:31:00,356 INFO:⚪️ [XRP/USDT] 상태 점검 (시장: trending, T:5,R:2) | 롱: 0/11점, 숏: 2/11점
2025-06-21 03:31:00,689 INFO:⚪️ [SOL/USDT] 상태 점검 (시장: range_bound, T:0,R:4) | 롱: 0/7점, 숏: 2/7점
2025-06-21 03:31:01,378 INFO:📊 [BTC/USDT] 시장 상태 변경: choppy -> range_bound (T:1,R:4)
2025-06-21 03:31:01,712 INFO:📊 [DOGE/USDT] 시장 상태 변경: trending -> choppy (T:2,R:2)
2025-06-21 03:33:01,838 INFO:📊 [DOGE/USDT] 시장 상태 변경: choppy -> trending (T:4,R:2)
2025-06-21 03:36:00,706 INFO:📊 [SOL/USDT] 시장 상태 변경: range_bound -> trending (T:3,R:2)
2025-06-21 03:37:01,038 INFO:📊 [ETH/USDT] 시장 상태 변경: range_bound -> choppy (T:1,R:2)
2025-06-21 03:37:01,375 INFO:📊 [BTC/USDT] 시장 상태 변경: range_bound -> choppy (T:2,R:2)
2025-06-21 03:38:01,078 INFO:📊 [ETH/USDT] 시장 상태 변경: choppy -> range_bound (T:0,R:4)
2025-06-21 03:39:00,677 INFO:📊 [SOL/USDT] 시장 상태 변경: trending -> choppy (T:2,R:2)
2025-06-21 03:41:00,694 INFO:📊 [SOL/USDT] 시장 상태 변경: choppy -> range_bound (T:2,R:5)
2025-06-21 03:41:01,388 INFO:📊 [BTC/USDT] 시장 상태 변경: choppy -> range_bound (T:0,R:4)
2025-06-21 03:42:00,683 INFO:📊 [SOL/USDT] 시장 상태 변경: range_bound -> trending (T:3,R:2)
2025-06-21 03:43:00,338 INFO:📊 [XRP/USDT] 시장 상태 변경: trending -> choppy (T:2,R:2)
2025-06-21 03:44:00,694 INFO:📊 [SOL/USDT] 시장 상태 변경: trending -> range_bound (T:3,R:4)
2025-06-21 03:45:00,752 INFO:⚪️ [SOL/USDT] 상태 점검 (시장: range_bound, T:0,R:4) | 롱: 0/7점, 숏: 2/7점
2025-06-21 03:45:01,091 INFO:⚪️ [ETH/USDT] 상태 점검 (시장: range_bound, T:0,R:4) | 롱: 0/7점, 숏: 2/7점
2025-06-21 03:45:01,785 INFO:📊 [DOGE/USDT] 시장 상태 변경: trending -> choppy (T:1,R:2)
2025-06-21 03:46:00,351 INFO:📊 [XRP/USDT] 시장 상태 변경: choppy -> trending (T:3,R:2)
2025-06-21 03:46:00,351 INFO:⚪️ [XRP/USDT] 상태 점검 (시장: trending, T:3,R:2) | 롱: 2/11점, 숏: 0/11점
2025-06-21 03:46:01,741 INFO:📊 [DOGE/USDT] 시장 상태 변경: choppy -> trending (T:3,R:2)
2025-06-21 03:47:00,351 INFO:📊 [XRP/USDT] 시장 상태 변경: trending -> range_bound (T:2,R:4)
2025-06-21 03:47:00,677 INFO:📊 [SOL/USDT] 시장 상태 변경: range_bound -> trending (T:3,R:2)
2025-06-21 03:49:00,341 INFO:📊 [XRP/USDT] 시장 상태 변경: range_bound -> trending (T:3,R:2)
2025-06-21 03:50:00,343 INFO:📊 [XRP/USDT] 시장 상태 변경: trending -> choppy (T:2,R:2)
2025-06-21 03:50:01,725 INFO:📊 [DOGE/USDT] 시장 상태 변경: trending -> choppy (T:2,R:2)
2025-06-21 03:51:00,684 INFO:📊 [SOL/USDT] 시장 상태 변경: trending -> choppy (T:2,R:2)
2025-06-21 03:51:01,792 INFO:📊 [DOGE/USDT] 시장 상태 변경: choppy -> range_bound (T:0,R:4)
2025-06-21 03:52:00,689 INFO:📊 [SOL/USDT] 시장 상태 변경: choppy -> trending (T:3,R:2)
2025-06-21 03:52:01,714 INFO:📊 [DOGE/USDT] 시장 상태 변경: range_bound -> choppy (T:3,R:3)
2025-06-21 03:53:02,125 INFO:📊 [DOGE/USDT] 시장 상태 변경: choppy -> range_bound (T:3,R:4)
2025-06-21 03:55:00,342 INFO:📊 [XRP/USDT] 시장 상태 변경: choppy -> range_bound (T:0,R:3)
2025-06-21 03:55:01,721 INFO:📊 [DOGE/USDT] 시장 상태 변경: range_bound -> choppy (T:1,R:2)
2025-06-21 03:56:00,369 INFO:📊 [XRP/USDT] 시장 상태 변경: range_bound -> choppy (T:0,R:2)
2025-06-21 03:57:00,353 INFO:📊 [XRP/USDT] 시장 상태 변경: choppy -> range_bound (T:1,R:4)
2025-06-21 03:57:00,672 INFO:📊 [SOL/USDT] 시장 상태 변경: trending -> choppy (T:2,R:2)
2025-06-21 03:57:01,706 INFO:📊 [DOGE/USDT] 시장 상태 변경: choppy -> range_bound (T:0,R:4)
2025-06-21 04:00:00,670 INFO:📊 [SOL/USDT] 시장 상태 변경: choppy -> range_bound (T:1,R:4)
2025-06-21 04:00:01,370 INFO:⚪️ [BTC/USDT] 상태 점검 (시장: range_bound, T:1,R:4) | 롱: 0/7점, 숏: 2/7점
2025-06-21 04:01:01,033 INFO:⚪️ [ETH/USDT] 상태 점검 (시장: range_bound, T:1,R:4) | 롱: 0/7점, 숏: 2/7점
2025-06-21 04:01:01,375 INFO:⚪️ [BTC/USDT] 상태 점검 (시장: range_bound, T:1,R:5) | 롱: 2/7점, 숏: 0/7점
2025-06-21 04:02:01,024 INFO:📊 [ETH/USDT] 시장 상태 변경: range_bound -> trending (T:3,R:2)
2025-06-21 04:03:00,339 INFO:📊 [XRP/USDT] 시장 상태 변경: range_bound -> choppy (T:1,R:2)
2025-06-21 04:03:01,037 INFO:📊 [ETH/USDT] 시장 상태 변경: trending -> range_bound (T:3,R:4)
2025-06-21 04:04:01,035 INFO:📊 [ETH/USDT] 시장 상태 변경: range_bound -> trending (T:4,R:2)
2025-06-21 04:05:00,330 INFO:📊 [XRP/USDT] 시장 상태 변경: choppy -> trending (T:4,R:2)
2025-06-21 04:05:00,664 INFO:📊 [SOL/USDT] 시장 상태 변경: range_bound -> choppy (T:1,R:2)
2025-06-21 04:06:01,732 INFO:📊 [DOGE/USDT] 시장 상태 변경: range_bound -> choppy (T:1,R:2)
2025-06-21 04:07:01,744 INFO:📊 [DOGE/USDT] 시장 상태 변경: choppy -> trending (T:3,R:2)
2025-06-21 04:09:00,689 INFO:📊 [SOL/USDT] 시장 상태 변경: choppy -> trending (T:4,R:2)
2025-06-21 04:15:00,331 INFO:⚪️ [XRP/USDT] 상태 점검 (시장: trending, T:5,R:2) | 롱: 0/11점, 숏: 2/11점
2025-06-21 04:15:00,662 INFO:⚪️ [SOL/USDT] 상태 점검 (시장: trending, T:5,R:2) | 롱: 0/11점, 숏: 2/11점
2025-06-21 04:15:01,341 INFO:⚪️ [BTC/USDT] 상태 점검 (시장: range_bound, T:1,R:4) | 롱: 0/7점, 숏: 2/7점
2025-06-21 04:15:01,695 INFO:⚪️ [DOGE/USDT] 상태 점검 (시장: trending, T:5,R:2) | 롱: 0/11점, 숏: 2/11점
2025-06-21 04:24:00,686 INFO:📊 [SOL/USDT] 시장 상태 변경: trending -> choppy (T:2,R:2)
2025-06-21 04:26:00,341 INFO:📊 [XRP/USDT] 시장 상태 변경: trending -> choppy (T:2,R:2)
2025-06-21 04:27:01,771 INFO:📊 [DOGE/USDT] 시장 상태 변경: trending -> choppy (T:2,R:2)
2025-06-21 04:28:00,339 INFO:📊 [XRP/USDT] 시장 상태 변경: choppy -> trending (T:3,R:2)
2025-06-21 04:28:01,027 INFO:📊 [ETH/USDT] 시장 상태 변경: trending -> choppy (T:2,R:2)
2025-06-21 04:29:01,049 INFO:📊 [ETH/USDT] 시장 상태 변경: choppy -> trending (T:3,R:2)
2025-06-21 04:30:00,348 INFO:📊 [XRP/USDT] 시장 상태 변경: trending -> choppy (T:2,R:2)
2025-06-21 04:30:00,682 INFO:📊 [SOL/USDT] 시장 상태 변경: choppy -> range_bound (T:0,R:3)
2025-06-21 04:30:01,751 INFO:📊 [DOGE/USDT] 시장 상태 변경: choppy -> range_bound (T:1,R:3)
2025-06-21 04:30:01,751 INFO:⚪️ [DOGE/USDT] 상태 점검 (시장: range_bound, T:1,R:3) | 롱: 2/7점, 숏: 0/7점
2025-06-21 04:31:00,336 INFO:📊 [XRP/USDT] 시장 상태 변경: choppy -> range_bound (T:2,R:3)
2025-06-21 04:31:00,336 INFO:⚪️ [XRP/USDT] 상태 점검 (시장: range_bound, T:2,R:3) | 롱: 2/7점, 숏: 0/7점
2025-06-21 04:31:00,676 INFO:⚪️ [SOL/USDT] 상태 점검 (시장: range_bound, T:0,R:3) | 롱: 2/7점, 숏: 0/7점
2025-06-21 04:31:00,999 INFO:📊 [ETH/USDT] 시장 상태 변경: trending -> choppy (T:1,R:2)
2025-06-21 04:32:00,336 INFO:📊 [XRP/USDT] 시장 상태 변경: range_bound -> choppy (T:3,R:3)
2025-06-21 04:32:00,651 INFO:📊 [SOL/USDT] 시장 상태 변경: range_bound -> choppy (T:2,R:2)
2025-06-21 04:32:01,708 INFO:📊 [DOGE/USDT] 시장 상태 변경: range_bound -> choppy (T:2,R:2)
2025-06-21 04:33:00,339 INFO:📊 [XRP/USDT] 시장 상태 변경: choppy -> trending (T:3,R:2)
2025-06-21 04:33:00,672 INFO:📊 [SOL/USDT] 시장 상태 변경: choppy -> trending (T:4,R:2)
2025-06-21 04:33:01,001 INFO:📊 [ETH/USDT] 시장 상태 변경: choppy -> trending (T:3,R:2)
2025-06-21 04:34:01,028 INFO:📊 [ETH/USDT] 시장 상태 변경: trending -> choppy (T:2,R:2)
2025-06-21 04:36:01,730 INFO:📊 [DOGE/USDT] 시장 상태 변경: choppy -> trending (T:4,R:2)
2025-06-21 04:37:01,015 INFO:📊 [ETH/USDT] 시장 상태 변경: choppy -> trending (T:4,R:2)
2025-06-21 04:39:01,003 INFO:📊 [ETH/USDT] 시장 상태 변경: trending -> choppy (T:2,R:2)
2025-06-21 04:41:00,344 INFO:📊 [XRP/USDT] 시장 상태 변경: trending -> choppy (T:3,R:3)
2025-06-21 04:42:01,030 INFO:📊 [ETH/USDT] 시장 상태 변경: choppy -> range_bound (T:1,R:3)
2025-06-21 04:45:00,712 INFO:⚪️ [SOL/USDT] 상태 점검 (시장: trending, T:4,R:2) | 롱: 0/11점, 숏: 2/11점
2025-06-21 04:45:01,135 INFO:⚪️ [ETH/USDT] 상태 점검 (시장: range_bound, T:0,R:4) | 롱: 2/7점, 숏: 0/7점
2025-06-21 04:45:01,535 INFO:⚪️ [BTC/USDT] 상태 점검 (시장: range_bound, T:1,R:4) | 롱: 0/7점, 숏: 2/7점
2025-06-21 04:47:01,472 INFO:📊 [BTC/USDT] 시장 상태 변경: range_bound -> choppy (T:1,R:2)
2025-06-21 04:48:00,359 INFO:📊 [XRP/USDT] 시장 상태 변경: choppy -> trending (T:3,R:2)
2025-06-21 04:49:00,351 INFO:📊 [XRP/USDT] 시장 상태 변경: trending -> choppy (T:1,R:2)
2025-06-21 04:49:00,684 INFO:📊 [SOL/USDT] 시장 상태 변경: trending -> choppy (T:3,R:3)
2025-06-21 04:49:01,027 INFO:📊 [ETH/USDT] 시장 상태 변경: range_bound -> choppy (T:2,R:2)
2025-06-21 04:50:00,670 INFO:📊 [SOL/USDT] 시장 상태 변경: choppy -> range_bound (T:2,R:3)
2025-06-21 04:51:00,686 INFO:📊 [SOL/USDT] 시장 상태 변경: range_bound -> choppy (T:0,R:2)
2025-06-21 04:51:01,408 INFO:📊 [BTC/USDT] 시장 상태 변경: choppy -> range_bound (T:0,R:3)
2025-06-21 04:52:00,690 INFO:📊 [SOL/USDT] 시장 상태 변경: choppy -> range_bound (T:0,R:4)
2025-06-21 04:52:01,031 INFO:📊 [ETH/USDT] 시장 상태 변경: choppy -> range_bound (T:0,R:3)
2025-06-21 04:52:01,732 INFO:📊 [DOGE/USDT] 시장 상태 변경: trending -> choppy (T:1,R:2)
2025-06-21 04:53:01,733 INFO:📊 [DOGE/USDT] 시장 상태 변경: choppy -> range_bound (T:1,R:3)
2025-06-21 04:54:01,777 INFO:📊 [DOGE/USDT] 시장 상태 변경: range_bound -> choppy (T:2,R:2)
2025-06-21 04:55:00,339 INFO:📊 [XRP/USDT] 시장 상태 변경: choppy -> range_bound (T:0,R:5)
2025-06-21 04:55:00,682 INFO:📊 [SOL/USDT] 시장 상태 변경: range_bound -> choppy (T:1,R:2)
2025-06-21 04:56:00,676 INFO:📊 [SOL/USDT] 시장 상태 변경: choppy -> trending (T:4,R:2)
2025-06-21 04:56:01,034 INFO:📊 [ETH/USDT] 시장 상태 변경: range_bound -> trending (T:4,R:2)
2025-06-21 04:56:01,381 INFO:📊 [BTC/USDT] 시장 상태 변경: range_bound -> choppy (T:2,R:2)
2025-06-21 04:56:01,727 INFO:📊 [DOGE/USDT] 시장 상태 변경: choppy -> trending (T:4,R:2)
2025-06-21 04:57:00,334 INFO:📊 [XRP/USDT] 시장 상태 변경: range_bound -> choppy (T:1,R:2)
2025-06-21 05:00:00,663 INFO:⚪️ [SOL/USDT] 상태 점검 (시장: trending, T:5,R:2) | 롱: 0/11점, 숏: 2/11점
2025-06-21 05:00:01,027 INFO:⚪️ [ETH/USDT] 상태 점검 (시장: trending, T:3,R:2) | 롱: 0/11점, 숏: 2/11점
2025-06-21 05:01:00,334 INFO:📊 [XRP/USDT] 시장 상태 변경: choppy -> trending (T:3,R:2)
2025-06-21 05:01:00,335 INFO:⚪️ [XRP/USDT] 상태 점검 (시장: trending, T:3,R:2) | 롱: 0/11점, 숏: 2/11점
2025-06-21 05:01:01,010 INFO:📊 [ETH/USDT] 시장 상태 변경: trending -> choppy (T:3,R:3)
2025-06-21 05:02:00,334 INFO:📊 [XRP/USDT] 시장 상태 변경: trending -> choppy (T:2,R:2)
2025-06-21 05:02:01,020 INFO:📊 [ETH/USDT] 시장 상태 변경: choppy -> trending (T:4,R:2)
2025-06-21 05:03:00,346 INFO:📊 [XRP/USDT] 시장 상태 변경: choppy -> range_bound (T:2,R:3)
2025-06-21 05:03:01,382 INFO:📊 [BTC/USDT] 시장 상태 변경: choppy -> range_bound (T:1,R:4)
2025-06-21 05:04:00,331 INFO:📊 [XRP/USDT] 시장 상태 변경: range_bound -> choppy (T:3,R:3)
2025-06-21 05:05:00,331 INFO:📊 [XRP/USDT] 시장 상태 변경: choppy -> trending (T:3,R:2)
2025-06-21 05:06:01,370 INFO:📊 [BTC/USDT] 시장 상태 변경: range_bound -> choppy (T:1,R:2)
2025-06-21 05:08:01,385 INFO:📊 [BTC/USDT] 시장 상태 변경: choppy -> trending (T:4,R:2)
2025-06-21 05:10:01,395 INFO:📊 [BTC/USDT] 시장 상태 변경: trending -> choppy (T:2,R:2)
2025-06-21 05:12:01,391 INFO:📊 [BTC/USDT] 시장 상태 변경: choppy -> trending (T:3,R:2)
2025-06-21 05:15:00,708 INFO:⚪️ [SOL/USDT] 상태 점검 (시장: trending, T:5,R:2) | 롱: 2/11점, 숏: 0/11점
2025-06-21 05:15:01,115 INFO:⚪️ [ETH/USDT] 상태 점검 (시장: trending, T:5,R:2) | 롱: 2/11점, 숏: 0/11점
2025-06-21 05:15:01,439 INFO:⚪️ [BTC/USDT] 상태 점검 (시장: trending, T:4,R:2) | 롱: 0/11점, 숏: 2/11점
2025-06-21 05:15:01,784 INFO:⚪️ [DOGE/USDT] 상태 점검 (시장: trending, T:5,R:2) | 롱: 2/11점, 숏: 0/11점
2025-06-21 05:16:00,351 INFO:⚪️ [XRP/USDT] 상태 점검 (시장: trending, T:5,R:2) | 롱: 2/11점, 숏: 0/11점
2025-06-21 05:16:00,684 INFO:⚪️ [SOL/USDT] 상태 점검 (시장: trending, T:5,R:2) | 롱: 2/11점, 숏: 0/11점
2025-06-21 05:16:01,379 INFO:📊 [BTC/USDT] 시장 상태 변경: trending -> choppy (T:1,R:2)
2025-06-21 05:17:01,386 INFO:📊 [BTC/USDT] 시장 상태 변경: choppy -> trending (T:4,R:2)
2025-06-21 05:20:01,392 INFO:📊 [BTC/USDT] 시장 상태 변경: trending -> choppy (T:1,R:2)
2025-06-21 05:23:01,456 INFO:📊 [BTC/USDT] 시장 상태 변경: choppy -> range_bound (T:0,R:4)
2025-06-21 05:26:01,035 INFO:📊 [ETH/USDT] 시장 상태 변경: trending -> choppy (T:2,R:2)
2025-06-21 05:27:01,026 INFO:📊 [ETH/USDT] 시장 상태 변경: choppy -> trending (T:5,R:2)
2025-06-21 05:30:01,035 INFO:⚪️ [ETH/USDT] 상태 점검 (시장: trending, T:3,R:2) | 롱: 2/11점, 숏: 0/11점
2025-06-21 05:30:01,730 INFO:⚪️ [DOGE/USDT] 상태 점검 (시장: trending, T:5,R:2) | 롱: 2/11점, 숏: 0/11점
2025-06-21 05:31:01,021 INFO:⚪️ [ETH/USDT] 상태 점검 (시장: trending, T:3,R:2) | 롱: 0/11점, 숏: 2/11점
2025-06-21 05:32:01,370 INFO:📊 [BTC/USDT] 시장 상태 변경: range_bound -> choppy (T:1,R:2)
2025-06-21 05:35:00,337 INFO:📊 [XRP/USDT] 시장 상태 변경: trending -> choppy (T:2,R:2)
2025-06-21 05:37:00,343 INFO:📊 [XRP/USDT] 시장 상태 변경: choppy -> range_bound (T:2,R:3)
2025-06-21 05:38:00,440 INFO:📊 [XRP/USDT] 시장 상태 변경: range_bound -> trending (T:3,R:2)
2025-06-21 05:41:00,338 INFO:📊 [XRP/USDT] 시장 상태 변경: trending -> range_bound (T:2,R:3)
2025-06-21 05:41:01,020 INFO:📊 [ETH/USDT] 시장 상태 변경: trending -> range_bound (T:2,R:3)
2025-06-21 05:42:01,051 INFO:📊 [ETH/USDT] 시장 상태 변경: range_bound -> choppy (T:1,R:2)
2025-06-21 05:45:00,334 INFO:⚪️ [XRP/USDT] 상태 점검 (시장: range_bound, T:2,R:3) | 롱: 2/7점, 숏: 0/7점
2025-06-21 05:45:00,685 INFO:⚪️ [SOL/USDT] 상태 점검 (시장: trending, T:4,R:2) | 롱: 0/11점, 숏: 2/11점
2025-06-21 05:45:01,741 INFO:⚪️ [DOGE/USDT] 상태 점검 (시장: trending, T:5,R:2) | 롱: 2/11점, 숏: 0/11점
2025-06-21 05:46:00,684 INFO:⚪️ [SOL/USDT] 상태 점검 (시장: trending, T:5,R:2) | 롱: 2/11점, 숏: 0/11점
2025-06-21 05:47:00,348 INFO:📊 [XRP/USDT] 시장 상태 변경: range_bound -> choppy (T:2,R:2)
2025-06-21 05:47:01,381 INFO:📊 [BTC/USDT] 시장 상태 변경: choppy -> trending (T:3,R:2)
2025-06-21 05:47:01,724 INFO:📊 [DOGE/USDT] 시장 상태 변경: trending -> choppy (T:2,R:2)
2025-06-21 05:48:01,382 INFO:📊 [BTC/USDT] 시장 상태 변경: trending -> range_bound (T:1,R:3)
2025-06-21 05:49:00,694 INFO:📊 [SOL/USDT] 시장 상태 변경: trending -> choppy (T:2,R:2)
2025-06-21 05:49:01,037 INFO:📊 [ETH/USDT] 시장 상태 변경: choppy -> range_bound (T:1,R:3)
2025-06-21 05:49:01,382 INFO:📊 [BTC/USDT] 시장 상태 변경: range_bound -> choppy (T:1,R:2)
2025-06-21 05:50:00,330 INFO:📊 [XRP/USDT] 시장 상태 변경: choppy -> trending (T:4,R:2)
2025-06-21 05:50:01,364 INFO:📊 [BTC/USDT] 시장 상태 변경: choppy -> range_bound (T:1,R:3)
2025-06-21 05:51:00,681 INFO:📊 [SOL/USDT] 시장 상태 변경: choppy -> range_bound (T:2,R:3)
2025-06-21 05:51:01,373 INFO:📊 [BTC/USDT] 시장 상태 변경: range_bound -> choppy (T:2,R:2)
2025-06-21 05:52:00,668 INFO:📊 [SOL/USDT] 시장 상태 변경: range_bound -> choppy (T:2,R:2)
2025-06-21 05:53:00,687 INFO:📊 [SOL/USDT] 시장 상태 변경: choppy -> range_bound (T:2,R:3)
2025-06-21 05:53:01,363 INFO:📊 [BTC/USDT] 시장 상태 변경: choppy -> trending (T:3,R:2)
2025-06-21 05:54:00,337 INFO:📊 [XRP/USDT] 시장 상태 변경: trending -> range_bound (T:0,R:4)
2025-06-21 05:55:00,334 INFO:📊 [XRP/USDT] 시장 상태 변경: range_bound -> choppy (T:1,R:2)
2025-06-21 05:55:00,675 INFO:📊 [SOL/USDT] 시장 상태 변경: range_bound -> trending (T:3,R:2)
2025-06-21 05:55:01,026 INFO:📊 [ETH/USDT] 시장 상태 변경: range_bound -> choppy (T:2,R:2)
2025-06-21 05:55:01,386 INFO:📊 [BTC/USDT] 시장 상태 변경: trending -> choppy (T:2,R:2)
2025-06-21 05:56:00,327 INFO:📊 [XRP/USDT] 시장 상태 변경: choppy -> trending (T:3,R:2)
2025-06-21 05:56:01,360 INFO:📊 [BTC/USDT] 시장 상태 변경: choppy -> trending (T:3,R:2)
2025-06-21 05:56:01,700 INFO:📊 [DOGE/USDT] 시장 상태 변경: choppy -> trending (T:3,R:2)
2025-06-21 05:57:00,343 INFO:📊 [XRP/USDT] 시장 상태 변경: trending -> range_bound (T:3,R:4)
2025-06-21 05:57:01,696 INFO:📊 [DOGE/USDT] 시장 상태 변경: trending -> choppy (T:1,R:2)
2025-06-21 05:58:01,391 INFO:📊 [BTC/USDT] 시장 상태 변경: trending -> choppy (T:2,R:2)
2025-06-21 05:58:01,734 INFO:📊 [DOGE/USDT] 시장 상태 변경: choppy -> range_bound (T:1,R:4)
2025-06-21 05:59:00,340 INFO:📊 [XRP/USDT] 시장 상태 변경: range_bound -> choppy (T:1,R:2)
2025-06-21 05:59:01,370 INFO:📊 [BTC/USDT] 시장 상태 변경: choppy -> trending (T:3,R:2)
2025-06-21 06:00:00,722 INFO:📊 [SOL/USDT] 시장 상태 변경: trending -> choppy (T:2,R:2)
2025-06-21 06:00:01,049 INFO:📊 [ETH/USDT] 시장 상태 변경: choppy -> range_bound (T:1,R:4)
2025-06-21 06:00:01,049 INFO:⚪️ [ETH/USDT] 상태 점검 (시장: range_bound, T:1,R:4) | 롱: 0/7점, 숏: 2/7점
2025-06-21 06:00:01,441 INFO:⚪️ [BTC/USDT] 상태 점검 (시장: trending, T:3,R:2) | 롱: 2/11점, 숏: 0/11점
2025-06-21 06:01:01,019 INFO:📊 [ETH/USDT] 시장 상태 변경: range_bound -> choppy (T:1,R:2)
2025-06-21 06:01:01,380 INFO:📊 [BTC/USDT] 시장 상태 변경: trending -> choppy (T:1,R:2)
2025-06-21 06:02:00,345 INFO:📊 [XRP/USDT] 시장 상태 변경: choppy -> trending (T:4,R:2)
2025-06-21 06:02:00,674 INFO:📊 [SOL/USDT] 시장 상태 변경: choppy -> trending (T:4,R:2)
2025-06-21 06:02:01,374 INFO:📊 [BTC/USDT] 시장 상태 변경: choppy -> range_bound (T:1,R:3)
2025-06-21 06:03:01,016 INFO:📊 [ETH/USDT] 시장 상태 변경: choppy -> trending (T:4,R:2)
2025-06-21 06:04:01,350 INFO:📊 [BTC/USDT] 시장 상태 변경: range_bound -> choppy (T:2,R:2)
2025-06-21 06:04:01,712 INFO:📊 [DOGE/USDT] 시장 상태 변경: range_bound -> trending (T:3,R:2)
2025-06-21 06:06:01,364 INFO:📊 [BTC/USDT] 시장 상태 변경: choppy -> trending (T:3,R:2)
2025-06-21 06:08:01,590 INFO:📊 [BTC/USDT] 시장 상태 변경: trending -> choppy (T:2,R:2)
2025-06-21 06:14:00,687 INFO:📊 [SOL/USDT] 시장 상태 변경: trending -> choppy (T:2,R:2)
2025-06-21 06:15:00,686 INFO:📊 [SOL/USDT] 시장 상태 변경: choppy -> range_bound (T:2,R:3)
2025-06-21 06:15:01,013 INFO:⚪️ [ETH/USDT] 상태 점검 (시장: trending, T:5,R:2) | 롱: 0/11점, 숏: 2/11점
2025-06-21 06:15:01,729 INFO:⚪️ [DOGE/USDT] 상태 점검 (시장: trending, T:4,R:2) | 롱: 0/11점, 숏: 2/11점
2025-06-21 06:16:00,346 INFO:⚪️ [XRP/USDT] 상태 점검 (시장: trending, T:4,R:2) | 롱: 2/11점, 숏: 0/11점
2025-06-21 06:16:00,679 INFO:📊 [SOL/USDT] 시장 상태 변경: range_bound -> choppy (T:0,R:2)
2025-06-21 06:16:01,437 INFO:📊 [BTC/USDT] 시장 상태 변경: choppy -> range_bound (T:0,R:4)
2025-06-21 06:16:01,747 INFO:⚪️ [DOGE/USDT] 상태 점검 (시장: trending, T:4,R:2) | 롱: 2/11점, 숏: 0/11점
2025-06-21 06:17:00,697 INFO:📊 [SOL/USDT] 시장 상태 변경: choppy -> range_bound (T:0,R:3)
2025-06-21 06:26:00,701 INFO:📊 [SOL/USDT] 시장 상태 변경: range_bound -> trending (T:4,R:2)
2025-06-21 06:30:00,329 INFO:⚪️ [XRP/USDT] 상태 점검 (시장: trending, T:5,R:2) | 롱: 0/11점, 숏: 2/11점
2025-06-21 06:30:01,448 INFO:⚪️ [BTC/USDT] 상태 점검 (시장: range_bound, T:1,R:4) | 롱: 0/7점, 숏: 2/7점
2025-06-21 06:30:01,775 INFO:⚪️ [DOGE/USDT] 상태 점검 (시장: trending, T:5,R:2) | 롱: 0/11점, 숏: 2/11점
2025-06-21 06:31:00,340 INFO:⚪️ [XRP/USDT] 상태 점검 (시장: trending, T:5,R:2) | 롱: 0/11점, 숏: 2/11점
2025-06-21 06:31:00,665 INFO:⚪️ [SOL/USDT] 상태 점검 (시장: trending, T:5,R:2) | 롱: 2/11점, 숏: 0/11점
2025-06-21 06:31:01,010 INFO:⚪️ [ETH/USDT] 상태 점검 (시장: trending, T:5,R:2) | 롱: 0/11점, 숏: 2/11점
2025-06-21 06:31:01,381 INFO:⚪️ [BTC/USDT] 상태 점검 (시장: range_bound, T:1,R:4) | 롱: 0/7점, 숏: 2/7점
2025-06-21 06:33:01,026 INFO:📊 [ETH/USDT] 시장 상태 변경: trending -> range_bound (T:2,R:3)
2025-06-21 06:33:01,858 INFO:📊 [DOGE/USDT] 시장 상태 변경: trending -> choppy (T:2,R:2)
2025-06-21 06:34:00,343 INFO:📊 [XRP/USDT] 시장 상태 변경: trending -> range_bound (T:2,R:3)
2025-06-21 06:34:01,018 INFO:📊 [ETH/USDT] 시장 상태 변경: range_bound -> choppy (T:2,R:2)
2025-06-21 06:35:01,758 INFO:📊 [DOGE/USDT] 시장 상태 변경: choppy -> range_bound (T:2,R:3)
2025-06-21 06:36:00,345 INFO:📊 [XRP/USDT] 시장 상태 변경: range_bound -> choppy (T:1,R:2)
2025-06-21 06:36:00,701 INFO:📊 [SOL/USDT] 시장 상태 변경: trending -> choppy (T:1,R:2)
2025-06-21 06:36:01,030 INFO:📊 [ETH/USDT] 시장 상태 변경: choppy -> range_bound (T:1,R:3)
2025-06-21 06:36:01,732 INFO:📊 [DOGE/USDT] 시장 상태 변경: range_bound -> choppy (T:1,R:2)
2025-06-21 06:37:00,341 INFO:📊 [XRP/USDT] 시장 상태 변경: choppy -> range_bound (T:1,R:3)
2025-06-21 06:37:01,036 INFO:📊 [ETH/USDT] 시장 상태 변경: range_bound -> choppy (T:2,R:2)
2025-06-21 06:37:01,784 INFO:📊 [DOGE/USDT] 시장 상태 변경: choppy -> range_bound (T:1,R:3)
2025-06-21 06:40:00,699 INFO:📊 [SOL/USDT] 시장 상태 변경: choppy -> range_bound (T:1,R:3)
2025-06-21 06:41:00,685 INFO:📊 [SOL/USDT] 시장 상태 변경: range_bound -> choppy (T:2,R:2)
2025-06-21 06:43:01,041 INFO:📊 [ETH/USDT] 시장 상태 변경: choppy -> range_bound (T:3,R:4)
2025-06-21 06:44:01,100 INFO:📊 [ETH/USDT] 시장 상태 변경: range_bound -> trending (T:3,R:2)
2025-06-21 06:45:00,679 INFO:📊 [SOL/USDT] 시장 상태 변경: choppy -> range_bound (T:1,R:3)
2025-06-21 06:45:00,679 INFO:⚪️ [SOL/USDT] 상태 점검 (시장: range_bound, T:1,R:3) | 롱: 0/7점, 숏: 2/7점
2025-06-21 06:45:01,022 INFO:⚪️ [ETH/USDT] 상태 점검 (시장: trending, T:3,R:2) | 롱: 0/11점, 숏: 2/11점
2025-06-21 06:45:01,348 INFO:⚪️ [BTC/USDT] 상태 점검 (시장: range_bound, T:1,R:4) | 롱: 0/7점, 숏: 2/7점
2025-06-21 06:45:01,711 INFO:⚪️ [DOGE/USDT] 상태 점검 (시장: range_bound, T:0,R:5) | 롱: 0/7점, 숏: 2/7점
2025-06-21 06:46:00,353 INFO:⚪️ [XRP/USDT] 상태 점검 (시장: range_bound, T:1,R:4) | 롱: 0/7점, 숏: 2/7점
2025-06-21 06:46:00,693 INFO:📊 [SOL/USDT] 시장 상태 변경: range_bound -> choppy (T:1,R:2)
2025-06-21 06:46:01,396 INFO:⚪️ [BTC/USDT] 상태 점검 (시장: range_bound, T:1,R:4) | 롱: 2/7점, 숏: 0/7점
2025-06-21 06:47:00,690 INFO:📊 [SOL/USDT] 시장 상태 변경: choppy -> range_bound (T:2,R:3)
2025-06-21 06:48:00,696 INFO:📊 [SOL/USDT] 시장 상태 변경: range_bound -> choppy (T:2,R:2)
2025-06-21 06:48:01,394 INFO:📊 [BTC/USDT] 시장 상태 변경: range_bound -> choppy (T:1,R:2)
2025-06-21 06:49:04,558 INFO:📊 [BTC/USDT] 시장 상태 변경: choppy -> range_bound (T:0,R:4)
2025-06-21 06:51:01,096 INFO:📊 [ETH/USDT] 시장 상태 변경: trending -> choppy (T:1,R:2)
2025-06-21 06:52:01,112 INFO:📊 [ETH/USDT] 시장 상태 변경: choppy -> range_bound (T:1,R:3)
2025-06-21 06:53:00,343 INFO:📊 [XRP/USDT] 시장 상태 변경: range_bound -> choppy (T:1,R:2)
2025-06-21 06:53:01,698 INFO:📊 [DOGE/USDT] 시장 상태 변경: range_bound -> choppy (T:1,R:2)
2025-06-21 06:56:00,692 INFO:📊 [SOL/USDT] 시장 상태 변경: choppy -> trending (T:4,R:2)
2025-06-21 06:56:01,724 INFO:📊 [DOGE/USDT] 시장 상태 변경: choppy -> trending (T:4,R:2)
2025-06-21 06:57:00,342 INFO:📊 [XRP/USDT] 시장 상태 변경: choppy -> range_bound (T:0,R:4)
2025-06-21 06:59:00,885 INFO:📊 [SOL/USDT] 시장 상태 변경: trending -> range_bound (T:3,R:4)
2025-06-21 07:00:00,332 INFO:📊 [XRP/USDT] 시장 상태 변경: range_bound -> trending (T:4,R:2)
2025-06-21 07:00:00,332 INFO:⚪️ [XRP/USDT] 상태 점검 (시장: trending, T:4,R:2) | 롱: 0/11점, 숏: 2/11점
2025-06-21 07:00:00,681 INFO:📊 [SOL/USDT] 시장 상태 변경: range_bound -> trending (T:3,R:2)
2025-06-21 07:00:00,681 INFO:⚪️ [SOL/USDT] 상태 점검 (시장: trending, T:3,R:2) | 롱: 0/11점, 숏: 2/11점
2025-06-21 07:00:01,407 INFO:⚪️ [BTC/USDT] 상태 점검 (시장: range_bound, T:1,R:4) | 롱: 0/7점, 숏: 2/7점
2025-06-21 07:00:01,742 INFO:⚪️ [DOGE/USDT] 상태 점검 (시장: trending, T:5,R:2) | 롱: 0/11점, 숏: 2/11점
2025-06-21 07:01:00,703 INFO:⚪️ [SOL/USDT] 상태 점검 (시장: trending, T:3,R:2) | 롱: 0/11점, 숏: 2/11점
2025-06-21 07:01:01,120 INFO:⚪️ [ETH/USDT] 상태 점검 (시장: range_bound, T:3,R:4) | 롱: 0/7점, 숏: 2/7점
2025-06-21 07:01:01,857 INFO:⚪️ [DOGE/USDT] 상태 점검 (시장: trending, T:5,R:2) | 롱: 0/11점, 숏: 2/11점
2025-06-21 07:05:01,035 INFO:📊 [ETH/USDT] 시장 상태 변경: range_bound -> trending (T:3,R:2)
2025-06-21 07:06:01,387 INFO:📊 [BTC/USDT] 시장 상태 변경: range_bound -> choppy (T:2,R:2)
2025-06-21 07:08:01,396 INFO:📊 [BTC/USDT] 시장 상태 변경: choppy -> trending (T:5,R:2)
2025-06-21 07:15:01,096 INFO:⚪️ [ETH/USDT] 상태 점검 (시장: trending, T:5,R:2) | 롱: 0/11점, 숏: 2/11점
2025-06-21 07:16:00,339 INFO:⚪️ [XRP/USDT] 상태 점검 (시장: trending, T:5,R:2) | 롱: 0/11점, 숏: 2/11점
2025-06-21 07:16:00,665 INFO:⚪️ [SOL/USDT] 상태 점검 (시장: trending, T:5,R:2) | 롱: 0/11점, 숏: 2/11점
2025-06-21 07:16:01,024 INFO:⚪️ [ETH/USDT] 상태 점검 (시장: trending, T:5,R:2) | 롱: 0/11점, 숏: 2/11점
2025-06-21 07:17:00,340 INFO:📊 [XRP/USDT] 시장 상태 변경: trending -> choppy (T:2,R:2)
2025-06-21 07:17:01,382 INFO:📊 [BTC/USDT] 시장 상태 변경: trending -> choppy (T:2,R:2)
2025-06-21 07:18:00,337 INFO:📊 [XRP/USDT] 시장 상태 변경: choppy -> trending (T:3,R:2)
2025-06-21 07:18:01,437 INFO:📊 [BTC/USDT] 시장 상태 변경: choppy -> trending (T:3,R:2)
2025-06-21 07:21:00,346 INFO:📊 [XRP/USDT] 시장 상태 변경: trending -> choppy (T:2,R:2)
2025-06-21 07:22:01,513 INFO:📊 [BTC/USDT] 시장 상태 변경: trending -> choppy (T:2,R:2)
2025-06-21 07:23:00,335 INFO:📊 [XRP/USDT] 시장 상태 변경: choppy -> range_bound (T:2,R:3)
2025-06-21 07:24:00,344 INFO:📊 [XRP/USDT] 시장 상태 변경: range_bound -> choppy (T:2,R:2)
2025-06-21 07:25:00,351 INFO:📊 [XRP/USDT] 시장 상태 변경: choppy -> trending (T:3,R:2)
2025-06-21 07:26:01,394 INFO:📊 [BTC/USDT] 시장 상태 변경: choppy -> trending (T:3,R:2)
2025-06-21 07:28:00,356 INFO:📊 [XRP/USDT] 시장 상태 변경: trending -> choppy (T:2,R:2)
2025-06-21 07:30:00,345 INFO:📊 [XRP/USDT] 시장 상태 변경: choppy -> trending (T:3,R:2)
2025-06-21 07:30:00,345 INFO:⚪️ [XRP/USDT] 상태 점검 (시장: trending, T:3,R:2) | 롱: 0/11점, 숏: 2/11점
2025-06-21 07:30:00,689 INFO:⚪️ [SOL/USDT] 상태 점검 (시장: trending, T:5,R:2) | 롱: 0/11점, 숏: 2/11점
2025-06-21 07:30:01,035 INFO:⚪️ [ETH/USDT] 상태 점검 (시장: trending, T:5,R:2) | 롱: 0/11점, 숏: 2/11점
2025-06-21 07:30:01,749 INFO:⚪️ [DOGE/USDT] 상태 점검 (시장: trending, T:3,R:2) | 롱: 0/11점, 숏: 2/11점
2025-06-21 07:31:00,353 INFO:⚪️ [XRP/USDT] 상태 점검 (시장: trending, T:3,R:2) | 롱: 0/11점, 숏: 2/11점
2025-06-21 07:31:01,033 INFO:⚪️ [ETH/USDT] 상태 점검 (시장: trending, T:5,R:2) | 롱: 0/11점, 숏: 2/11점
2025-06-21 07:31:01,356 INFO:⚪️ [BTC/USDT] 상태 점검 (시장: trending, T:3,R:2) | 롱: 0/11점, 숏: 2/11점
2025-06-21 07:32:00,339 INFO:📊 [XRP/USDT] 시장 상태 변경: trending -> choppy (T:2,R:2)
2025-06-21 07:32:01,014 INFO:📊 [ETH/USDT] 시장 상태 변경: trending -> choppy (T:2,R:2)
2025-06-21 07:32:01,335 INFO:📊 [BTC/USDT] 시장 상태 변경: trending -> choppy (T:2,R:2)
2025-06-21 07:32:01,680 INFO:📊 [DOGE/USDT] 시장 상태 변경: trending -> choppy (T:2,R:2)
2025-06-21 07:33:01,742 INFO:📊 [DOGE/USDT] 시장 상태 변경: choppy -> range_bound (T:1,R:3)
2025-06-21 07:34:00,339 INFO:📊 [XRP/USDT] 시장 상태 변경: choppy -> range_bound (T:2,R:3)
2025-06-21 07:34:01,397 INFO:📊 [BTC/USDT] 시장 상태 변경: choppy -> range_bound (T:2,R:3)
2025-06-21 07:35:01,476 INFO:📊 [BTC/USDT] 시장 상태 변경: range_bound -> choppy (T:2,R:2)
2025-06-21 07:36:00,667 INFO:📊 [SOL/USDT] 시장 상태 변경: trending -> choppy (T:2,R:2)
2025-06-21 07:36:01,367 INFO:📊 [BTC/USDT] 시장 상태 변경: choppy -> range_bound (T:2,R:3)
2025-06-21 07:36:01,702 INFO:📊 [DOGE/USDT] 시장 상태 변경: range_bound -> choppy (T:2,R:2)
2025-06-21 07:38:00,664 INFO:📊 [SOL/USDT] 시장 상태 변경: choppy -> trending (T:3,R:2)
2025-06-21 07:38:01,028 INFO:📊 [ETH/USDT] 시장 상태 변경: choppy -> range_bound (T:2,R:3)
2025-06-21 07:38:01,377 INFO:📊 [BTC/USDT] 시장 상태 변경: range_bound -> choppy (T:3,R:3)
2025-06-21 07:38:01,696 INFO:📊 [DOGE/USDT] 시장 상태 변경: choppy -> range_bound (T:1,R:3)
2025-06-21 07:39:01,182 INFO:📊 [ETH/USDT] 시장 상태 변경: range_bound -> trending (T:3,R:2)
2025-06-21 07:39:01,515 INFO:📊 [BTC/USDT] 시장 상태 변경: choppy -> trending (T:3,R:2)
2025-06-21 07:40:00,343 INFO:📊 [XRP/USDT] 시장 상태 변경: range_bound -> choppy (T:2,R:2)
2025-06-21 07:40:01,718 INFO:📊 [DOGE/USDT] 시장 상태 변경: range_bound -> choppy (T:2,R:2)
2025-06-21 07:43:01,819 INFO:📊 [DOGE/USDT] 시장 상태 변경: choppy -> trending (T:5,R:2)
2025-06-21 07:44:00,350 INFO:📊 [XRP/USDT] 시장 상태 변경: choppy -> trending (T:3,R:2)
2025-06-21 07:44:00,681 INFO:📊 [SOL/USDT] 시장 상태 변경: trending -> choppy (T:2,R:2)
2025-06-21 07:45:00,352 INFO:📊 [XRP/USDT] 시장 상태 변경: trending -> choppy (T:2,R:2)
2025-06-21 07:45:01,050 INFO:⚪️ [ETH/USDT] 상태 점검 (시장: trending, T:4,R:2) | 롱: 0/11점, 숏: 2/11점
2025-06-21 07:45:01,384 INFO:📊 [BTC/USDT] 시장 상태 변경: trending -> choppy (T:2,R:2)
2025-06-21 07:45:01,711 INFO:⚪️ [DOGE/USDT] 상태 점검 (시장: trending, T:4,R:2) | 롱: 0/11점, 숏: 2/11점
2025-06-21 07:46:00,333 INFO:📊 [XRP/USDT] 시장 상태 변경: choppy -> trending (T:5,R:2)
2025-06-21 07:46:00,334 INFO:⚪️ [XRP/USDT] 상태 점검 (시장: trending, T:5,R:2) | 롱: 0/11점, 숏: 2/11점
2025-06-21 07:46:00,739 INFO:📊 [SOL/USDT] 시장 상태 변경: choppy -> trending (T:3,R:2)
2025-06-21 07:46:01,070 INFO:⚪️ [ETH/USDT] 상태 점검 (시장: trending, T:5,R:2) | 롱: 0/11점, 숏: 2/11점
2025-06-21 07:46:01,398 INFO:📊 [BTC/USDT] 시장 상태 변경: choppy -> trending (T:3,R:2)
2025-06-21 07:46:01,398 INFO:⚪️ [BTC/USDT] 상태 점검 (시장: trending, T:3,R:2) | 롱: 0/11점, 숏: 2/11점
2025-06-21 07:51:00,684 INFO:📊 [SOL/USDT] 시장 상태 변경: trending -> choppy (T:2,R:2)
2025-06-21 07:52:00,697 INFO:📊 [SOL/USDT] 시장 상태 변경: choppy -> range_bound (T:2,R:3)
2025-06-21 07:52:01,389 INFO:📊 [BTC/USDT] 시장 상태 변경: trending -> choppy (T:2,R:2)
2025-06-21 07:52:01,723 INFO:📊 [DOGE/USDT] 시장 상태 변경: trending -> choppy (T:1,R:2)
2025-06-21 07:53:00,696 INFO:📊 [SOL/USDT] 시장 상태 변경: range_bound -> choppy (T:2,R:2)
2025-06-21 07:54:01,565 INFO:📊 [BTC/USDT] 시장 상태 변경: choppy -> trending (T:3,R:2)
2025-06-21 07:56:00,673 INFO:📊 [SOL/USDT] 시장 상태 변경: choppy -> range_bound (T:2,R:3)
2025-06-21 07:56:01,409 INFO:📊 [BTC/USDT] 시장 상태 변경: trending -> choppy (T:2,R:2)
2025-06-21 07:57:01,794 INFO:📊 [DOGE/USDT] 시장 상태 변경: choppy -> range_bound (T:1,R:4)
2025-06-21 07:59:00,698 INFO:📊 [SOL/USDT] 시장 상태 변경: range_bound -> choppy (T:1,R:2)
2025-06-21 08:01:00,341 INFO:📊 [XRP/USDT] 시장 상태 변경: trending -> choppy (T:2,R:2)
2025-06-21 08:01:01,024 INFO:⚪️ [ETH/USDT] 상태 점검 (시장: trending, T:4,R:2) | 롱: 2/11점, 숏: 0/11점
2025-06-21 08:01:01,345 INFO:📊 [BTC/USDT] 시장 상태 변경: choppy -> range_bound (T:2,R:3)
2025-06-21 08:01:01,345 INFO:⚪️ [BTC/USDT] 상태 점검 (시장: range_bound, T:2,R:3) | 롱: 0/7점, 숏: 2/7점
2025-06-21 08:02:00,685 INFO:📊 [SOL/USDT] 시장 상태 변경: choppy -> range_bound (T:1,R:3)
2025-06-21 08:02:01,387 INFO:📊 [BTC/USDT] 시장 상태 변경: range_bound -> choppy (T:3,R:3)
2025-06-21 08:03:00,340 INFO:📊 [XRP/USDT] 시장 상태 변경: choppy -> trending (T:3,R:2)
2025-06-21 08:03:01,447 INFO:📊 [BTC/USDT] 시장 상태 변경: choppy -> trending (T:3,R:2)
2025-06-21 08:04:00,665 INFO:📊 [SOL/USDT] 시장 상태 변경: range_bound -> choppy (T:1,R:2)
2025-06-21 08:06:00,328 INFO:📊 [XRP/USDT] 시장 상태 변경: trending -> choppy (T:2,R:2)
2025-06-21 08:06:00,685 INFO:📊 [SOL/USDT] 시장 상태 변경: choppy -> range_bound (T:0,R:4)
2025-06-21 08:07:01,096 INFO:📊 [ETH/USDT] 시장 상태 변경: trending -> choppy (T:2,R:2)
2025-06-21 08:07:01,495 INFO:📊 [BTC/USDT] 시장 상태 변경: trending -> range_bound (T:2,R:3)
2025-06-21 08:09:00,359 INFO:📊 [XRP/USDT] 시장 상태 변경: choppy -> range_bound (T:2,R:3)
2025-06-21 08:10:00,341 INFO:📊 [XRP/USDT] 시장 상태 변경: range_bound -> trending (T:3,R:2)
2025-06-21 08:11:00,334 INFO:📊 [XRP/USDT] 시장 상태 변경: trending -> choppy (T:2,R:2)
2025-06-21 08:11:01,033 INFO:📊 [ETH/USDT] 시장 상태 변경: choppy -> trending (T:3,R:2)
2025-06-21 08:12:00,333 INFO:📊 [XRP/USDT] 시장 상태 변경: choppy -> range_bound (T:1,R:3)
2025-06-21 08:12:01,034 INFO:📊 [ETH/USDT] 시장 상태 변경: trending -> choppy (T:2,R:2)
2025-06-21 08:12:01,378 INFO:📊 [BTC/USDT] 시장 상태 변경: range_bound -> choppy (T:0,R:2)
2025-06-21 08:14:00,345 INFO:📊 [XRP/USDT] 시장 상태 변경: range_bound -> choppy (T:0,R:2)
2025-06-21 08:14:01,364 INFO:📊 [BTC/USDT] 시장 상태 변경: choppy -> range_bound (T:0,R:4)
2025-06-21 08:15:01,384 INFO:📊 [BTC/USDT] 시장 상태 변경: range_bound -> choppy (T:1,R:2)
2025-06-21 08:15:01,724 INFO:⚪️ [DOGE/USDT] 상태 점검 (시장: range_bound, T:1,R:4) | 롱: 2/7점, 숏: 0/7점
2025-06-21 08:16:00,680 INFO:⚪️ [SOL/USDT] 상태 점검 (시장: range_bound, T:0,R:4) | 롱: 2/7점, 숏: 0/7점
2025-06-21 08:17:00,355 INFO:📊 [XRP/USDT] 시장 상태 변경: choppy -> range_bound (T:1,R:3)
2025-06-21 08:17:01,369 INFO:📊 [BTC/USDT] 시장 상태 변경: choppy -> range_bound (T:1,R:5)
2025-06-21 08:19:01,063 INFO:📊 [ETH/USDT] 시장 상태 변경: choppy -> range_bound (T:1,R:3)
2025-06-21 08:26:01,034 INFO:📊 [ETH/USDT] 시장 상태 변경: range_bound -> trending (T:3,R:2)
2025-06-21 08:30:00,342 INFO:⚪️ [XRP/USDT] 상태 점검 (시장: range_bound, T:1,R:4) | 롱: 2/7점, 숏: 0/7점
2025-06-21 08:30:01,025 INFO:⚪️ [ETH/USDT] 상태 점검 (시장: trending, T:4,R:2) | 롱: 2/11점, 숏: 0/11점
2025-06-21 08:30:01,366 INFO:⚪️ [BTC/USDT] 상태 점검 (시장: range_bound, T:1,R:4) | 롱: 2/7점, 숏: 0/7점
2025-06-21 08:30:01,712 INFO:⚪️ [DOGE/USDT] 상태 점검 (시장: range_bound, T:1,R:4) | 롱: 2/7점, 숏: 0/7점
2025-06-21 08:31:00,338 INFO:📊 [XRP/USDT] 시장 상태 변경: range_bound -> trending (T:3,R:2)
2025-06-21 08:32:01,732 INFO:📊 [DOGE/USDT] 시장 상태 변경: range_bound -> trending (T:3,R:2)
2025-06-21 08:33:01,379 INFO:📊 [BTC/USDT] 시장 상태 변경: range_bound -> choppy (T:1,R:2)
2025-06-21 08:37:00,667 INFO:📊 [SOL/USDT] 시장 상태 변경: range_bound -> trending (T:3,R:2)
2025-06-21 08:45:00,688 INFO:⚪️ [SOL/USDT] 상태 점검 (시장: trending, T:5,R:2) | 롱: 2/11점, 숏: 0/11점
2025-06-21 08:45:01,713 INFO:⚪️ [DOGE/USDT] 상태 점검 (시장: trending, T:5,R:2) | 롱: 0/11점, 숏: 2/11점
2025-06-21 08:46:00,336 INFO:⚪️ [XRP/USDT] 상태 점검 (시장: trending, T:5,R:2) | 롱: 2/11점, 숏: 0/11점
2025-06-21 08:46:00,686 INFO:⚪️ [SOL/USDT] 상태 점검 (시장: trending, T:5,R:2) | 롱: 2/11점, 숏: 0/11점
2025-06-21 08:46:01,714 INFO:⚪️ [DOGE/USDT] 상태 점검 (시장: trending, T:5,R:2) | 롱: 2/11점, 숏: 0/11점
2025-06-21 08:50:00,345 INFO:📊 [XRP/USDT] 시장 상태 변경: trending -> choppy (T:2,R:2)
2025-06-21 08:53:00,333 INFO:📊 [XRP/USDT] 시장 상태 변경: choppy -> trending (T:3,R:2)
2025-06-21 08:54:00,339 INFO:📊 [XRP/USDT] 시장 상태 변경: trending -> choppy (T:2,R:2)
2025-06-21 08:54:01,025 INFO:📊 [ETH/USDT] 시장 상태 변경: trending -> choppy (T:2,R:2)
2025-06-21 08:55:01,034 INFO:📊 [ETH/USDT] 시장 상태 변경: choppy -> trending (T:3,R:2)
2025-06-21 08:55:01,367 INFO:📊 [BTC/USDT] 시장 상태 변경: choppy -> range_bound (T:2,R:3)
2025-06-21 08:56:00,337 INFO:📊 [XRP/USDT] 시장 상태 변경: choppy -> trending (T:3,R:2)
2025-06-21 08:57:00,332 INFO:📊 [XRP/USDT] 시장 상태 변경: trending -> choppy (T:2,R:2)
2025-06-21 08:59:00,333 INFO:📊 [XRP/USDT] 시장 상태 변경: choppy -> trending (T:3,R:2)
2025-06-21 08:59:01,704 INFO:📊 [DOGE/USDT] 시장 상태 변경: trending -> choppy (T:2,R:2)
2025-06-21 09:00:00,555 INFO:📊 [XRP/USDT] 시장 상태 변경: trending -> choppy (T:2,R:2)
2025-06-21 09:00:01,594 INFO:⚪️ [BTC/USDT] 상태 점검 (시장: range_bound, T:1,R:3) | 롱: 0/7점, 숏: 2/7점
2025-06-21 09:01:00,350 INFO:📊 [XRP/USDT] 시장 상태 변경: choppy -> range_bound (T:1,R:3)
2025-06-21 09:01:01,013 INFO:📊 [ETH/USDT] 시장 상태 변경: trending -> choppy (T:2,R:2)
2025-06-21 09:01:01,355 INFO:⚪️ [BTC/USDT] 상태 점검 (시장: range_bound, T:0,R:4) | 롱: 0/7점, 숏: 2/7점
2025-06-21 09:02:01,034 INFO:📊 [ETH/USDT] 시장 상태 변경: choppy -> range_bound (T:2,R:3)
2025-06-21 09:02:01,718 INFO:📊 [DOGE/USDT] 시장 상태 변경: choppy -> trending (T:3,R:2)
2025-06-21 09:03:01,018 INFO:📊 [ETH/USDT] 시장 상태 변경: range_bound -> choppy (T:2,R:2)
2025-06-21 09:04:00,702 INFO:📊 [SOL/USDT] 시장 상태 변경: trending -> choppy (T:2,R:2)
2025-06-21 09:04:01,739 INFO:📊 [DOGE/USDT] 시장 상태 변경: trending -> range_bound (T:2,R:3)
2025-06-21 09:05:00,662 INFO:📊 [SOL/USDT] 시장 상태 변경: choppy -> range_bound (T:2,R:3)
2025-06-21 09:06:01,045 INFO:📊 [ETH/USDT] 시장 상태 변경: choppy -> trending (T:3,R:2)
2025-06-21 09:07:00,659 INFO:📊 [SOL/USDT] 시장 상태 변경: range_bound -> choppy (T:2,R:2)
2025-06-21 09:08:00,668 INFO:📊 [SOL/USDT] 시장 상태 변경: choppy -> range_bound (T:2,R:3)
2025-06-21 09:08:01,358 INFO:📊 [BTC/USDT] 시장 상태 변경: range_bound -> choppy (T:2,R:2)
2025-06-21 09:09:01,722 INFO:📊 [DOGE/USDT] 시장 상태 변경: range_bound -> choppy (T:2,R:2)
2025-06-21 09:10:01,016 INFO:📊 [ETH/USDT] 시장 상태 변경: trending -> choppy (T:2,R:2)
2025-06-21 09:10:01,746 INFO:📊 [DOGE/USDT] 시장 상태 변경: choppy -> range_bound (T:1,R:3)
2025-06-21 09:11:01,055 INFO:📊 [ETH/USDT] 시장 상태 변경: choppy -> trending (T:3,R:2)
2025-06-21 09:12:00,695 INFO:📊 [SOL/USDT] 시장 상태 변경: range_bound -> choppy (T:2,R:2)
2025-06-21 09:12:01,735 INFO:📊 [DOGE/USDT] 시장 상태 변경: range_bound -> choppy (T:1,R:2)
2025-06-21 09:13:00,705 INFO:📊 [SOL/USDT] 시장 상태 변경: choppy -> range_bound (T:1,R:3)
2025-06-21 09:14:00,670 INFO:📊 [SOL/USDT] 시장 상태 변경: range_bound -> choppy (T:1,R:2)
2025-06-21 09:16:01,406 INFO:📊 [BTC/USDT] 시장 상태 변경: choppy -> trending (T:3,R:2)
2025-06-21 09:18:01,384 INFO:📊 [BTC/USDT] 시장 상태 변경: trending -> choppy (T:2,R:2)
2025-06-21 09:19:00,680 INFO:📊 [SOL/USDT] 시장 상태 변경: choppy -> range_bound (T:0,R:3)
2025-06-21 09:19:01,042 INFO:📊 [ETH/USDT] 시장 상태 변경: trending -> choppy (T:2,R:2)
2025-06-21 09:21:01,725 INFO:📊 [DOGE/USDT] 시장 상태 변경: choppy -> range_bound (T:2,R:3)
2025-06-21 09:22:01,366 INFO:📊 [BTC/USDT] 시장 상태 변경: choppy -> range_bound (T:2,R:3)
2025-06-21 09:23:01,383 INFO:📊 [BTC/USDT] 시장 상태 변경: range_bound -> choppy (T:2,R:2)
2025-06-21 09:23:01,727 INFO:📊 [DOGE/USDT] 시장 상태 변경: range_bound -> choppy (T:1,R:2)
2025-06-21 09:24:01,021 INFO:📊 [ETH/USDT] 시장 상태 변경: choppy -> range_bound (T:1,R:3)
2025-06-21 09:24:01,718 INFO:📊 [DOGE/USDT] 시장 상태 변경: choppy -> range_bound (T:1,R:4)
2025-06-21 09:25:01,384 INFO:📊 [BTC/USDT] 시장 상태 변경: choppy -> range_bound (T:1,R:3)
2025-06-21 09:26:01,054 INFO:📊 [ETH/USDT] 시장 상태 변경: range_bound -> choppy (T:1,R:2)
2025-06-21 09:26:01,720 INFO:📊 [DOGE/USDT] 시장 상태 변경: range_bound -> trending (T:3,R:2)
2025-06-21 09:29:00,899 INFO:📊 [SOL/USDT] 시장 상태 변경: range_bound -> trending (T:3,R:2)
2025-06-21 09:29:01,228 INFO:📊 [ETH/USDT] 시장 상태 변경: choppy -> trending (T:5,R:2)
2025-06-21 09:29:01,582 INFO:📊 [BTC/USDT] 시장 상태 변경: range_bound -> choppy (T:2,R:2)
2025-06-21 09:30:00,346 INFO:📊 [XRP/USDT] 시장 상태 변경: range_bound -> choppy (T:1,R:2)
2025-06-21 09:30:00,667 INFO:⚪️ [SOL/USDT] 상태 점검 (시장: trending, T:4,R:2) | 롱: 0/11점, 숏: 2/11점
2025-06-21 09:30:01,717 INFO:⚪️ [DOGE/USDT] 상태 점검 (시장: trending, T:4,R:2) | 롱: 0/11점, 숏: 2/11점
2025-06-21 09:31:01,018 INFO:⚪️ [ETH/USDT] 상태 점검 (시장: trending, T:5,R:2) | 롱: 0/11점, 숏: 2/11점
2025-06-21 09:32:00,701 INFO:📊 [SOL/USDT] 시장 상태 변경: trending -> choppy (T:2,R:2)
2025-06-21 09:33:00,681 INFO:📊 [SOL/USDT] 시장 상태 변경: choppy -> range_bound (T:2,R:5)
2025-06-21 09:33:01,396 INFO:📊 [BTC/USDT] 시장 상태 변경: choppy -> range_bound (T:0,R:4)
2025-06-21 09:34:00,341 INFO:📊 [XRP/USDT] 시장 상태 변경: choppy -> range_bound (T:0,R:4)
2025-06-21 09:35:01,721 INFO:📊 [DOGE/USDT] 시장 상태 변경: trending -> range_bound (T:2,R:5)
2025-06-21 09:36:01,731 INFO:📊 [DOGE/USDT] 시장 상태 변경: range_bound -> trending (T:3,R:2)
2025-06-21 09:37:01,724 INFO:📊 [DOGE/USDT] 시장 상태 변경: trending -> range_bound (T:3,R:4)
2025-06-21 09:44:00,702 INFO:📊 [SOL/USDT] 시장 상태 변경: range_bound -> trending (T:3,R:2)
2025-06-21 09:45:00,343 INFO:⚪️ [XRP/USDT] 상태 점검 (시장: range_bound, T:1,R:4) | 롱: 0/7점, 숏: 2/7점
2025-06-21 09:45:01,378 INFO:⚪️ [BTC/USDT] 상태 점검 (시장: range_bound, T:1,R:5) | 롱: 0/7점, 숏: 2/7점
2025-06-21 09:45:01,705 INFO:📊 [DOGE/USDT] 시장 상태 변경: range_bound -> choppy (T:1,R:2)
2025-06-21 09:46:00,334 INFO:⚪️ [XRP/USDT] 상태 점검 (시장: range_bound, T:0,R:5) | 롱: 0/7점, 숏: 2/7점
2025-06-21 09:46:00,660 INFO:📊 [SOL/USDT] 시장 상태 변경: trending -> range_bound (T:2,R:5)
2025-06-21 09:46:01,706 INFO:📊 [DOGE/USDT] 시장 상태 변경: choppy -> range_bound (T:0,R:4)
2025-06-21 09:50:01,026 INFO:📊 [ETH/USDT] 시장 상태 변경: trending -> choppy (T:2,R:2)
2025-06-21 09:51:01,750 INFO:📊 [DOGE/USDT] 시장 상태 변경: range_bound -> choppy (T:1,R:2)
2025-06-21 09:52:00,680 INFO:📊 [SOL/USDT] 시장 상태 변경: range_bound -> choppy (T:1,R:2)
2025-06-21 09:54:00,673 INFO:📊 [SOL/USDT] 시장 상태 변경: choppy -> range_bound (T:1,R:4)
2025-06-21 09:54:01,013 INFO:📊 [ETH/USDT] 시장 상태 변경: choppy -> range_bound (T:1,R:3)
2025-06-21 09:56:01,723 INFO:📊 [DOGE/USDT] 시장 상태 변경: choppy -> trending (T:3,R:2)
2025-06-21 09:57:01,712 INFO:📊 [DOGE/USDT] 시장 상태 변경: trending -> choppy (T:1,R:2)
2025-06-21 10:00:00,343 INFO:⚪️ [XRP/USDT] 상태 점검 (시장: range_bound, T:0,R:4) | 롱: 0/7점, 숏: 2/7점
2025-06-21 10:00:03,200 INFO:⚪️ [SOL/USDT] 상태 점검 (시장: range_bound, T:1,R:4) | 롱: 2/7점, 숏: 0/7점
2025-06-21 10:00:03,541 INFO:⚪️ [ETH/USDT] 상태 점검 (시장: range_bound, T:0,R:5) | 롱: 0/7점, 숏: 2/7점
2025-06-21 10:00:04,036 INFO:⚪️ [BTC/USDT] 상태 점검 (시장: range_bound, T:1,R:5) | 롱: 0/7점, 숏: 2/7점
2025-06-21 10:01:01,034 INFO:⚪️ [ETH/USDT] 상태 점검 (시장: range_bound, T:0,R:6) | 롱: 2/7점, 숏: 0/7점
2025-06-21 10:09:01,043 INFO:📊 [ETH/USDT] 시장 상태 변경: range_bound -> choppy (T:1,R:2)
2025-06-21 10:09:01,738 INFO:📊 [DOGE/USDT] 시장 상태 변경: choppy -> range_bound (T:0,R:3)
2025-06-21 10:10:01,741 INFO:📊 [DOGE/USDT] 시장 상태 변경: range_bound -> choppy (T:1,R:2)
2025-06-21 10:12:00,354 INFO:📊 [XRP/USDT] 시장 상태 변경: range_bound -> choppy (T:1,R:2)
2025-06-21 10:15:00,671 INFO:⚪️ [SOL/USDT] 상태 점검 (시장: range_bound, T:1,R:4) | 롱: 0/7점, 숏: 2/7점
2025-06-21 10:15:01,381 INFO:⚪️ [BTC/USDT] 상태 점검 (시장: range_bound, T:1,R:5) | 롱: 2/7점, 숏: 0/7점
2025-06-21 10:15:01,722 INFO:📊 [DOGE/USDT] 시장 상태 변경: choppy -> trending (T:4,R:2)
2025-06-21 10:15:01,722 INFO:⚪️ [DOGE/USDT] 상태 점검 (시장: trending, T:4,R:2) | 롱: 0/11점, 숏: 2/11점
2025-06-21 10:16:01,732 INFO:📊 [DOGE/USDT] 시장 상태 변경: trending -> choppy (T:1,R:2)
2025-06-21 10:17:00,343 INFO:📊 [XRP/USDT] 시장 상태 변경: choppy -> range_bound (T:1,R:4)
2025-06-21 10:20:01,030 INFO:📊 [ETH/USDT] 시장 상태 변경: choppy -> range_bound (T:1,R:3)
2025-06-21 10:21:01,747 INFO:📊 [DOGE/USDT] 시장 상태 변경: choppy -> range_bound (T:1,R:3)
2025-06-21 10:22:01,712 INFO:📊 [DOGE/USDT] 시장 상태 변경: range_bound -> choppy (T:2,R:2)
2025-06-21 10:23:01,749 INFO:📊 [DOGE/USDT] 시장 상태 변경: choppy -> range_bound (T:0,R:4)
2025-06-21 10:25:00,331 INFO:📊 [XRP/USDT] 시장 상태 변경: range_bound -> choppy (T:1,R:2)
2025-06-21 10:26:01,736 INFO:📊 [DOGE/USDT] 시장 상태 변경: range_bound -> choppy (T:2,R:2)
2025-06-21 10:28:00,334 INFO:📊 [XRP/USDT] 시장 상태 변경: choppy -> trending (T:3,R:2)
2025-06-21 10:28:00,743 INFO:📊 [SOL/USDT] 시장 상태 변경: range_bound -> choppy (T:1,R:2)
2025-06-21 10:28:01,083 INFO:📊 [ETH/USDT] 시장 상태 변경: range_bound -> trending (T:3,R:2)
2025-06-21 10:29:01,375 INFO:📊 [BTC/USDT] 시장 상태 변경: range_bound -> choppy (T:2,R:2)
2025-06-21 10:29:01,709 INFO:📊 [DOGE/USDT] 시장 상태 변경: choppy -> trending (T:5,R:2)
2025-06-21 10:30:00,334 INFO:⚪️ [XRP/USDT] 상태 점검 (시장: trending, T:5,R:2) | 롱: 0/11점, 숏: 2/11점
2025-06-21 10:30:01,030 INFO:⚪️ [ETH/USDT] 상태 점검 (시장: trending, T:5,R:2) | 롱: 0/11점, 숏: 2/11점
2025-06-21 10:31:00,669 INFO:📊 [SOL/USDT] 시장 상태 변경: choppy -> trending (T:4,R:2)
2025-06-21 10:31:00,669 INFO:⚪️ [SOL/USDT] 상태 점검 (시장: trending, T:4,R:2) | 롱: 2/11점, 숏: 0/11점
2025-06-21 10:31:01,715 INFO:⚪️ [DOGE/USDT] 상태 점검 (시장: trending, T:5,R:2) | 롱: 0/11점, 숏: 2/11점
2025-06-21 10:36:00,689 INFO:📊 [SOL/USDT] 시장 상태 변경: trending -> choppy (T:2,R:2)
2025-06-21 10:37:00,663 INFO:📊 [SOL/USDT] 시장 상태 변경: choppy -> trending (T:3,R:2)
2025-06-21 10:37:01,368 INFO:📊 [BTC/USDT] 시장 상태 변경: choppy -> trending (T:3,R:2)
2025-06-21 10:38:00,690 INFO:📊 [SOL/USDT] 시장 상태 변경: trending -> choppy (T:1,R:2)
2025-06-21 10:40:00,704 INFO:📊 [SOL/USDT] 시장 상태 변경: choppy -> range_bound (T:1,R:4)
2025-06-21 10:45:00,329 INFO:⚪️ [XRP/USDT] 상태 점검 (시장: trending, T:5,R:2) | 롱: 2/11점, 숏: 0/11점
2025-06-21 10:45:00,674 INFO:⚪️ [SOL/USDT] 상태 점검 (시장: range_bound, T:1,R:4) | 롱: 2/7점, 숏: 0/7점
2025-06-21 10:45:00,998 INFO:⚪️ [ETH/USDT] 상태 점검 (시장: trending, T:5,R:2) | 롱: 0/11점, 숏: 2/11점
2025-06-21 10:45:01,364 INFO:⚪️ [BTC/USDT] 상태 점검 (시장: trending, T:3,R:2) | 롱: 2/11점, 숏: 0/11점
2025-06-21 10:45:01,708 INFO:⚪️ [DOGE/USDT] 상태 점검 (시장: trending, T:5,R:2) | 롱: 2/11점, 숏: 0/11점
2025-06-21 10:46:01,031 INFO:⚪️ [ETH/USDT] 상태 점검 (시장: trending, T:5,R:2) | 롱: 0/11점, 숏: 2/11점
2025-06-21 10:47:00,354 INFO:📊 [XRP/USDT] 시장 상태 변경: trending -> range_bound (T:2,R:3)
2025-06-21 10:48:00,340 INFO:📊 [XRP/USDT] 시장 상태 변경: range_bound -> choppy (T:2,R:2)
2025-06-21 10:49:00,333 INFO:📊 [XRP/USDT] 시장 상태 변경: choppy -> range_bound (T:2,R:3)
2025-06-21 10:50:00,340 INFO:📊 [XRP/USDT] 시장 상태 변경: range_bound -> choppy (T:2,R:2)
2025-06-21 10:51:01,481 INFO:📊 [BTC/USDT] 시장 상태 변경: trending -> choppy (T:2,R:2)
2025-06-21 10:51:01,822 INFO:📊 [DOGE/USDT] 시장 상태 변경: trending -> choppy (T:2,R:2)
2025-06-21 10:52:00,349 INFO:📊 [XRP/USDT] 시장 상태 변경: choppy -> range_bound (T:2,R:3)
2025-06-21 10:53:01,786 INFO:📊 [DOGE/USDT] 시장 상태 변경: choppy -> trending (T:3,R:2)
2025-06-21 10:54:00,514 INFO:📊 [XRP/USDT] 시장 상태 변경: range_bound -> trending (T:3,R:2)
2025-06-21 10:54:02,255 INFO:📊 [BTC/USDT] 시장 상태 변경: choppy -> trending (T:3,R:2)
2025-06-21 10:55:00,336 INFO:📊 [XRP/USDT] 시장 상태 변경: trending -> choppy (T:2,R:2)
2025-06-21 10:58:00,680 INFO:📊 [SOL/USDT] 시장 상태 변경: range_bound -> trending (T:3,R:2)
2025-06-21 10:58:01,017 INFO:📊 [ETH/USDT] 시장 상태 변경: trending -> choppy (T:2,R:2)
2025-06-21 10:58:01,707 INFO:📊 [DOGE/USDT] 시장 상태 변경: trending -> choppy (T:2,R:2)
2025-06-21 11:00:01,046 INFO:📊 [ETH/USDT] 시장 상태 변경: choppy -> trending (T:3,R:2)
2025-06-21 11:00:01,381 INFO:⚪️ [BTC/USDT] 상태 점검 (시장: trending, T:3,R:2) | 롱: 0/11점, 숏: 2/11점
2025-06-21 11:00:01,748 INFO:📊 [DOGE/USDT] 시장 상태 변경: choppy -> trending (T:3,R:2)
2025-06-21 11:00:01,748 INFO:⚪️ [DOGE/USDT] 상태 점검 (시장: trending, T:3,R:2) | 롱: 0/11점, 숏: 2/11점
2025-06-21 11:01:00,345 INFO:📊 [XRP/USDT] 시장 상태 변경: choppy -> range_bound (T:1,R:3)
2025-06-21 11:01:00,347 INFO:⚪️ [XRP/USDT] 상태 점검 (시장: range_bound, T:1,R:3) | 롱: 2/7점, 숏: 0/7점
2025-06-21 11:01:00,663 INFO:📊 [SOL/USDT] 시장 상태 변경: trending -> range_bound (T:0,R:4)
2025-06-21 11:03:00,327 INFO:📊 [XRP/USDT] 시장 상태 변경: range_bound -> choppy (T:1,R:2)
2025-06-21 11:03:01,021 INFO:📊 [ETH/USDT] 시장 상태 변경: trending -> choppy (T:2,R:2)
2025-06-21 11:03:01,356 INFO:📊 [BTC/USDT] 시장 상태 변경: trending -> choppy (T:2,R:2)
2025-06-21 11:03:01,711 INFO:📊 [DOGE/USDT] 시장 상태 변경: trending -> range_bound (T:2,R:3)
2025-06-21 11:04:00,336 INFO:📊 [XRP/USDT] 시장 상태 변경: choppy -> range_bound (T:0,R:4)
2025-06-21 11:06:01,715 INFO:📊 [DOGE/USDT] 시장 상태 변경: range_bound -> choppy (T:2,R:2)
2025-06-21 11:07:01,407 INFO:📊 [BTC/USDT] 시장 상태 변경: choppy -> range_bound (T:2,R:3)
2025-06-21 11:07:01,764 INFO:📊 [DOGE/USDT] 시장 상태 변경: choppy -> range_bound (T:2,R:3)
2025-06-21 11:08:02,056 INFO:📊 [DOGE/USDT] 시장 상태 변경: range_bound -> choppy (T:3,R:3)
2025-06-21 11:09:01,171 INFO:📊 [ETH/USDT] 시장 상태 변경: choppy -> range_bound (T:2,R:3)
2025-06-21 11:10:00,784 INFO:📊 [SOL/USDT] 시장 상태 변경: range_bound -> trending (T:3,R:2)
2025-06-21 11:10:01,897 INFO:📊 [DOGE/USDT] 시장 상태 변경: choppy -> trending (T:3,R:2)
2025-06-21 11:11:01,113 INFO:📊 [ETH/USDT] 시장 상태 변경: range_bound -> trending (T:3,R:2)
2025-06-21 11:13:01,414 INFO:📊 [BTC/USDT] 시장 상태 변경: range_bound -> choppy (T:2,R:2)
2025-06-21 11:14:01,102 INFO:📊 [ETH/USDT] 시장 상태 변경: trending -> choppy (T:2,R:2)
2025-06-21 11:14:01,520 INFO:📊 [BTC/USDT] 시장 상태 변경: choppy -> range_bound (T:1,R:3)
2025-06-21 11:14:01,982 INFO:📊 [DOGE/USDT] 시장 상태 변경: trending -> choppy (T:1,R:2)
2025-06-21 11:15:00,356 INFO:⚪️ [XRP/USDT] 상태 점검 (시장: range_bound, T:0,R:4) | 롱: 0/7점, 숏: 2/7점
2025-06-21 11:15:01,403 INFO:⚪️ [BTC/USDT] 상태 점검 (시장: range_bound, T:1,R:3) | 롱: 0/7점, 숏: 2/7점
2025-06-21 11:16:00,373 INFO:⚪️ [XRP/USDT] 상태 점검 (시장: range_bound, T:0,R:5) | 롱: 2/7점, 숏: 0/7점
2025-06-21 11:18:14,486 INFO:✅ 바이낸스 마켓 정보 로딩 성공.
2025-06-21 11:18:15,049 INFO:🚀 적응형 자동매매 프로그램을 시작합니다 (분산 투자 모드).
2025-06-21 11:18:15,109 INFO:📊 초기 잔고: $702.10
2025-06-21 11:19:00,469 INFO:📊 [XRP/USDT] 시장 상태 변경: unknown -> range_bound (T:1,R:4)
2025-06-21 11:19:00,836 INFO:📊 [SOL/USDT] 시장 상태 변경: unknown -> choppy (T:0,R:2)
2025-06-21 11:19:01,206 INFO:📊 [ETH/USDT] 시장 상태 변경: unknown -> choppy (T:1,R:2)
2025-06-21 11:19:01,574 INFO:📊 [BTC/USDT] 시장 상태 변경: unknown -> range_bound (T:0,R:5)
2025-06-21 11:19:01,943 INFO:📊 [DOGE/USDT] 시장 상태 변경: unknown -> choppy (T:0,R:2)
2025-06-21 11:20:00,720 INFO:📊 [SOL/USDT] 시장 상태 변경: choppy -> range_bound (T:0,R:4)
2025-06-21 11:20:01,832 INFO:📊 [DOGE/USDT] 시장 상태 변경: choppy -> range_bound (T:0,R:4)
2025-06-21 11:21:00,368 INFO:📊 [XRP/USDT] 시장 상태 변경: range_bound -> choppy (T:1,R:2)
2025-06-21 11:21:01,080 INFO:📊 [ETH/USDT] 시장 상태 변경: choppy -> range_bound (T:0,R:3)
2025-06-21 11:24:00,362 INFO:📊 [XRP/USDT] 시장 상태 변경: choppy -> trending (T:3,R:2)
2025-06-21 11:24:00,362 INFO:惜 [XRP/USDT] 진입 근접! (시장: trending, T:3,R:2) | 롱: 9/11점, 숏: 0/11점
2025-06-21 11:25:00,356 INFO:📊 [XRP/USDT] 시장 상태 변경: trending -> choppy (T:2,R:2)
2025-06-21 11:26:00,369 INFO:📊 [XRP/USDT] 시장 상태 변경: choppy -> trending (T:3,R:2)
2025-06-21 11:26:00,369 INFO:惜 [XRP/USDT] 진입 근접! (시장: trending, T:3,R:2) | 롱: 9/11점, 숏: 0/11점
2025-06-21 11:28:00,337 INFO:📊 [XRP/USDT] 시장 상태 변경: trending -> choppy (T:1,R:2)
2025-06-21 11:28:00,678 INFO:📊 [SOL/USDT] 시장 상태 변경: range_bound -> choppy (T:1,R:2)
2025-06-21 11:28:01,029 INFO:📊 [ETH/USDT] 시장 상태 변경: range_bound -> choppy (T:1,R:2)
2025-06-21 11:28:01,389 INFO:惜 [BTC/USDT] 진입 근접! (시장: range_bound, T:1,R:3) | 롱: 6/7점, 숏: 0/7점
2025-06-21 11:29:01,871 INFO:📊 [DOGE/USDT] 시장 상태 변경: range_bound -> choppy (T:1,R:2)
2025-06-21 11:30:01,468 INFO:📊 [BTC/USDT] 시장 상태 변경: range_bound -> choppy (T:2,R:2)
2025-06-21 11:31:01,104 INFO:📊 [ETH/USDT] 시장 상태 변경: choppy -> trending (T:3,R:2)
2025-06-21 11:32:00,738 INFO:📊 [SOL/USDT] 시장 상태 변경: choppy -> trending (T:5,R:2)
2025-06-21 11:32:00,738 INFO:惜 [SOL/USDT] 진입 근접! (시장: trending, T:5,R:2) | 롱: 0/11점, 숏: 9/11점
2025-06-21 11:32:01,838 INFO:📊 [DOGE/USDT] 시장 상태 변경: choppy -> trending (T:4,R:2)
2025-06-21 11:32:01,840 INFO:惜 [DOGE/USDT] 진입 근접! (시장: trending, T:4,R:2) | 롱: 0/11점, 숏: 9/11점
2025-06-21 11:33:01,332 INFO:📊 [BTC/USDT] 시장 상태 변경: choppy -> range_bound (T:0,R:4)
2025-06-21 11:34:00,735 INFO:📊 [SOL/USDT] 시장 상태 변경: trending -> range_bound (T:2,R:3)
2025-06-21 11:34:01,081 INFO:📊 [ETH/USDT] 시장 상태 변경: trending -> choppy (T:2,R:2)
