2025-06-17 00:26:02,363 INFO:✅ 바이낸스 마켓 정보 로딩 성공.
2025-06-17 00:26:02,426 INFO:✅ [XRPUSDT] 레버리지 10배 설정
2025-06-17 00:26:02,475 INFO:ℹ️ [XRPUSDT] 설정 변경 필요 없음
2025-06-17 00:26:02,523 INFO:✅ [SOLUSDT] 레버리지 10배 설정
2025-06-17 00:26:02,572 INFO:ℹ️ [SOLUSDT] 설정 변경 필요 없음
2025-06-17 00:26:02,641 INFO:✅ [ETHUSDT] 레버리지 10배 설정
2025-06-17 00:26:02,690 INFO:ℹ️ [ETHUSDT] 설정 변경 필요 없음
2025-06-17 00:26:02,690 INFO:🚀 적응형 자동매매 프로그램을 시작합니다 (분산 투자 모드).
2025-06-17 00:26:02,767 INFO:📊 초기 잔고: $365.18
2025-06-17 00:27:00,270 INFO:⚪ [XRP/USDT] 대기 (trending) | 롱: 2/11점, 숏: 3/11점
2025-06-17 00:27:00,554 INFO:⚪ [SOL/USDT] 대기 (trending) | 롱: 8/11점, 숏: 0/11점
2025-06-17 00:27:00,845 INFO:⚪ [ETH/USDT] 대기 (trending) | 롱: 5/11점, 숏: 3/11점
2025-06-17 00:28:01,080 INFO:⚪ [XRP/USDT] 대기 (trending) | 롱: 5/11점, 숏: 3/11점
2025-06-17 00:28:01,361 INFO:⚪ [SOL/USDT] 대기 (trending) | 롱: 5/11점, 숏: 3/11점
2025-06-17 00:28:01,664 INFO:⚪ [ETH/USDT] 대기 (trending) | 롱: 5/11점, 숏: 3/11점
2025-06-17 00:29:00,906 INFO:⚪ [XRP/USDT] 대기 (trending) | 롱: 5/11점, 숏: 6/11점
2025-06-17 00:29:01,193 INFO:⚪ [SOL/USDT] 대기 (trending) | 롱: 8/11점, 숏: 0/11점
2025-06-17 00:29:01,493 INFO:⚪ [ETH/USDT] 대기 (trending) | 롱: 5/11점, 숏: 3/11점
2025-06-17 00:30:00,744 INFO:⚪ [XRP/USDT] 대기 (trending) | 롱: 2/11점, 숏: 6/11점
2025-06-17 00:30:01,030 INFO:⚪ [SOL/USDT] 대기 (trending) | 롱: 6/11점, 숏: 4/11점
2025-06-17 00:30:01,328 INFO:⚪ [ETH/USDT] 대기 (trending) | 롱: 2/11점, 숏: 6/11점
2025-06-17 00:31:00,561 INFO:⚪ [XRP/USDT] 대기 (trending) | 롱: 5/11점, 숏: 3/11점
2025-06-17 00:31:00,887 INFO:⚪ [SOL/USDT] 대기 (trending) | 롱: 8/11점, 숏: 0/11점
2025-06-17 00:31:01,167 INFO:⚪ [ETH/USDT] 대기 (trending) | 롱: 9/11점, 숏: 4/11점
2025-06-17 00:32:00,403 INFO:⚪ [XRP/USDT] 대기 (trending) | 롱: 6/11점, 숏: 4/11점
2025-06-17 00:32:00,697 INFO:⚪ [SOL/USDT] 대기 (trending) | 롱: 5/11점, 숏: 3/11점
2025-06-17 00:32:00,994 INFO:⚪ [ETH/USDT] 대기 (trending) | 롱: 5/11점, 숏: 6/11점
2025-06-17 00:33:01,251 INFO:⚪ [XRP/USDT] 대기 (trending) | 롱: 6/11점, 숏: 4/11점
2025-06-17 00:33:01,582 INFO:⚪ [SOL/USDT] 대기 (trending) | 롱: 5/11점, 숏: 3/11점
2025-06-17 00:33:01,917 INFO:⚪ [ETH/USDT] 대기 (trending) | 롱: 2/11점, 숏: 6/11점
2025-06-17 00:34:01,130 INFO:⚪ [XRP/USDT] 대기 (trending) | 롱: 5/11점, 숏: 6/11점
2025-06-17 00:34:01,427 INFO:⚪ [SOL/USDT] 대기 (trending) | 롱: 6/11점, 숏: 4/11점
2025-06-17 00:34:01,719 INFO:⚪ [ETH/USDT] 대기 (trending) | 롱: 5/11점, 숏: 3/11점
2025-06-17 00:35:00,948 INFO:⚪ [XRP/USDT] 대기 (trending) | 롱: 5/11점, 숏: 3/11점
2025-06-17 00:35:01,237 INFO:⚪ [SOL/USDT] 대기 (trending) | 롱: 5/11점, 숏: 3/11점
2025-06-17 00:35:01,528 INFO:⚪ [ETH/USDT] 대기 (trending) | 롱: 2/11점, 숏: 6/11점
2025-06-17 00:36:00,743 INFO:⚪ [XRP/USDT] 대기 (trending) | 롱: 9/11점, 숏: 1/11점
2025-06-17 00:36:01,029 INFO:⚪ [SOL/USDT] 대기 (trending) | 롱: 3/11점, 숏: 4/11점
2025-06-17 00:36:01,321 INFO:⚪ [ETH/USDT] 대기 (trending) | 롱: 2/11점, 숏: 6/11점
2025-06-17 00:37:00,541 INFO:⚪ [XRP/USDT] 대기 (trending) | 롱: 5/11점, 숏: 6/11점
2025-06-17 00:37:00,835 INFO:⚪ [SOL/USDT] 대기 (trending) | 롱: 3/11점, 숏: 4/11점
2025-06-17 00:37:01,128 INFO:⚪ [ETH/USDT] 대기 (trending) | 롱: 3/11점, 숏: 7/11점
2025-06-17 00:38:00,364 INFO:⚪ [XRP/USDT] 대기 (trending) | 롱: 5/11점, 숏: 3/11점
2025-06-17 00:38:00,646 INFO:⚪ [SOL/USDT] 대기 (trending) | 롱: 2/11점, 숏: 6/11점
2025-06-17 00:38:00,926 INFO:⚪ [ETH/USDT] 대기 (trending) | 롱: 2/11점, 숏: 6/11점
2025-06-17 00:39:01,257 INFO:✅ [XRP/USDT] 진입 전, 기존 조건부 주문 취소 완료.
2025-06-17 00:39:01,464 INFO:🚀 [XRP/USDT] 진입 성공! LONG | 수량: 340.1 | 진입가: 2.2866
2025-06-17 00:39:01,670 INFO:✅ [XRP/USDT] TP 주문 설정 완료. 발동가: 2.2990142857142857
2025-06-17 00:39:01,873 INFO:✅ [XRP/USDT] SL 주문 설정 완료. 발동가: 2.2793321428571427
2025-06-17 00:39:02,287 INFO:✍️ [거래 기록] XRP/USDT | LONG | 진입: 2.2847
2025-06-17 00:39:02,512 INFO:⚪ [SOL/USDT] 대기 (trending) | 롱: 5/11점, 숏: 3/11점
2025-06-17 00:39:02,797 INFO:⚪ [ETH/USDT] 대기 (trending) | 롱: 5/11점, 숏: 3/11점
2025-06-17 00:40:01,320 INFO:⚪ [SOL/USDT] 대기 (trending) | 롱: 3/11점, 숏: 7/11점
2025-06-17 00:40:01,612 INFO:⚪ [ETH/USDT] 대기 (trending) | 롱: 3/11점, 숏: 7/11점
2025-06-17 00:41:01,143 INFO:⚪ [SOL/USDT] 대기 (trending) | 롱: 5/11점, 숏: 3/11점
2025-06-17 00:41:01,439 INFO:⚪ [ETH/USDT] 대기 (trending) | 롱: 5/11점, 숏: 3/11점
2025-06-17 00:42:00,957 INFO:⚪ [SOL/USDT] 대기 (trending) | 롱: 3/11점, 숏: 7/11점
2025-06-17 00:42:01,236 INFO:⚪ [ETH/USDT] 대기 (trending) | 롱: 9/11점, 숏: 4/11점
2025-06-17 00:43:00,739 INFO:⚪ [SOL/USDT] 대기 (trending) | 롱: 5/11점, 숏: 6/11점
2025-06-17 00:43:01,034 INFO:⚪ [ETH/USDT] 대기 (trending) | 롱: 6/11점, 숏: 4/11점
2025-06-17 00:44:00,610 INFO:⚪ [SOL/USDT] 대기 (trending) | 롱: 8/11점, 숏: 3/11점
2025-06-17 00:44:00,907 INFO:⚪ [ETH/USDT] 대기 (trending) | 롱: 5/11점, 숏: 3/11점
2025-06-17 00:45:01,743 INFO:⚪ [SOL/USDT] 대기 (trending) | 롱: 3/11점, 숏: 10/11점
2025-06-17 00:45:02,034 INFO:⚪ [ETH/USDT] 대기 (trending) | 롱: 3/11점, 숏: 7/11점
2025-06-17 00:46:00,624 INFO:⚪ [SOL/USDT] 대기 (trending) | 롱: 8/11점, 숏: 0/11점
2025-06-17 00:46:00,970 WARNING:⚠️ [ETH/USDT] 계산된 증거금($184.47) > 할당 자본($122.64)
2025-06-17 00:46:00,970 INFO:💡 [ETH/USDT] 주문량을 할당 자본 최대치로 재조정 -> 0.4641
2025-06-17 00:46:01,034 INFO:✅ [ETH/USDT] 진입 전, 기존 조건부 주문 취소 완료.
2025-06-17 00:46:01,235 INFO:🚀 [ETH/USDT] 진입 성공! LONG | 수량: 0.464 | 진입가: 2643.39
2025-06-17 00:46:01,442 INFO:✅ [ETH/USDT] TP 주문 설정 완료. 발동가: 2654.5842857142857
2025-06-17 00:46:01,647 INFO:✅ [ETH/USDT] SL 주문 설정 완료. 발동가: 2638.477142857143
2025-06-17 00:46:02,159 INFO:✍️ [거래 기록] ETH/USDT | LONG | 진입: 2642.87
2025-06-17 00:47:00,769 INFO:⚪ [SOL/USDT] 대기 (trending) | 롱: 8/11점, 숏: 3/11점
2025-06-17 00:48:00,641 INFO:⚪ [SOL/USDT] 대기 (trending) | 롱: 5/11점, 숏: 3/11점
2025-06-17 00:49:01,526 INFO:⚪ [SOL/USDT] 대기 (trending) | 롱: 9/11점, 숏: 1/11점
2025-06-17 00:50:01,361 INFO:⚪ [SOL/USDT] 대기 (trending) | 롱: 5/11점, 숏: 3/11점
2025-06-17 00:51:01,165 INFO:⚪ [SOL/USDT] 대기 (trending) | 롱: 5/11점, 숏: 3/11점
2025-06-17 00:52:01,253 INFO:⚪ [SOL/USDT] 대기 (trending) | 롱: 5/11점, 숏: 3/11점
2025-06-17 00:53:01,188 INFO:⚪ [SOL/USDT] 대기 (trending) | 롱: 9/11점, 숏: 1/11점
2025-06-17 00:54:01,062 INFO:⚪ [SOL/USDT] 대기 (trending) | 롱: 6/11점, 숏: 4/11점
2025-06-17 00:55:00,924 INFO:⚪ [SOL/USDT] 대기 (trending) | 롱: 2/11점, 숏: 6/11점
2025-06-17 00:56:00,737 INFO:⚪ [SOL/USDT] 대기 (trending) | 롱: 3/11점, 숏: 7/11점
2025-06-17 00:56:01,033 INFO:🔓 [ETH/USDT] 포지션 종료 확인 -> Lock 해제.
2025-06-17 00:56:01,033 INFO:⚪ [ETH/USDT] 대기 (trending) | 롱: 3/11점, 숏: 7/11점
2025-06-17 00:57:00,554 INFO:⚪ [SOL/USDT] 대기 (trending) | 롱: 3/11점, 숏: 7/11점
2025-06-17 00:57:00,834 INFO:⚪ [ETH/USDT] 대기 (trending) | 롱: 2/11점, 숏: 5/11점
2025-06-17 00:58:01,363 INFO:⚪ [SOL/USDT] 대기 (trending) | 롱: 0/11점, 숏: 8/11점
2025-06-17 00:58:01,655 INFO:⚪ [ETH/USDT] 대기 (trending) | 롱: 3/11점, 숏: 7/11점
2025-06-17 00:59:01,183 INFO:⚪ [SOL/USDT] 대기 (trending) | 롱: 5/11점, 숏: 3/11점
2025-06-17 00:59:01,450 INFO:⚪ [ETH/USDT] 대기 (trending) | 롱: 5/11점, 숏: 3/11점
2025-06-17 01:00:01,123 INFO:⚪ [SOL/USDT] 대기 (trending) | 롱: 5/11점, 숏: 3/11점
2025-06-17 01:00:01,411 INFO:⚪ [ETH/USDT] 대기 (trending) | 롱: 5/11점, 숏: 3/11점
2025-06-17 01:01:00,985 INFO:⚪ [SOL/USDT] 대기 (trending) | 롱: 5/11점, 숏: 3/11점
2025-06-17 01:01:01,282 INFO:⚪ [ETH/USDT] 대기 (trending) | 롱: 3/11점, 숏: 5/11점
2025-06-17 01:02:00,882 INFO:⚪ [SOL/USDT] 대기 (trending) | 롱: 2/11점, 숏: 6/11점
2025-06-17 01:02:01,176 INFO:⚪ [ETH/USDT] 대기 (trending) | 롱: 2/11점, 숏: 6/11점
2025-06-17 01:03:00,766 INFO:⚪ [SOL/USDT] 대기 (trending) | 롱: 1/11점, 숏: 9/11점
2025-06-17 01:03:01,045 INFO:⚪ [ETH/USDT] 대기 (trending) | 롱: 3/11점, 숏: 7/11점
2025-06-17 01:04:00,608 INFO:⚪ [SOL/USDT] 대기 (trending) | 롱: 5/11점, 숏: 3/11점
2025-06-17 01:04:00,891 INFO:⚪ [ETH/USDT] 대기 (trending) | 롱: 2/11점, 숏: 6/11점
2025-06-17 01:05:01,481 INFO:⚪ [SOL/USDT] 대기 (trending) | 롱: 5/11점, 숏: 3/11점
2025-06-17 01:05:01,780 INFO:⚪ [ETH/USDT] 대기 (trending) | 롱: 5/11점, 숏: 3/11점
2025-06-17 01:06:01,003 INFO:🔓 [XRP/USDT] 포지션 종료 확인 -> Lock 해제.
2025-06-17 01:06:01,003 INFO:⚪ [XRP/USDT] 대기 (trending) | 롱: 8/11점, 숏: 0/11점
2025-06-17 01:06:01,280 INFO:⚪ [SOL/USDT] 대기 (trending) | 롱: 6/11점, 숏: 4/11점
2025-06-17 01:06:01,580 INFO:⚪ [ETH/USDT] 대기 (trending) | 롱: 5/11점, 숏: 3/11점
2025-06-17 01:07:00,812 INFO:⚪ [XRP/USDT] 대기 (trending) | 롱: 5/11점, 숏: 2/11점
2025-06-17 01:07:01,112 INFO:⚪ [SOL/USDT] 대기 (trending) | 롱: 5/11점, 숏: 0/11점
2025-06-17 01:07:01,394 INFO:⚪ [ETH/USDT] 대기 (trending) | 롱: 3/11점, 숏: 7/11점
2025-06-17 01:08:00,615 INFO:⚪ [XRP/USDT] 대기 (trending) | 롱: 8/11점, 숏: 0/11점
2025-06-17 01:08:00,906 INFO:⚪ [SOL/USDT] 대기 (trending) | 롱: 9/11점, 숏: 1/11점
2025-06-17 01:08:01,199 INFO:⚪ [ETH/USDT] 대기 (trending) | 롱: 5/11점, 숏: 3/11점
2025-06-17 01:09:04,097 INFO:⚪ [XRP/USDT] 대기 (trending) | 롱: 8/11점, 숏: 0/11점
2025-06-17 01:09:04,376 INFO:⚪ [SOL/USDT] 대기 (trending) | 롱: 7/11점, 숏: 0/11점
2025-06-17 01:09:04,664 INFO:⚪ [ETH/USDT] 대기 (trending) | 롱: 5/11점, 숏: 3/11점
2025-06-17 01:10:00,890 INFO:⚪ [XRP/USDT] 대기 (trending) | 롱: 9/11점, 숏: 1/11점
2025-06-17 01:10:01,160 INFO:⚪ [SOL/USDT] 대기 (trending) | 롱: 9/11점, 숏: 1/11점
2025-06-17 01:10:01,419 INFO:⚪ [ETH/USDT] 대기 (trending) | 롱: 6/11점, 숏: 4/11점
2025-06-17 01:11:00,636 INFO:⚪ [XRP/USDT] 대기 (trending) | 롱: 5/11점, 숏: 3/11점
2025-06-17 01:11:00,939 INFO:⚪ [SOL/USDT] 대기 (trending) | 롱: 5/11점, 숏: 3/11점
2025-06-17 01:11:01,231 INFO:⚪ [ETH/USDT] 대기 (trending) | 롱: 2/11점, 숏: 3/11점
2025-06-17 01:12:00,456 INFO:⚪ [XRP/USDT] 대기 (trending) | 롱: 9/11점, 숏: 1/11점
2025-06-17 01:12:00,748 INFO:⚪ [SOL/USDT] 대기 (trending) | 롱: 9/11점, 숏: 1/11점
2025-06-17 01:12:01,025 INFO:⚪ [ETH/USDT] 대기 (trending) | 롱: 2/11점, 숏: 3/11점
2025-06-17 01:13:00,262 INFO:⚪ [XRP/USDT] 대기 (trending) | 롱: 8/11점, 숏: 0/11점
2025-06-17 01:13:00,557 INFO:⚪ [SOL/USDT] 대기 (trending) | 롱: 9/11점, 숏: 1/11점
2025-06-17 01:13:00,844 INFO:⚪ [ETH/USDT] 대기 (trending) | 롱: 5/11점, 숏: 0/11점
2025-06-17 01:14:01,059 INFO:⚪ [XRP/USDT] 대기 (trending) | 롱: 9/11점, 숏: 1/11점
2025-06-17 01:14:01,341 INFO:⚪ [SOL/USDT] 대기 (trending) | 롱: 9/11점, 숏: 1/11점
2025-06-17 01:14:01,653 INFO:⚪ [ETH/USDT] 대기 (trending) | 롱: 6/11점, 숏: 1/11점
2025-06-17 01:15:00,894 INFO:⚪ [XRP/USDT] 대기 (trending) | 롱: 8/11점, 숏: 0/11점
2025-06-17 01:15:01,176 INFO:⚪ [SOL/USDT] 대기 (trending) | 롱: 9/11점, 숏: 1/11점
2025-06-17 01:15:01,460 INFO:⚪ [ETH/USDT] 대기 (trending) | 롱: 6/11점, 숏: 1/11점
2025-06-17 01:16:00,708 INFO:⚪ [XRP/USDT] 대기 (trending) | 롱: 5/11점, 숏: 3/11점
2025-06-17 01:16:00,986 INFO:⚪ [SOL/USDT] 대기 (trending) | 롱: 5/11점, 숏: 2/11점
2025-06-17 01:16:01,269 INFO:⚪ [ETH/USDT] 대기 (trending) | 롱: 5/11점, 숏: 2/11점
2025-06-17 01:17:00,510 INFO:⚪ [XRP/USDT] 대기 (trending) | 롱: 9/11점, 숏: 1/11점
2025-06-17 01:17:00,785 INFO:⚪ [SOL/USDT] 대기 (trending) | 롱: 9/11점, 숏: 1/11점
2025-06-17 01:17:01,061 INFO:⚪ [ETH/USDT] 대기 (trending) | 롱: 8/11점, 숏: 0/11점
2025-06-17 01:18:00,294 INFO:⚪ [XRP/USDT] 대기 (trending) | 롱: 5/11점, 숏: 3/11점
2025-06-17 01:18:00,564 INFO:⚪ [SOL/USDT] 대기 (trending) | 롱: 8/11점, 숏: 0/11점
2025-06-17 01:18:00,869 INFO:⚪ [ETH/USDT] 대기 (trending) | 롱: 8/11점, 숏: 0/11점
2025-06-17 01:19:01,073 INFO:⚪ [XRP/USDT] 대기 (trending) | 롱: 5/11점, 숏: 3/11점
2025-06-17 01:19:01,375 INFO:⚪ [SOL/USDT] 대기 (trending) | 롱: 5/11점, 숏: 3/11점
2025-06-17 01:19:01,654 INFO:⚪ [ETH/USDT] 대기 (trending) | 롱: 8/11점, 숏: 0/11점
2025-06-17 01:20:00,905 INFO:⚪ [XRP/USDT] 대기 (trending) | 롱: 8/11점, 숏: 0/11점
2025-06-17 01:20:01,164 INFO:⚪ [SOL/USDT] 대기 (trending) | 롱: 5/11점, 숏: 2/11점
2025-06-17 01:20:01,460 INFO:⚪ [ETH/USDT] 대기 (trending) | 롱: 8/11점, 숏: 0/11점
2025-06-17 01:21:00,692 INFO:⚪ [XRP/USDT] 대기 (trending) | 롱: 6/11점, 숏: 4/11점
2025-06-17 01:21:00,990 INFO:⚪ [SOL/USDT] 대기 (trending) | 롱: 8/11점, 숏: 0/11점
2025-06-17 01:21:01,268 INFO:⚪ [ETH/USDT] 대기 (trending) | 롱: 8/11점, 숏: 0/11점
2025-06-17 01:22:00,493 INFO:⚪ [XRP/USDT] 대기 (trending) | 롱: 5/11점, 숏: 3/11점
2025-06-17 01:22:00,797 INFO:⚪ [SOL/USDT] 대기 (trending) | 롱: 8/11점, 숏: 0/11점
2025-06-17 01:22:01,083 INFO:⚪ [ETH/USDT] 대기 (trending) | 롱: 8/11점, 숏: 0/11점
2025-06-17 01:23:00,314 INFO:⚪ [XRP/USDT] 대기 (trending) | 롱: 6/11점, 숏: 5/11점
2025-06-17 01:23:00,598 INFO:⚪ [SOL/USDT] 대기 (trending) | 롱: 9/11점, 숏: 1/11점
2025-06-17 01:23:00,884 INFO:⚪ [ETH/USDT] 대기 (trending) | 롱: 5/11점, 숏: 3/11점
2025-06-17 01:24:01,107 INFO:⚪ [XRP/USDT] 대기 (trending) | 롱: 2/11점, 숏: 6/11점
2025-06-17 01:24:01,389 INFO:⚪ [SOL/USDT] 대기 (trending) | 롱: 5/11점, 숏: 3/11점
2025-06-17 01:24:01,662 INFO:⚪ [ETH/USDT] 대기 (trending) | 롱: 5/11점, 숏: 3/11점
2025-06-17 01:25:00,911 INFO:⚪ [XRP/USDT] 대기 (trending) | 롱: 3/11점, 숏: 4/11점
2025-06-17 01:25:01,188 INFO:⚪ [SOL/USDT] 대기 (trending) | 롱: 6/11점, 숏: 4/11점
2025-06-17 01:25:01,487 INFO:⚪ [ETH/USDT] 대기 (trending) | 롱: 6/11점, 숏: 4/11점
2025-06-17 01:26:00,719 INFO:⚪ [XRP/USDT] 대기 (trending) | 롱: 2/11점, 숏: 3/11점
2025-06-17 01:26:01,011 INFO:⚪ [SOL/USDT] 대기 (trending) | 롱: 5/11점, 숏: 3/11점
2025-06-17 01:26:01,306 INFO:⚪ [ETH/USDT] 대기 (trending) | 롱: 5/11점, 숏: 3/11점
2025-06-17 01:27:00,533 INFO:⚪ [XRP/USDT] 대기 (trending) | 롱: 5/11점, 숏: 0/11점
2025-06-17 01:27:00,827 INFO:⚪ [SOL/USDT] 대기 (trending) | 롱: 6/11점, 숏: 4/11점
2025-06-17 01:27:01,096 INFO:⚪ [ETH/USDT] 대기 (trending) | 롱: 5/11점, 숏: 3/11점
2025-06-17 01:28:00,311 INFO:⚪ [XRP/USDT] 대기 (trending) | 롱: 2/11점, 숏: 3/11점
2025-06-17 01:28:00,614 INFO:⚪ [SOL/USDT] 대기 (trending) | 롱: 5/11점, 숏: 6/11점
2025-06-17 01:28:00,886 INFO:⚪ [ETH/USDT] 대기 (trending) | 롱: 2/11점, 숏: 6/11점
2025-06-17 01:29:01,118 INFO:⚪ [XRP/USDT] 대기 (trending) | 롱: 6/11점, 숏: 1/11점
2025-06-17 01:29:01,394 INFO:⚪ [SOL/USDT] 대기 (trending) | 롱: 6/11점, 숏: 2/11점
2025-06-17 01:29:01,681 INFO:⚪ [ETH/USDT] 대기 (trending) | 롱: 6/11점, 숏: 1/11점
2025-06-17 01:30:00,905 INFO:⚪ [XRP/USDT] 대기 (trending) | 롱: 2/11점, 숏: 5/11점
2025-06-17 01:30:01,174 INFO:⚪ [SOL/USDT] 대기 (trending) | 롱: 2/11점, 숏: 3/11점
2025-06-17 01:30:01,466 INFO:⚪ [ETH/USDT] 대기 (trending) | 롱: 2/11점, 숏: 3/11점
2025-06-17 01:31:00,667 INFO:⚪ [XRP/USDT] 대기 (trending) | 롱: 3/11점, 숏: 7/11점
2025-06-17 01:31:00,946 INFO:⚪ [SOL/USDT] 대기 (trending) | 롱: 5/11점, 숏: 0/11점
2025-06-17 01:31:01,240 INFO:⚪ [ETH/USDT] 대기 (trending) | 롱: 5/11점, 숏: 3/11점
2025-06-17 01:32:00,460 INFO:⚪ [XRP/USDT] 대기 (trending) | 롱: 2/11점, 숏: 6/11점
2025-06-17 01:32:00,740 INFO:⚪ [SOL/USDT] 대기 (trending) | 롱: 8/11점, 숏: 0/11점
2025-06-17 01:32:01,009 INFO:⚪ [ETH/USDT] 대기 (trending) | 롱: 5/11점, 숏: 3/11점
2025-06-17 01:33:00,247 INFO:⚪ [XRP/USDT] 대기 (trending) | 롱: 6/11점, 숏: 4/11점
2025-06-17 01:33:00,541 INFO:⚪ [SOL/USDT] 대기 (trending) | 롱: 6/11점, 숏: 4/11점
2025-06-17 01:33:00,833 INFO:⚪ [ETH/USDT] 대기 (trending) | 롱: 3/11점, 숏: 4/11점
2025-06-17 01:34:01,050 INFO:⚪ [XRP/USDT] 대기 (trending) | 롱: 2/11점, 숏: 6/11점
2025-06-17 01:34:01,347 INFO:⚪ [SOL/USDT] 대기 (trending) | 롱: 2/11점, 숏: 2/11점
2025-06-17 01:34:01,640 INFO:⚪ [ETH/USDT] 대기 (trending) | 롱: 2/11점, 숏: 3/11점
2025-06-17 01:35:00,869 INFO:⚪ [XRP/USDT] 대기 (trending) | 롱: 2/11점, 숏: 6/11점
2025-06-17 01:35:01,172 INFO:⚪ [SOL/USDT] 대기 (trending) | 롱: 6/11점, 숏: 1/11점
2025-06-17 01:35:01,434 INFO:⚪ [ETH/USDT] 대기 (trending) | 롱: 2/11점, 숏: 3/11점
2025-06-17 01:36:00,668 INFO:⚪ [XRP/USDT] 대기 (trending) | 롱: 3/11점, 숏: 7/11점
2025-06-17 01:36:00,957 INFO:⚪ [SOL/USDT] 대기 (trending) | 롱: 2/11점, 숏: 3/11점
2025-06-17 01:36:01,241 INFO:⚪ [ETH/USDT] 대기 (trending) | 롱: 3/11점, 숏: 7/11점
2025-06-17 01:37:00,457 INFO:⚪ [XRP/USDT] 대기 (trending) | 롱: 2/11점, 숏: 6/11점
2025-06-17 01:37:00,746 INFO:⚪ [SOL/USDT] 대기 (trending) | 롱: 5/11점, 숏: 0/11점
2025-06-17 01:37:01,101 INFO:⚪ [ETH/USDT] 대기 (trending) | 롱: 5/11점, 숏: 3/11점
2025-06-17 01:38:00,339 INFO:⚪ [XRP/USDT] 대기 (trending) | 롱: 2/11점, 숏: 6/11점
2025-06-17 01:38:00,621 INFO:⚪ [SOL/USDT] 대기 (trending) | 롱: 3/11점, 숏: 4/11점
2025-06-17 01:38:00,898 INFO:⚪ [ETH/USDT] 대기 (trending) | 롱: 3/11점, 숏: 7/11점
2025-06-17 01:39:01,155 INFO:⚪ [XRP/USDT] 대기 (trending) | 롱: 6/11점, 숏: 4/11점
2025-06-17 01:39:01,442 INFO:⚪ [SOL/USDT] 대기 (trending) | 롱: 5/11점, 숏: 0/11점
2025-06-17 01:39:01,750 INFO:⚪ [ETH/USDT] 대기 (trending) | 롱: 5/11점, 숏: 3/11점
2025-06-17 01:40:00,970 INFO:⚪ [XRP/USDT] 대기 (trending) | 롱: 6/11점, 숏: 5/11점
2025-06-17 01:40:01,258 INFO:⚪ [SOL/USDT] 대기 (trending) | 롱: 2/11점, 숏: 2/11점
2025-06-17 01:40:01,560 INFO:⚪ [ETH/USDT] 대기 (trending) | 롱: 4/11점, 숏: 3/11점
2025-06-17 01:41:00,791 INFO:⚪ [XRP/USDT] 대기 (trending) | 롱: 5/11점, 숏: 3/11점
2025-06-17 01:41:01,087 INFO:⚪ [SOL/USDT] 대기 (trending) | 롱: 5/11점, 숏: 0/11점
2025-06-17 01:41:01,372 INFO:⚪ [ETH/USDT] 대기 (trending) | 롱: 2/11점, 숏: 5/11점
2025-06-17 01:42:00,587 INFO:⚪ [XRP/USDT] 대기 (trending) | 롱: 3/11점, 숏: 7/11점
2025-06-17 01:42:00,943 WARNING:⚠️ [SOL/USDT] 계산된 증거금($187.36) > 할당 자본($121.63)
2025-06-17 01:42:00,959 INFO:💡 [SOL/USDT] 주문량을 할당 자본 최대치로 재조정 -> 7.7091
2025-06-17 01:42:01,021 INFO:✅ [SOL/USDT] 진입 전, 기존 조건부 주문 취소 완료.
2025-06-17 01:42:01,219 INFO:🚀 [SOL/USDT] 진입 성공! LONG | 수량: 7.7 | 진입가: 157.78
2025-06-17 01:42:01,485 INFO:✅ [SOL/USDT] TP 주문 설정 완료. 발동가: 158.46285714285713
2025-06-17 01:42:01,645 INFO:✅ [SOL/USDT] SL 주문 설정 완료. 발동가: 157.52392857142857
2025-06-17 01:42:01,999 INFO:✍️ [거래 기록] SOL/USDT | LONG | 진입: 157.78
2025-06-17 01:42:02,225 INFO:⚪ [ETH/USDT] 대기 (trending) | 롱: 9/11점, 숏: 4/11점
2025-06-17 01:43:00,455 INFO:⚪ [XRP/USDT] 대기 (trending) | 롱: 2/11점, 숏: 6/11점
2025-06-17 01:43:01,030 INFO:⚪ [ETH/USDT] 대기 (trending) | 롱: 8/11점, 숏: 0/11점
2025-06-17 01:44:00,287 INFO:⚪ [XRP/USDT] 대기 (trending) | 롱: 8/11점, 숏: 3/11점
2025-06-17 01:44:00,854 INFO:⚪ [ETH/USDT] 대기 (trending) | 롱: 6/11점, 숏: 4/11점
2025-06-17 01:45:01,085 INFO:⚪ [XRP/USDT] 대기 (trending) | 롱: 3/11점, 숏: 10/11점
2025-06-17 01:45:01,372 INFO:🔓 [SOL/USDT] 포지션 종료 확인 -> Lock 해제.
2025-06-17 01:45:01,374 INFO:⚪ [SOL/USDT] 대기 (trending) | 롱: 2/11점, 숏: 2/11점
2025-06-17 01:45:01,650 INFO:⚪ [ETH/USDT] 대기 (trending) | 롱: 3/11점, 숏: 10/11점
2025-06-17 01:46:00,883 INFO:⚪ [XRP/USDT] 대기 (trending) | 롱: 8/11점, 숏: 3/11점
2025-06-17 01:46:01,175 INFO:⚪ [SOL/USDT] 대기 (trending) | 롱: 3/11점, 숏: 7/11점
2025-06-17 01:46:01,454 INFO:⚪ [ETH/USDT] 대기 (trending) | 롱: 0/11점, 숏: 8/11점
2025-06-17 01:47:00,690 INFO:⚪ [XRP/USDT] 대기 (trending) | 롱: 6/11점, 숏: 7/11점
2025-06-17 01:47:00,978 INFO:⚪ [SOL/USDT] 대기 (trending) | 롱: 2/11점, 숏: 6/11점
2025-06-17 01:47:01,280 INFO:⚪ [ETH/USDT] 대기 (trending) | 롱: 0/11점, 숏: 8/11점
2025-06-17 01:48:00,517 INFO:⚪ [XRP/USDT] 대기 (trending) | 롱: 5/11점, 숏: 0/11점
2025-06-17 01:48:00,802 INFO:⚪ [SOL/USDT] 대기 (trending) | 롱: 5/11점, 숏: 3/11점
2025-06-17 01:48:01,072 INFO:⚪ [ETH/USDT] 대기 (trending) | 롱: 5/11점, 숏: 3/11점
2025-06-17 01:49:00,306 INFO:⚪ [XRP/USDT] 대기 (trending) | 롱: 9/11점, 숏: 1/11점
2025-06-17 01:49:00,577 INFO:⚪ [SOL/USDT] 대기 (trending) | 롱: 5/11점, 숏: 3/11점
2025-06-17 01:49:00,876 INFO:⚪ [ETH/USDT] 대기 (trending) | 롱: 2/11점, 숏: 6/11점
2025-06-17 01:50:01,116 INFO:⚪ [XRP/USDT] 대기 (trending) | 롱: 5/11점, 숏: 3/11점
2025-06-17 01:50:01,405 INFO:⚪ [SOL/USDT] 대기 (trending) | 롱: 5/11점, 숏: 3/11점
2025-06-17 01:50:01,676 INFO:⚪ [ETH/USDT] 대기 (trending) | 롱: 5/11점, 숏: 3/11점
2025-06-17 01:51:00,896 INFO:⚪ [XRP/USDT] 대기 (trending) | 롱: 8/11점, 숏: 0/11점
2025-06-17 01:51:01,182 INFO:⚪ [SOL/USDT] 대기 (trending) | 롱: 2/11점, 숏: 6/11점
2025-06-17 01:51:01,483 INFO:⚪ [ETH/USDT] 대기 (trending) | 롱: 5/11점, 숏: 3/11점
2025-06-17 01:52:00,728 INFO:⚪ [XRP/USDT] 대기 (trending) | 롱: 6/11점, 숏: 2/11점
2025-06-17 01:52:01,019 INFO:⚪ [SOL/USDT] 대기 (trending) | 롱: 5/11점, 숏: 3/11점
2025-06-17 01:52:01,302 INFO:⚪ [ETH/USDT] 대기 (trending) | 롱: 5/11점, 숏: 3/11점
2025-06-17 01:53:00,538 INFO:⚪ [XRP/USDT] 대기 (trending) | 롱: 8/11점, 숏: 0/11점
2025-06-17 01:53:00,816 INFO:⚪ [SOL/USDT] 대기 (trending) | 롱: 6/11점, 숏: 4/11점
2025-06-17 01:53:01,095 INFO:⚪ [ETH/USDT] 대기 (trending) | 롱: 5/11점, 숏: 3/11점
2025-06-17 01:54:00,311 INFO:⚪ [XRP/USDT] 대기 (trending) | 롱: 9/11점, 숏: 1/11점
2025-06-17 01:54:00,614 INFO:⚪ [SOL/USDT] 대기 (trending) | 롱: 2/11점, 숏: 2/11점
2025-06-17 01:54:00,896 INFO:⚪ [ETH/USDT] 대기 (trending) | 롱: 9/11점, 숏: 1/11점
2025-06-17 01:55:01,245 INFO:⚪ [XRP/USDT] 대기 (trending) | 롱: 5/11점, 숏: 3/11점
2025-06-17 01:55:01,518 INFO:⚪ [SOL/USDT] 대기 (trending) | 롱: 2/11점, 숏: 9/11점
2025-06-17 01:55:01,777 INFO:⚪ [ETH/USDT] 대기 (trending) | 롱: 2/11점, 숏: 6/11점
2025-06-17 01:56:01,002 INFO:⚪ [XRP/USDT] 대기 (trending) | 롱: 8/11점, 숏: 0/11점
2025-06-17 01:56:01,284 INFO:⚪ [SOL/USDT] 대기 (trending) | 롱: 5/11점, 숏: 0/11점
2025-06-17 01:56:01,575 INFO:⚪ [ETH/USDT] 대기 (trending) | 롱: 5/11점, 숏: 0/11점
2025-06-17 01:57:00,815 INFO:⚪ [XRP/USDT] 대기 (trending) | 롱: 9/11점, 숏: 1/11점
2025-06-17 01:57:01,099 INFO:⚪ [SOL/USDT] 대기 (trending) | 롱: 4/11점, 숏: 0/11점
2025-06-17 01:57:01,372 INFO:⚪ [ETH/USDT] 대기 (trending) | 롱: 8/11점, 숏: 0/11점
2025-06-17 01:58:00,590 INFO:⚪ [XRP/USDT] 대기 (trending) | 롱: 6/11점, 숏: 4/11점
2025-06-17 01:58:00,899 INFO:⚪ [SOL/USDT] 대기 (trending) | 롱: 9/11점, 숏: 1/11점
2025-06-17 01:58:01,183 INFO:⚪ [ETH/USDT] 대기 (trending) | 롱: 9/11점, 숏: 1/11점
2025-06-17 01:59:00,387 INFO:⚪ [XRP/USDT] 대기 (trending) | 롱: 5/11점, 숏: 3/11점
2025-06-17 01:59:00,682 INFO:⚪ [SOL/USDT] 대기 (trending) | 롱: 8/11점, 숏: 3/11점
2025-06-17 01:59:00,964 INFO:⚪ [ETH/USDT] 대기 (trending) | 롱: 8/11점, 숏: 3/11점
2025-06-17 02:00:02,076 INFO:⚪ [XRP/USDT] 대기 (trending) | 롱: 8/11점, 숏: 0/11점
2025-06-17 02:00:02,348 INFO:⚪ [SOL/USDT] 대기 (trending) | 롱: 6/11점, 숏: 4/11점
2025-06-17 02:00:02,640 INFO:⚪ [ETH/USDT] 대기 (trending) | 롱: 6/11점, 숏: 4/11점
2025-06-17 02:01:00,873 INFO:⚪ [XRP/USDT] 대기 (trending) | 롱: 9/11점, 숏: 1/11점
2025-06-17 02:01:01,144 INFO:⚪ [SOL/USDT] 대기 (trending) | 롱: 8/11점, 숏: 0/11점
2025-06-17 02:01:01,422 INFO:⚪ [ETH/USDT] 대기 (trending) | 롱: 2/11점, 숏: 5/11점
2025-06-17 02:02:00,655 INFO:⚪ [XRP/USDT] 대기 (trending) | 롱: 8/11점, 숏: 0/11점
2025-06-17 02:02:00,941 INFO:⚪ [SOL/USDT] 대기 (trending) | 롱: 5/11점, 숏: 3/11점
2025-06-17 02:02:01,242 INFO:⚪ [ETH/USDT] 대기 (trending) | 롱: 5/11점, 숏: 3/11점
2025-06-17 02:03:00,464 INFO:⚪ [XRP/USDT] 대기 (trending) | 롱: 9/11점, 숏: 1/11점
2025-06-17 02:03:00,746 INFO:⚪ [SOL/USDT] 대기 (trending) | 롱: 6/11점, 숏: 4/11점
2025-06-17 02:03:01,027 INFO:⚪ [ETH/USDT] 대기 (trending) | 롱: 2/11점, 숏: 6/11점
2025-06-17 02:04:00,244 INFO:⚪ [XRP/USDT] 대기 (trending) | 롱: 9/11점, 숏: 1/11점
2025-06-17 02:04:00,521 INFO:⚪ [SOL/USDT] 대기 (trending) | 롱: 8/11점, 숏: 0/11점
2025-06-17 02:04:00,789 INFO:⚪ [ETH/USDT] 대기 (trending) | 롱: 5/11점, 숏: 3/11점
2025-06-17 02:05:01,025 INFO:⚪ [XRP/USDT] 대기 (trending) | 롱: 7/11점, 숏: 0/11점
2025-06-17 02:05:01,319 INFO:⚪ [SOL/USDT] 대기 (trending) | 롱: 9/11점, 숏: 1/11점
2025-06-17 02:05:01,608 INFO:⚪ [ETH/USDT] 대기 (trending) | 롱: 6/11점, 숏: 4/11점
2025-06-17 02:06:00,864 INFO:⚪ [XRP/USDT] 대기 (trending) | 롱: 5/11점, 숏: 3/11점
2025-06-17 02:06:01,159 INFO:⚪ [SOL/USDT] 대기 (trending) | 롱: 5/11점, 숏: 3/11점
2025-06-17 02:06:01,444 INFO:⚪ [ETH/USDT] 대기 (trending) | 롱: 2/11점, 숏: 9/11점
2025-06-17 02:07:00,681 INFO:⚪ [XRP/USDT] 대기 (trending) | 롱: 5/11점, 숏: 6/11점
2025-06-17 02:07:00,966 INFO:⚪ [SOL/USDT] 대기 (trending) | 롱: 8/11점, 숏: 0/11점
2025-06-17 02:07:01,252 INFO:⚪ [ETH/USDT] 대기 (trending) | 롱: 2/11점, 숏: 5/11점
2025-06-17 02:08:00,600 INFO:✅ [XRP/USDT] 진입 전, 기존 조건부 주문 취소 완료.
2025-06-17 02:08:00,816 INFO:🚀 [XRP/USDT] 진입 성공! LONG | 수량: 721.3 | 진입가: 2.3124
2025-06-17 02:08:01,023 INFO:✅ [XRP/USDT] TP 주문 설정 완료. 발동가: 2.3259428571428575
2025-06-17 02:08:01,267 INFO:✅ [XRP/USDT] SL 주문 설정 완료. 발동가: 2.3075964285714288
2025-06-17 02:08:01,808 INFO:✍️ [거래 기록] XRP/USDT | LONG | 진입: 2.3126
2025-06-17 02:08:02,022 INFO:⚪ [SOL/USDT] 대기 (trending) | 롱: 5/11점, 숏: 3/11점
2025-06-17 02:08:02,324 INFO:⚪ [ETH/USDT] 대기 (trending) | 롱: 2/11점, 숏: 5/11점
2025-06-17 02:09:00,838 INFO:⚪ [SOL/USDT] 대기 (trending) | 롱: 9/11점, 숏: 1/11점
2025-06-17 02:09:01,132 INFO:⚪ [ETH/USDT] 대기 (trending) | 롱: 2/11점, 숏: 6/11점
2025-06-17 02:10:00,696 INFO:⚪ [SOL/USDT] 대기 (trending) | 롱: 5/11점, 숏: 6/11점
2025-06-17 02:10:00,945 INFO:⚪ [ETH/USDT] 대기 (trending) | 롱: 2/11점, 숏: 5/11점
2025-06-17 02:11:01,445 INFO:⚪ [SOL/USDT] 대기 (trending) | 롱: 5/11점, 숏: 5/11점
2025-06-17 02:11:01,748 INFO:⚪ [ETH/USDT] 대기 (trending) | 롱: 5/11점, 숏: 3/11점
2025-06-17 02:12:01,263 INFO:⚪ [SOL/USDT] 대기 (trending) | 롱: 5/11점, 숏: 6/11점
2025-06-17 02:12:01,555 INFO:⚪ [ETH/USDT] 대기 (trending) | 롱: 3/11점, 숏: 7/11점
2025-06-17 02:13:01,077 INFO:⚪ [SOL/USDT] 대기 (trending) | 롱: 2/11점, 숏: 3/11점
2025-06-17 02:13:01,381 INFO:⚪ [ETH/USDT] 대기 (trending) | 롱: 2/11점, 숏: 6/11점
2025-06-17 02:14:00,990 INFO:⚪ [SOL/USDT] 대기 (trending) | 롱: 6/11점, 숏: 5/11점
2025-06-17 02:14:01,283 INFO:⚪ [ETH/USDT] 대기 (trending) | 롱: 9/11점, 숏: 4/11점
2025-06-17 02:15:00,891 INFO:⚪ [SOL/USDT] 대기 (trending) | 롱: 2/11점, 숏: 6/11점
2025-06-17 02:15:01,156 INFO:⚪ [ETH/USDT] 대기 (trending) | 롱: 2/11점, 숏: 9/11점
2025-06-17 02:16:00,728 INFO:⚪ [SOL/USDT] 대기 (trending) | 롱: 3/11점, 숏: 7/11점
2025-06-17 02:16:01,025 INFO:⚪ [ETH/USDT] 대기 (trending) | 롱: 3/11점, 숏: 7/11점
2025-06-17 02:17:00,591 INFO:⚪ [SOL/USDT] 대기 (trending) | 롱: 5/11점, 숏: 3/11점
2025-06-17 02:17:00,886 INFO:⚪ [ETH/USDT] 대기 (trending) | 롱: 6/11점, 숏: 4/11점
2025-06-17 02:18:01,451 INFO:⚪ [SOL/USDT] 대기 (trending) | 롱: 5/11점, 숏: 3/11점
2025-06-17 02:18:01,735 INFO:⚪ [ETH/USDT] 대기 (trending) | 롱: 5/11점, 숏: 2/11점
2025-06-17 02:19:01,309 INFO:⚪ [SOL/USDT] 대기 (trending) | 롱: 2/11점, 숏: 6/11점
2025-06-17 02:19:01,591 INFO:⚪ [ETH/USDT] 대기 (trending) | 롱: 5/11점, 숏: 3/11점
2025-06-17 02:20:01,159 INFO:⚪ [SOL/USDT] 대기 (trending) | 롱: 9/11점, 숏: 1/11점
2025-06-17 02:20:01,468 INFO:⚪ [ETH/USDT] 대기 (trending) | 롱: 5/11점, 숏: 2/11점
2025-06-17 02:21:01,032 INFO:⚪ [SOL/USDT] 대기 (trending) | 롱: 9/11점, 숏: 1/11점
2025-06-17 02:21:01,317 INFO:⚪ [ETH/USDT] 대기 (trending) | 롱: 6/11점, 숏: 4/11점
2025-06-17 02:22:00,842 INFO:⚪ [SOL/USDT] 대기 (trending) | 롱: 5/11점, 숏: 3/11점
2025-06-17 02:22:01,130 INFO:⚪ [ETH/USDT] 대기 (trending) | 롱: 8/11점, 숏: 0/11점
2025-06-17 02:23:00,703 INFO:⚪ [SOL/USDT] 대기 (trending) | 롱: 5/11점, 숏: 3/11점
2025-06-17 02:23:01,001 INFO:⚪ [ETH/USDT] 대기 (trending) | 롱: 5/11점, 숏: 3/11점
2025-06-17 02:24:00,517 INFO:⚪ [SOL/USDT] 대기 (trending) | 롱: 5/11점, 숏: 3/11점
2025-06-17 02:24:00,807 INFO:⚪ [ETH/USDT] 대기 (trending) | 롱: 8/11점, 숏: 0/11점
2025-06-17 02:25:01,332 INFO:⚪ [SOL/USDT] 대기 (trending) | 롱: 6/11점, 숏: 4/11점
2025-06-17 02:25:01,631 INFO:⚪ [ETH/USDT] 대기 (trending) | 롱: 6/11점, 숏: 4/11점
2025-06-17 02:26:01,157 INFO:⚪ [SOL/USDT] 대기 (trending) | 롱: 8/11점, 숏: 0/11점
2025-06-17 02:26:01,450 INFO:⚪ [ETH/USDT] 대기 (trending) | 롱: 5/11점, 숏: 3/11점
2025-06-17 02:27:00,965 INFO:⚪ [SOL/USDT] 대기 (trending) | 롱: 8/11점, 숏: 0/11점
2025-06-17 02:27:01,243 INFO:⚪ [ETH/USDT] 대기 (trending) | 롱: 5/11점, 숏: 2/11점
2025-06-17 02:28:00,778 INFO:⚪ [SOL/USDT] 대기 (trending) | 롱: 5/11점, 숏: 3/11점
2025-06-17 02:28:01,059 INFO:⚪ [ETH/USDT] 대기 (trending) | 롱: 5/11점, 숏: 3/11점
2025-06-17 02:29:00,598 INFO:⚪ [SOL/USDT] 대기 (trending) | 롱: 6/11점, 숏: 4/11점
2025-06-17 02:29:00,878 INFO:⚪ [ETH/USDT] 대기 (trending) | 롱: 8/11점, 숏: 0/11점
2025-06-17 02:30:01,466 INFO:⚪ [SOL/USDT] 대기 (trending) | 롱: 2/11점, 숏: 6/11점
2025-06-17 02:30:01,674 INFO:⚪ [ETH/USDT] 대기 (trending) | 롱: 5/11점, 숏: 3/11점
2025-06-17 02:31:01,177 INFO:⚪ [SOL/USDT] 대기 (trending) | 롱: 5/11점, 숏: 6/11점
2025-06-17 02:31:01,460 INFO:⚪ [ETH/USDT] 대기 (trending) | 롱: 8/11점, 숏: 0/11점
2025-06-17 02:32:00,967 INFO:⚪ [SOL/USDT] 대기 (trending) | 롱: 5/11점, 숏: 3/11점
2025-06-17 02:32:01,244 INFO:⚪ [ETH/USDT] 대기 (trending) | 롱: 9/11점, 숏: 1/11점
2025-06-17 02:33:00,766 INFO:⚪ [SOL/USDT] 대기 (trending) | 롱: 2/11점, 숏: 6/11점
2025-06-17 02:33:01,048 INFO:⚪ [ETH/USDT] 대기 (trending) | 롱: 5/11점, 숏: 2/11점
2025-06-17 02:34:00,565 INFO:⚪ [SOL/USDT] 대기 (trending) | 롱: 3/11점, 숏: 7/11점
2025-06-17 02:34:00,843 INFO:⚪ [ETH/USDT] 대기 (trending) | 롱: 5/11점, 숏: 3/11점
2025-06-17 02:35:01,348 INFO:⚪ [SOL/USDT] 대기 (trending) | 롱: 5/11점, 숏: 3/11점
2025-06-17 02:35:01,675 WARNING:⚠️ [ETH/USDT] 계산된 증거금($534.22) > 할당 자본($240.37)
2025-06-17 02:35:01,675 INFO:💡 [ETH/USDT] 주문량을 할당 자본 최대치로 재조정 -> 0.9104
2025-06-17 02:35:01,751 INFO:✅ [ETH/USDT] 진입 전, 기존 조건부 주문 취소 완료.
2025-06-17 02:35:01,955 INFO:🚀 [ETH/USDT] 진입 성공! LONG | 수량: 0.91 | 진입가: 2640.8
2025-06-17 02:35:02,156 INFO:✅ [ETH/USDT] TP 주문 설정 완료. 발동가: 2648.26
2025-06-17 02:35:02,367 INFO:✅ [ETH/USDT] SL 주문 설정 완료. 발동가: 2637.3700000000003
2025-06-17 02:35:02,839 INFO:✍️ [거래 기록] ETH/USDT | LONG | 진입: 2640.34
2025-06-17 02:36:01,412 INFO:⚪ [SOL/USDT] 대기 (trending) | 롱: 2/11점, 숏: 6/11점
2025-06-17 02:37:01,142 INFO:⚪ [SOL/USDT] 대기 (trending) | 롱: 5/11점, 숏: 3/11점
2025-06-17 02:38:00,942 INFO:⚪ [SOL/USDT] 대기 (trending) | 롱: 4/11점, 숏: 0/11점
2025-06-17 02:39:00,846 WARNING:⚠️ [SOL/USDT] 계산된 증거금($306.93) > 할당 자본($241.11)
2025-06-17 02:39:00,846 INFO:💡 [SOL/USDT] 주문량을 할당 자본 최대치로 재조정 -> 15.2919
2025-06-17 02:39:00,972 INFO:✅ [SOL/USDT] 진입 전, 기존 조건부 주문 취소 완료.
2025-06-17 02:39:01,185 INFO:🚀 [SOL/USDT] 진입 성공! LONG | 수량: 15.29 | 진입가: 157.66
2025-06-17 02:39:01,327 INFO:✅ [SOL/USDT] TP 주문 설정 완료. 발동가: 158.49571428571426
2025-06-17 02:39:01,541 INFO:✅ [SOL/USDT] SL 주문 설정 완료. 발동가: 157.36035714285714
2025-06-17 02:39:02,069 INFO:✍️ [거래 기록] SOL/USDT | LONG | 진입: 157.67
2025-06-17 02:40:00,877 INFO:🔓 [SOL/USDT] 포지션 종료 확인 -> Lock 해제.
2025-06-17 02:40:00,878 INFO:⚪ [SOL/USDT] 대기 (trending) | 롱: 2/11점, 숏: 5/11점
2025-06-17 02:40:01,163 INFO:🔓 [ETH/USDT] 포지션 종료 확인 -> Lock 해제.
2025-06-17 02:40:01,163 INFO:⚪ [ETH/USDT] 대기 (trending) | 롱: 2/11점, 숏: 2/11점
2025-06-17 02:41:00,708 INFO:⚪ [SOL/USDT] 대기 (trending) | 롱: 9/11점, 숏: 1/11점
2025-06-17 02:41:01,005 INFO:⚪ [ETH/USDT] 대기 (trending) | 롱: 5/11점, 숏: 0/11점
2025-06-17 02:42:00,585 INFO:⚪ [SOL/USDT] 대기 (trending) | 롱: 8/11점, 숏: 2/11점
2025-06-17 02:42:00,875 INFO:⚪ [ETH/USDT] 대기 (trending) | 롱: 2/11점, 숏: 6/11점
2025-06-17 02:43:01,398 INFO:⚪ [SOL/USDT] 대기 (trending) | 롱: 5/11점, 숏: 3/11점
2025-06-17 02:43:01,678 INFO:⚪ [ETH/USDT] 대기 (trending) | 롱: 2/11점, 숏: 6/11점
2025-06-17 02:44:01,188 INFO:⚪ [SOL/USDT] 대기 (trending) | 롱: 5/11점, 숏: 3/11점
2025-06-17 02:44:01,480 INFO:⚪ [ETH/USDT] 대기 (trending) | 롱: 2/11점, 숏: 6/11점
2025-06-17 02:45:00,991 INFO:⚪ [SOL/USDT] 대기 (trending) | 롱: 8/11점, 숏: 0/11점
2025-06-17 02:45:01,359 INFO:⚪ [ETH/USDT] 대기 (trending) | 롱: 3/11점, 숏: 7/11점
2025-06-17 02:46:00,886 INFO:⚪ [SOL/USDT] 대기 (trending) | 롱: 3/11점, 숏: 7/11점
2025-06-17 02:46:01,171 INFO:⚪ [ETH/USDT] 대기 (trending) | 롱: 5/11점, 숏: 3/11점
2025-06-17 02:47:00,685 INFO:⚪ [SOL/USDT] 대기 (trending) | 롱: 8/11점, 숏: 0/11점
2025-06-17 02:47:00,978 INFO:⚪ [ETH/USDT] 대기 (trending) | 롱: 6/11점, 숏: 4/11점
2025-06-17 02:48:01,490 INFO:⚪ [SOL/USDT] 대기 (trending) | 롱: 3/11점, 숏: 8/11점
2025-06-17 02:48:01,768 INFO:⚪ [ETH/USDT] 대기 (trending) | 롱: 2/11점, 숏: 6/11점
2025-06-17 02:49:01,347 INFO:⚪ [SOL/USDT] 대기 (trending) | 롱: 2/11점, 숏: 8/11점
2025-06-17 02:49:01,607 INFO:⚪ [ETH/USDT] 대기 (trending) | 롱: 2/11점, 숏: 5/11점
2025-06-17 02:50:01,254 INFO:⚪ [SOL/USDT] 대기 (trending) | 롱: 2/11점, 숏: 5/11점
2025-06-17 02:50:01,551 INFO:⚪ [ETH/USDT] 대기 (trending) | 롱: 5/11점, 숏: 3/11점
2025-06-17 02:51:01,117 INFO:⚪ [SOL/USDT] 대기 (trending) | 롱: 2/11점, 숏: 6/11점
2025-06-17 02:51:01,398 INFO:⚪ [ETH/USDT] 대기 (trending) | 롱: 3/11점, 숏: 7/11점
2025-06-17 02:52:00,900 INFO:⚪ [SOL/USDT] 대기 (trending) | 롱: 2/11점, 숏: 5/11점
2025-06-17 02:52:01,256 INFO:⚪ [ETH/USDT] 대기 (trending) | 롱: 0/11점, 숏: 8/11점
2025-06-17 02:53:00,815 INFO:⚪ [SOL/USDT] 대기 (trending) | 롱: 3/11점, 숏: 7/11점
2025-06-17 02:53:01,106 INFO:⚪ [ETH/USDT] 대기 (trending) | 롱: 6/11점, 숏: 4/11점
2025-06-17 02:54:00,672 INFO:⚪ [SOL/USDT] 대기 (trending) | 롱: 8/11점, 숏: 3/11점
2025-06-17 02:54:00,940 INFO:⚪ [ETH/USDT] 대기 (trending) | 롱: 5/11점, 숏: 3/11점
2025-06-17 02:55:01,505 INFO:⚪ [SOL/USDT] 대기 (trending) | 롱: 2/11점, 숏: 6/11점
2025-06-17 02:55:01,786 INFO:⚪ [ETH/USDT] 대기 (trending) | 롱: 2/11점, 숏: 6/11점
2025-06-17 02:56:01,307 INFO:⚪ [SOL/USDT] 대기 (trending) | 롱: 3/11점, 숏: 7/11점
2025-06-17 02:56:01,582 INFO:⚪ [ETH/USDT] 대기 (trending) | 롱: 0/11점, 숏: 8/11점
2025-06-17 02:57:01,092 INFO:⚪ [SOL/USDT] 대기 (trending) | 롱: 5/11점, 숏: 3/11점
2025-06-17 02:57:01,380 INFO:⚪ [ETH/USDT] 대기 (trending) | 롱: 5/11점, 숏: 3/11점
2025-06-17 02:58:00,910 INFO:⚪ [SOL/USDT] 대기 (trending) | 롱: 2/11점, 숏: 6/11점
2025-06-17 02:58:01,172 INFO:⚪ [ETH/USDT] 대기 (trending) | 롱: 0/11점, 숏: 8/11점
2025-06-17 02:59:00,386 INFO:🔓 [XRP/USDT] 포지션 종료 확인 -> Lock 해제.
2025-06-17 02:59:00,402 INFO:⚪ [XRP/USDT] 대기 (trending) | 롱: 2/11점, 숏: 6/11점
2025-06-17 02:59:00,682 INFO:⚪ [SOL/USDT] 대기 (trending) | 롱: 3/11점, 숏: 7/11점
2025-06-17 02:59:00,953 INFO:⚪ [ETH/USDT] 대기 (trending) | 롱: 4/11점, 숏: 6/11점
2025-06-17 03:00:01,289 INFO:⚪ [XRP/USDT] 대기 (trending) | 롱: 2/11점, 숏: 6/11점
2025-06-17 03:00:01,709 INFO:⚪ [SOL/USDT] 대기 (trending) | 롱: 2/11점, 숏: 6/11점
2025-06-17 03:00:01,917 INFO:⚪ [ETH/USDT] 대기 (trending) | 롱: 5/11점, 숏: 3/11점
2025-06-17 03:01:01,143 INFO:⚪ [XRP/USDT] 대기 (trending) | 롱: 3/11점, 숏: 7/11점
2025-06-17 03:01:01,422 INFO:⚪ [SOL/USDT] 대기 (trending) | 롱: 2/11점, 숏: 6/11점
2025-06-17 03:01:01,711 INFO:⚪ [ETH/USDT] 대기 (trending) | 롱: 3/11점, 숏: 7/11점
2025-06-17 03:02:00,930 INFO:⚪ [XRP/USDT] 대기 (trending) | 롱: 5/11점, 숏: 3/11점
2025-06-17 03:02:01,197 INFO:⚪ [SOL/USDT] 대기 (trending) | 롱: 2/11점, 숏: 6/11점
2025-06-17 03:02:01,478 INFO:⚪ [ETH/USDT] 대기 (trending) | 롱: 8/11점, 숏: 3/11점
2025-06-17 03:03:00,717 INFO:⚪ [XRP/USDT] 대기 (trending) | 롱: 5/11점, 숏: 3/11점
2025-06-17 03:03:00,992 INFO:⚪ [SOL/USDT] 대기 (trending) | 롱: 2/11점, 숏: 6/11점
2025-06-17 03:03:01,259 INFO:⚪ [ETH/USDT] 대기 (trending) | 롱: 2/11점, 숏: 6/11점
2025-06-17 03:04:00,482 INFO:⚪ [XRP/USDT] 대기 (trending) | 롱: 2/11점, 숏: 6/11점
2025-06-17 03:04:00,758 INFO:⚪ [SOL/USDT] 대기 (trending) | 롱: 5/11점, 숏: 3/11점
2025-06-17 03:04:01,023 INFO:⚪ [ETH/USDT] 대기 (trending) | 롱: 5/11점, 숏: 3/11점
2025-06-17 03:05:00,263 INFO:⚪ [XRP/USDT] 대기 (trending) | 롱: 6/11점, 숏: 4/11점
2025-06-17 03:05:00,541 INFO:⚪ [SOL/USDT] 대기 (trending) | 롱: 2/11점, 숏: 6/11점
2025-06-17 03:05:00,831 INFO:⚪ [ETH/USDT] 대기 (trending) | 롱: 5/11점, 숏: 3/11점
2025-06-17 03:06:01,064 INFO:⚪ [XRP/USDT] 대기 (trending) | 롱: 5/11점, 숏: 3/11점
2025-06-17 03:06:01,340 INFO:⚪ [SOL/USDT] 대기 (trending) | 롱: 5/11점, 숏: 3/11점
2025-06-17 03:06:01,614 INFO:⚪ [ETH/USDT] 대기 (trending) | 롱: 5/11점, 숏: 0/11점
2025-06-17 03:07:00,839 INFO:⚪ [XRP/USDT] 대기 (trending) | 롱: 2/11점, 숏: 6/11점
2025-06-17 03:07:01,113 INFO:⚪ [SOL/USDT] 대기 (trending) | 롱: 2/11점, 숏: 6/11점
2025-06-17 03:07:01,395 INFO:⚪ [ETH/USDT] 대기 (trending) | 롱: 3/11점, 숏: 4/11점
2025-06-17 03:08:00,616 INFO:⚪ [XRP/USDT] 대기 (trending) | 롱: 5/11점, 숏: 3/11점
2025-06-17 03:08:00,890 INFO:⚪ [SOL/USDT] 대기 (trending) | 롱: 5/11점, 숏: 3/11점
2025-06-17 03:08:01,171 INFO:⚪ [ETH/USDT] 대기 (trending) | 롱: 5/11점, 숏: 0/11점
2025-06-17 03:09:00,382 INFO:⚪ [XRP/USDT] 대기 (trending) | 롱: 5/11점, 숏: 0/11점
2025-06-17 03:09:00,658 INFO:⚪ [SOL/USDT] 대기 (trending) | 롱: 8/11점, 숏: 3/11점
2025-06-17 03:09:00,939 INFO:⚪ [ETH/USDT] 대기 (trending) | 롱: 7/11점, 숏: 0/11점
2025-06-17 03:10:01,168 INFO:⚪ [XRP/USDT] 대기 (trending) | 롱: 9/11점, 숏: 1/11점
2025-06-17 03:10:01,459 INFO:⚪ [SOL/USDT] 대기 (trending) | 롱: 2/11점, 숏: 3/11점
2025-06-17 03:10:01,748 INFO:⚪ [ETH/USDT] 대기 (trending) | 롱: 9/11점, 숏: 1/11점
2025-06-17 03:11:00,976 INFO:⚪ [XRP/USDT] 대기 (trending) | 롱: 2/11점, 숏: 3/11점
2025-06-17 03:11:01,253 INFO:⚪ [SOL/USDT] 대기 (trending) | 롱: 2/11점, 숏: 3/11점
2025-06-17 03:11:01,546 INFO:⚪ [ETH/USDT] 대기 (trending) | 롱: 5/11점, 숏: 3/11점
2025-06-17 03:12:00,777 INFO:⚪ [XRP/USDT] 대기 (trending) | 롱: 2/11점, 숏: 3/11점
2025-06-17 03:12:01,050 INFO:⚪ [SOL/USDT] 대기 (trending) | 롱: 2/11점, 숏: 3/11점
2025-06-17 03:12:01,342 INFO:⚪ [ETH/USDT] 대기 (trending) | 롱: 5/11점, 숏: 3/11점
2025-06-17 03:13:00,567 INFO:⚪ [XRP/USDT] 대기 (trending) | 롱: 3/11점, 숏: 4/11점
2025-06-17 03:13:00,838 INFO:⚪ [SOL/USDT] 대기 (trending) | 롱: 3/11점, 숏: 4/11점
2025-06-17 03:13:01,118 INFO:⚪ [ETH/USDT] 대기 (trending) | 롱: 5/11점, 숏: 3/11점
2025-06-17 03:14:00,346 INFO:⚪ [XRP/USDT] 대기 (trending) | 롱: 5/11점, 숏: 0/11점
2025-06-17 03:14:00,645 INFO:⚪ [SOL/USDT] 대기 (trending) | 롱: 5/11점, 숏: 3/11점
2025-06-17 03:14:00,927 INFO:⚪ [ETH/USDT] 대기 (trending) | 롱: 8/11점, 숏: 0/11점
2025-06-17 03:15:01,152 INFO:⚪ [XRP/USDT] 대기 (trending) | 롱: 2/11점, 숏: 3/11점
2025-06-17 03:15:01,443 INFO:⚪ [SOL/USDT] 대기 (trending) | 롱: 6/11점, 숏: 1/11점
2025-06-17 03:15:01,730 INFO:⚪ [ETH/USDT] 대기 (trending) | 롱: 5/11점, 숏: 3/11점
2025-06-17 03:16:00,968 INFO:⚪ [XRP/USDT] 대기 (trending) | 롱: 5/11점, 숏: 0/11점
2025-06-17 03:16:01,246 INFO:⚪ [SOL/USDT] 대기 (trending) | 롱: 6/11점, 숏: 1/11점
2025-06-17 03:16:01,534 INFO:⚪ [ETH/USDT] 대기 (trending) | 롱: 5/11점, 숏: 3/11점
2025-06-17 03:17:00,768 INFO:⚪ [XRP/USDT] 대기 (trending) | 롱: 8/11점, 숏: 0/11점
2025-06-17 03:17:01,057 INFO:⚪ [SOL/USDT] 대기 (trending) | 롱: 8/11점, 숏: 0/11점
2025-06-17 03:17:01,344 INFO:⚪ [ETH/USDT] 대기 (trending) | 롱: 9/11점, 숏: 1/11점
2025-06-17 03:18:00,570 INFO:⚪ [XRP/USDT] 대기 (trending) | 롱: 9/11점, 숏: 1/11점
2025-06-17 03:18:00,847 INFO:⚪ [SOL/USDT] 대기 (trending) | 롱: 9/11점, 숏: 1/11점
2025-06-17 03:18:01,139 INFO:⚪ [ETH/USDT] 대기 (trending) | 롱: 9/11점, 숏: 1/11점
2025-06-17 03:19:00,374 INFO:⚪ [XRP/USDT] 대기 (trending) | 롱: 8/11점, 숏: 0/11점
2025-06-17 03:19:00,661 INFO:⚪ [SOL/USDT] 대기 (trending) | 롱: 5/11점, 숏: 3/11점
2025-06-17 03:19:00,941 INFO:⚪ [ETH/USDT] 대기 (trending) | 롱: 5/11점, 숏: 3/11점
2025-06-17 03:20:01,178 INFO:⚪ [XRP/USDT] 대기 (trending) | 롱: 6/11점, 숏: 4/11점
2025-06-17 03:20:01,471 INFO:⚪ [SOL/USDT] 대기 (trending) | 롱: 9/11점, 숏: 1/11점
2025-06-17 03:20:01,765 INFO:⚪ [ETH/USDT] 대기 (trending) | 롱: 8/11점, 숏: 0/11점
2025-06-17 03:21:00,994 INFO:⚪ [XRP/USDT] 대기 (trending) | 롱: 5/11점, 숏: 3/11점
2025-06-17 03:21:01,269 INFO:⚪ [SOL/USDT] 대기 (trending) | 롱: 6/11점, 숏: 4/11점
2025-06-17 03:21:01,543 INFO:⚪ [ETH/USDT] 대기 (trending) | 롱: 5/11점, 숏: 5/11점
2025-06-17 03:22:00,803 INFO:⚪ [XRP/USDT] 대기 (trending) | 롱: 8/11점, 숏: 0/11점
2025-06-17 03:22:01,073 INFO:⚪ [SOL/USDT] 대기 (trending) | 롱: 8/11점, 숏: 0/11점
2025-06-17 03:22:01,339 INFO:⚪ [ETH/USDT] 대기 (trending) | 롱: 5/11점, 숏: 5/11점
2025-06-17 03:23:00,570 INFO:⚪ [XRP/USDT] 대기 (trending) | 롱: 5/11점, 숏: 5/11점
2025-06-17 03:23:00,855 INFO:⚪ [SOL/USDT] 대기 (trending) | 롱: 9/11점, 숏: 1/11점
2025-06-17 03:23:01,137 INFO:⚪ [ETH/USDT] 대기 (trending) | 롱: 8/11점, 숏: 0/11점
2025-06-17 03:24:00,372 INFO:⚪ [XRP/USDT] 대기 (trending) | 롱: 2/11점, 숏: 6/11점
2025-06-17 03:24:00,643 INFO:⚪ [SOL/USDT] 대기 (trending) | 롱: 9/11점, 숏: 1/11점
2025-06-17 03:24:00,938 INFO:⚪ [ETH/USDT] 대기 (trending) | 롱: 9/11점, 숏: 1/11점
2025-06-17 03:25:01,168 INFO:⚪ [XRP/USDT] 대기 (trending) | 롱: 3/11점, 숏: 7/11점
2025-06-17 03:25:01,446 INFO:⚪ [SOL/USDT] 대기 (trending) | 롱: 9/11점, 숏: 1/11점
2025-06-17 03:25:01,737 INFO:⚪ [ETH/USDT] 대기 (trending) | 롱: 9/11점, 숏: 1/11점
2025-06-17 03:26:00,975 INFO:⚪ [XRP/USDT] 대기 (trending) | 롱: 6/11점, 숏: 4/11점
2025-06-17 03:26:01,252 INFO:⚪ [SOL/USDT] 대기 (trending) | 롱: 5/11점, 숏: 3/11점
2025-06-17 03:26:01,564 INFO:⚪ [ETH/USDT] 대기 (trending) | 롱: 5/11점, 숏: 3/11점
2025-06-17 03:27:00,792 INFO:⚪ [XRP/USDT] 대기 (trending) | 롱: 5/11점, 숏: 3/11점
2025-06-17 03:27:01,085 INFO:⚪ [SOL/USDT] 대기 (trending) | 롱: 8/11점, 숏: 0/11점
2025-06-17 03:27:01,355 INFO:⚪ [ETH/USDT] 대기 (trending) | 롱: 5/11점, 숏: 3/11점
2025-06-17 03:28:00,577 INFO:⚪ [XRP/USDT] 대기 (trending) | 롱: 8/11점, 숏: 3/11점
2025-06-17 03:28:00,854 INFO:⚪ [SOL/USDT] 대기 (trending) | 롱: 9/11점, 숏: 1/11점
2025-06-17 03:28:01,151 INFO:⚪ [ETH/USDT] 대기 (trending) | 롱: 5/11점, 숏: 3/11점
2025-06-17 03:29:00,374 INFO:⚪ [XRP/USDT] 대기 (trending) | 롱: 2/11점, 숏: 9/11점
2025-06-17 03:29:00,660 INFO:⚪ [SOL/USDT] 대기 (trending) | 롱: 5/11점, 숏: 2/11점
2025-06-17 03:29:00,940 INFO:⚪ [ETH/USDT] 대기 (trending) | 롱: 8/11점, 숏: 0/11점
2025-06-17 03:30:01,182 INFO:⚪ [XRP/USDT] 대기 (trending) | 롱: 2/11점, 숏: 6/11점
2025-06-17 03:30:01,473 INFO:⚪ [SOL/USDT] 대기 (trending) | 롱: 5/11점, 숏: 3/11점
2025-06-17 03:30:01,770 INFO:⚪ [ETH/USDT] 대기 (trending) | 롱: 8/11점, 숏: 0/11점
2025-06-17 03:31:01,000 INFO:⚪ [XRP/USDT] 대기 (trending) | 롱: 3/11점, 숏: 7/11점
2025-06-17 03:31:01,286 INFO:⚪ [SOL/USDT] 대기 (trending) | 롱: 6/11점, 숏: 4/11점
2025-06-17 03:31:01,576 INFO:⚪ [ETH/USDT] 대기 (trending) | 롱: 5/11점, 숏: 3/11점
2025-06-17 03:32:00,793 INFO:⚪ [XRP/USDT] 대기 (trending) | 롱: 5/11점, 숏: 3/11점
2025-06-17 03:32:01,088 INFO:⚪ [SOL/USDT] 대기 (trending) | 롱: 5/11점, 숏: 3/11점
2025-06-17 03:32:01,374 INFO:⚪ [ETH/USDT] 대기 (trending) | 롱: 9/11점, 숏: 1/11점
2025-06-17 03:33:00,604 INFO:⚪ [XRP/USDT] 대기 (trending) | 롱: 5/11점, 숏: 3/11점
2025-06-17 03:33:00,886 INFO:⚪ [SOL/USDT] 대기 (trending) | 롱: 9/11점, 숏: 1/11점
2025-06-17 03:33:01,176 INFO:⚪ [ETH/USDT] 대기 (trending) | 롱: 5/11점, 숏: 3/11점
2025-06-17 03:34:00,384 INFO:⚪ [XRP/USDT] 대기 (trending) | 롱: 6/11점, 숏: 4/11점
2025-06-17 03:34:00,677 INFO:⚪ [SOL/USDT] 대기 (trending) | 롱: 5/11점, 숏: 3/11점
2025-06-17 03:34:00,948 INFO:⚪ [ETH/USDT] 대기 (trending) | 롱: 5/11점, 숏: 3/11점
2025-06-17 03:35:01,176 INFO:⚪ [XRP/USDT] 대기 (trending) | 롱: 9/11점, 숏: 1/11점
2025-06-17 03:35:01,461 INFO:⚪ [SOL/USDT] 대기 (trending) | 롱: 6/11점, 숏: 2/11점
2025-06-17 03:35:01,750 INFO:⚪ [ETH/USDT] 대기 (trending) | 롱: 9/11점, 숏: 1/11점
2025-06-17 03:36:00,967 INFO:⚪ [XRP/USDT] 대기 (trending) | 롱: 8/11점, 숏: 0/11점
2025-06-17 03:36:01,260 INFO:⚪ [SOL/USDT] 대기 (trending) | 롱: 6/11점, 숏: 4/11점
2025-06-17 03:36:01,557 INFO:⚪ [ETH/USDT] 대기 (trending) | 롱: 6/11점, 숏: 4/11점
2025-06-17 03:37:00,795 INFO:⚪ [XRP/USDT] 대기 (trending) | 롱: 9/11점, 숏: 1/11점
2025-06-17 03:37:01,064 INFO:⚪ [SOL/USDT] 대기 (trending) | 롱: 2/11점, 숏: 2/11점
2025-06-17 03:37:01,374 INFO:⚪ [ETH/USDT] 대기 (trending) | 롱: 5/11점, 숏: 3/11점
2025-06-17 03:38:00,599 INFO:⚪ [XRP/USDT] 대기 (trending) | 롱: 6/11점, 숏: 4/11점
2025-06-17 03:38:00,895 INFO:⚪ [SOL/USDT] 대기 (trending) | 롱: 5/11점, 숏: 0/11점
2025-06-17 03:38:01,171 INFO:⚪ [ETH/USDT] 대기 (trending) | 롱: 5/11점, 숏: 0/11점
2025-06-17 03:39:00,414 INFO:⚪ [XRP/USDT] 대기 (trending) | 롱: 5/11점, 숏: 3/11점
2025-06-17 03:39:00,676 INFO:⚪ [SOL/USDT] 대기 (trending) | 롱: 5/11점, 숏: 0/11점
2025-06-17 03:39:00,974 INFO:⚪ [ETH/USDT] 대기 (trending) | 롱: 5/11점, 숏: 0/11점
2025-06-17 03:40:01,204 INFO:⚪ [XRP/USDT] 대기 (trending) | 롱: 8/11점, 숏: 0/11점
2025-06-17 03:40:01,468 INFO:⚪ [SOL/USDT] 대기 (trending) | 롱: 3/11점, 숏: 2/11점
2025-06-17 03:40:01,772 INFO:⚪ [ETH/USDT] 대기 (trending) | 롱: 9/11점, 숏: 1/11점
2025-06-17 03:41:00,999 INFO:⚪ [XRP/USDT] 대기 (trending) | 롱: 9/11점, 숏: 1/11점
2025-06-17 03:41:01,290 INFO:⚪ [SOL/USDT] 대기 (trending) | 롱: 3/11점, 숏: 4/11점
2025-06-17 03:41:01,633 WARNING:⚠️ [ETH/USDT] 계산된 증거금($490.30) > 할당 자본($234.60)
2025-06-17 03:41:01,633 INFO:💡 [ETH/USDT] 주문량을 할당 자본 최대치로 재조정 -> 0.8882
2025-06-17 03:41:01,712 INFO:✅ [ETH/USDT] 진입 전, 기존 조건부 주문 취소 완료.
2025-06-17 03:41:01,914 INFO:🚀 [ETH/USDT] 진입 성공! LONG | 수량: 0.888 | 진입가: 2641.33
2025-06-17 03:41:02,113 INFO:✅ [ETH/USDT] TP 주문 설정 완료. 발동가: 2649.7457142857147
2025-06-17 03:41:02,314 INFO:✅ [ETH/USDT] SL 주문 설정 완료. 발동가: 2638.1603571428573
2025-06-17 03:41:02,833 INFO:✍️ [거래 기록] ETH/USDT | LONG | 진입: 2641.32
2025-06-17 03:42:01,071 INFO:⚪ [XRP/USDT] 대기 (trending) | 롱: 8/11점, 숏: 0/11점
2025-06-17 03:42:01,346 INFO:⚪ [SOL/USDT] 대기 (trending) | 롱: 5/11점, 숏: 0/11점
2025-06-17 03:43:00,872 INFO:⚪ [XRP/USDT] 대기 (trending) | 롱: 8/11점, 숏: 0/11점
2025-06-17 03:43:01,155 INFO:⚪ [SOL/USDT] 대기 (trending) | 롱: 2/11점, 숏: 2/11점
2025-06-17 03:44:00,660 INFO:⚪ [XRP/USDT] 대기 (trending) | 롱: 9/11점, 숏: 1/11점
2025-06-17 03:44:00,937 INFO:⚪ [SOL/USDT] 대기 (trending) | 롱: 3/11점, 숏: 4/11점
2025-06-17 03:45:00,466 INFO:⚪ [XRP/USDT] 대기 (trending) | 롱: 8/11점, 숏: 0/11점
2025-06-17 03:45:00,755 INFO:⚪ [SOL/USDT] 대기 (trending) | 롱: 5/11점, 숏: 0/11점
2025-06-17 03:46:00,253 INFO:⚪ [XRP/USDT] 대기 (trending) | 롱: 8/11점, 숏: 0/11점
2025-06-17 03:46:00,535 INFO:⚪ [SOL/USDT] 대기 (trending) | 롱: 6/11점, 숏: 4/11점
2025-06-17 03:47:01,059 INFO:⚪ [XRP/USDT] 대기 (trending) | 롱: 8/11점, 숏: 0/11점
2025-06-17 03:47:01,327 INFO:⚪ [SOL/USDT] 대기 (trending) | 롱: 2/11점, 숏: 6/11점
2025-06-17 03:48:00,847 INFO:⚪ [XRP/USDT] 대기 (trending) | 롱: 8/11점, 숏: 0/11점
2025-06-17 03:48:01,148 INFO:⚪ [SOL/USDT] 대기 (trending) | 롱: 5/11점, 숏: 3/11점
2025-06-17 03:49:00,694 INFO:⚪ [XRP/USDT] 대기 (trending) | 롱: 6/11점, 숏: 4/11점
2025-06-17 03:49:00,967 INFO:⚪ [SOL/USDT] 대기 (trending) | 롱: 3/11점, 숏: 7/11점
2025-06-17 03:50:00,496 INFO:⚪ [XRP/USDT] 대기 (trending) | 롱: 8/11점, 숏: 0/11점
2025-06-17 03:50:00,778 INFO:⚪ [SOL/USDT] 대기 (trending) | 롱: 3/11점, 숏: 6/11점
2025-06-17 03:51:00,303 INFO:⚪ [XRP/USDT] 대기 (trending) | 롱: 6/11점, 숏: 4/11점
2025-06-17 03:51:00,581 INFO:⚪ [SOL/USDT] 대기 (trending) | 롱: 2/11점, 숏: 6/11점
2025-06-17 03:52:01,085 INFO:⚪ [XRP/USDT] 대기 (trending) | 롱: 8/11점, 숏: 0/11점
2025-06-17 03:52:01,380 INFO:⚪ [SOL/USDT] 대기 (trending) | 롱: 3/11점, 숏: 7/11점
2025-06-17 03:52:01,667 INFO:🔓 [ETH/USDT] 포지션 종료 확인 -> Lock 해제.
2025-06-17 03:52:01,667 INFO:⚪ [ETH/USDT] 대기 (trending) | 롱: 5/11점, 숏: 0/11점
2025-06-17 03:53:00,894 INFO:⚪ [XRP/USDT] 대기 (trending) | 롱: 8/11점, 숏: 0/11점
2025-06-17 03:53:01,179 INFO:⚪ [SOL/USDT] 대기 (trending) | 롱: 9/11점, 숏: 4/11점
2025-06-17 03:53:01,442 INFO:⚪ [ETH/USDT] 대기 (trending) | 롱: 2/11점, 숏: 5/11점
2025-06-17 03:54:00,684 INFO:⚪ [XRP/USDT] 대기 (trending) | 롱: 5/11점, 숏: 3/11점
2025-06-17 03:54:00,968 INFO:⚪ [SOL/USDT] 대기 (trending) | 롱: 5/11점, 숏: 0/11점
2025-06-17 03:54:01,261 INFO:⚪ [ETH/USDT] 대기 (trending) | 롱: 9/11점, 숏: 1/11점
2025-06-17 03:55:00,513 INFO:⚪ [XRP/USDT] 대기 (trending) | 롱: 6/11점, 숏: 4/11점
2025-06-17 03:55:00,799 INFO:⚪ [SOL/USDT] 대기 (trending) | 롱: 8/11점, 숏: 0/11점
2025-06-17 03:55:01,056 INFO:⚪ [ETH/USDT] 대기 (trending) | 롱: 9/11점, 숏: 1/11점
2025-06-17 03:56:00,289 INFO:⚪ [XRP/USDT] 대기 (trending) | 롱: 6/11점, 숏: 4/11점
2025-06-17 03:56:00,566 INFO:⚪ [SOL/USDT] 대기 (trending) | 롱: 6/11점, 숏: 4/11점
2025-06-17 03:56:00,844 INFO:⚪ [ETH/USDT] 대기 (trending) | 롱: 5/11점, 숏: 3/11점
2025-06-17 03:57:01,044 INFO:⚪ [XRP/USDT] 대기 (trending) | 롱: 5/11점, 숏: 3/11점
2025-06-17 03:57:01,338 INFO:⚪ [SOL/USDT] 대기 (trending) | 롱: 5/11점, 숏: 3/11점
2025-06-17 03:57:01,608 INFO:⚪ [ETH/USDT] 대기 (trending) | 롱: 5/11점, 숏: 3/11점
2025-06-17 03:58:00,846 INFO:⚪ [XRP/USDT] 대기 (trending) | 롱: 5/11점, 숏: 3/11점
2025-06-17 03:58:01,125 INFO:⚪ [SOL/USDT] 대기 (trending) | 롱: 5/11점, 숏: 3/11점
2025-06-17 03:58:01,398 INFO:⚪ [ETH/USDT] 대기 (trending) | 롱: 8/11점, 숏: 0/11점
2025-06-17 03:59:00,640 INFO:⚪ [XRP/USDT] 대기 (trending) | 롱: 6/11점, 숏: 1/11점
2025-06-17 03:59:00,922 INFO:⚪ [SOL/USDT] 대기 (trending) | 롱: 9/11점, 숏: 1/11점
2025-06-17 03:59:01,207 INFO:⚪ [ETH/USDT] 대기 (trending) | 롱: 9/11점, 숏: 1/11점
2025-06-17 04:00:00,441 INFO:⚪ [XRP/USDT] 대기 (trending) | 롱: 9/11점, 숏: 1/11점
2025-06-17 04:00:00,750 INFO:⚪ [SOL/USDT] 대기 (trending) | 롱: 8/11점, 숏: 0/11점
2025-06-17 04:00:01,331 INFO:⚪ [ETH/USDT] 대기 (trending) | 롱: 9/11점, 숏: 1/11점
2025-06-17 04:01:00,569 INFO:⚪ [XRP/USDT] 대기 (trending) | 롱: 5/11점, 숏: 6/11점
2025-06-17 04:01:00,839 INFO:⚪ [SOL/USDT] 대기 (trending) | 롱: 5/11점, 숏: 3/11점
2025-06-17 04:01:01,147 INFO:⚪ [ETH/USDT] 대기 (trending) | 롱: 5/11점, 숏: 3/11점
2025-06-17 04:02:00,366 INFO:⚪ [XRP/USDT] 대기 (trending) | 롱: 6/11점, 숏: 4/11점
2025-06-17 04:02:00,652 INFO:⚪ [SOL/USDT] 대기 (trending) | 롱: 9/11점, 숏: 1/11점
2025-06-17 04:02:00,955 INFO:⚪ [ETH/USDT] 대기 (trending) | 롱: 8/11점, 숏: 0/11점
2025-06-17 04:03:01,251 WARNING:⚠️ [XRP/USDT] 계산된 증거금($360.11) > 할당 자본($232.86)
2025-06-17 04:03:01,251 INFO:💡 [XRP/USDT] 주문량을 할당 자본 최대치로 재조정 -> 1001.0050
2025-06-17 04:03:01,297 INFO:✅ [XRP/USDT] 진입 전, 기존 조건부 주문 취소 완료.
2025-06-17 04:03:01,493 INFO:🚀 [XRP/USDT] 진입 성공! LONG | 수량: 1001.0 | 진입가: 2.326
2025-06-17 04:03:01,747 INFO:✅ [XRP/USDT] TP 주문 설정 완료. 발동가: 2.336328571428571
2025-06-17 04:03:01,912 INFO:✅ [XRP/USDT] SL 주문 설정 완료. 발동가: 2.3225392857142855
2025-06-17 04:03:02,409 INFO:✍️ [거래 기록] XRP/USDT | LONG | 진입: 2.3263
2025-06-17 04:03:02,627 INFO:⚪ [SOL/USDT] 대기 (trending) | 롱: 8/11점, 숏: 0/11점
2025-06-17 04:03:02,907 INFO:⚪ [ETH/USDT] 대기 (trending) | 롱: 5/11점, 숏: 3/11점
2025-06-17 04:04:01,144 INFO:🔓 [XRP/USDT] 포지션 종료 확인 -> Lock 해제.
2025-06-17 04:04:01,412 INFO:⚪ [SOL/USDT] 대기 (trending) | 롱: 5/11점, 숏: 3/11점
2025-06-17 04:04:01,717 INFO:⚪ [ETH/USDT] 대기 (trending) | 롱: 5/11점, 숏: 3/11점
2025-06-17 04:05:00,942 INFO:⚪ [XRP/USDT] 대기 (trending) | 롱: 2/11점, 숏: 3/11점
2025-06-17 04:05:01,219 INFO:⚪ [SOL/USDT] 대기 (trending) | 롱: 5/11점, 숏: 3/11점
2025-06-17 04:05:01,517 INFO:⚪ [ETH/USDT] 대기 (trending) | 롱: 5/11점, 숏: 3/11점
2025-06-17 04:06:00,747 INFO:⚪ [XRP/USDT] 대기 (trending) | 롱: 3/11점, 숏: 4/11점
2025-06-17 04:06:01,018 INFO:⚪ [SOL/USDT] 대기 (trending) | 롱: 8/11점, 숏: 1/11점
2025-06-17 04:06:01,315 INFO:⚪ [ETH/USDT] 대기 (trending) | 롱: 5/11점, 숏: 3/11점
2025-06-17 04:07:00,553 INFO:⚪ [XRP/USDT] 대기 (trending) | 롱: 2/11점, 숏: 6/11점
2025-06-17 04:07:00,843 INFO:⚪ [SOL/USDT] 대기 (trending) | 롱: 5/11점, 숏: 3/11점
2025-06-17 04:07:01,145 INFO:⚪ [ETH/USDT] 대기 (trending) | 롱: 6/11점, 숏: 4/11점
2025-06-17 04:08:00,389 INFO:⚪ [XRP/USDT] 대기 (trending) | 롱: 5/11점, 숏: 3/11점
2025-06-17 04:08:00,667 INFO:⚪ [SOL/USDT] 대기 (trending) | 롱: 9/11점, 숏: 1/11점
2025-06-17 04:08:00,933 INFO:⚪ [ETH/USDT] 대기 (trending) | 롱: 8/11점, 숏: 0/11점
2025-06-17 04:09:01,170 INFO:⚪ [XRP/USDT] 대기 (trending) | 롱: 2/11점, 숏: 6/11점
2025-06-17 04:09:01,451 INFO:⚪ [SOL/USDT] 대기 (trending) | 롱: 5/11점, 숏: 3/11점
2025-06-17 04:09:01,736 INFO:⚪ [ETH/USDT] 대기 (trending) | 롱: 9/11점, 숏: 1/11점
2025-06-17 04:10:01,436 INFO:⚪ [XRP/USDT] 대기 (trending) | 롱: 8/11점, 숏: 3/11점
2025-06-17 04:10:01,647 INFO:⚪ [SOL/USDT] 대기 (trending) | 롱: 5/11점, 숏: 3/11점
2025-06-17 04:10:01,945 INFO:⚪ [ETH/USDT] 대기 (trending) | 롱: 5/11점, 숏: 3/11점
2025-06-17 04:11:01,183 INFO:⚪ [XRP/USDT] 대기 (trending) | 롱: 5/11점, 숏: 3/11점
2025-06-17 04:11:01,460 INFO:⚪ [SOL/USDT] 대기 (trending) | 롱: 5/11점, 숏: 3/11점
2025-06-17 04:11:01,753 INFO:⚪ [ETH/USDT] 대기 (trending) | 롱: 5/11점, 숏: 3/11점
2025-06-17 04:12:00,995 INFO:⚪ [XRP/USDT] 대기 (trending) | 롱: 5/11점, 숏: 3/11점
2025-06-17 04:12:01,281 INFO:⚪ [SOL/USDT] 대기 (trending) | 롱: 5/11점, 숏: 3/11점
2025-06-17 04:12:01,562 INFO:⚪ [ETH/USDT] 대기 (trending) | 롱: 6/11점, 숏: 2/11점
2025-06-17 04:13:00,807 INFO:⚪ [XRP/USDT] 대기 (trending) | 롱: 2/11점, 숏: 9/11점
2025-06-17 04:13:01,075 INFO:⚪ [SOL/USDT] 대기 (trending) | 롱: 5/11점, 숏: 6/11점
2025-06-17 04:13:01,379 INFO:⚪ [ETH/USDT] 대기 (trending) | 롱: 2/11점, 숏: 3/11점
2025-06-17 04:14:00,612 INFO:⚪ [XRP/USDT] 대기 (trending) | 롱: 9/11점, 숏: 1/11점
2025-06-17 04:14:00,939 WARNING:⚠️ [SOL/USDT] 계산된 증거금($260.59) > 할당 자본($230.89)
2025-06-17 04:14:00,939 INFO:💡 [SOL/USDT] 주문량을 할당 자본 최대치로 재조정 -> 14.5974
2025-06-17 04:14:01,017 INFO:✅ [SOL/USDT] 진입 전, 기존 조건부 주문 취소 완료.
2025-06-17 04:14:01,207 INFO:🚀 [SOL/USDT] 진입 성공! LONG | 수량: 14.59 | 진입가: 158.19
2025-06-17 04:14:01,414 INFO:✅ [SOL/USDT] TP 주문 설정 완료. 발동가: 159.1042857142857
2025-06-17 04:14:01,656 INFO:✅ [SOL/USDT] SL 주문 설정 완료. 발동가: 157.81964285714284
2025-06-17 04:14:02,162 INFO:✍️ [거래 기록] SOL/USDT | LONG | 진입: 158.17
2025-06-17 04:14:02,389 INFO:⚪ [ETH/USDT] 대기 (trending) | 롱: 8/11점, 숏: 0/11점
2025-06-17 04:15:00,637 INFO:⚪ [XRP/USDT] 대기 (trending) | 롱: 5/11점, 숏: 3/11점
2025-06-17 04:15:01,198 INFO:⚪ [ETH/USDT] 대기 (trending) | 롱: 2/11점, 숏: 3/11점
2025-06-17 04:16:00,428 INFO:⚪ [XRP/USDT] 대기 (trending) | 롱: 8/11점, 숏: 0/11점
2025-06-17 04:16:01,014 INFO:⚪ [ETH/USDT] 대기 (trending) | 롱: 5/11점, 숏: 0/11점
2025-06-17 04:17:00,251 INFO:⚪ [XRP/USDT] 대기 (trending) | 롱: 9/11점, 숏: 1/11점
2025-06-17 04:17:00,892 INFO:⚪ [ETH/USDT] 대기 (trending) | 롱: 5/11점, 숏: 3/11점
2025-06-17 04:18:01,129 INFO:⚪ [XRP/USDT] 대기 (trending) | 롱: 8/11점, 숏: 3/11점
2025-06-17 04:18:01,700 INFO:⚪ [ETH/USDT] 대기 (trending) | 롱: 8/11점, 숏: 0/11점
2025-06-17 04:19:00,935 INFO:⚪ [XRP/USDT] 대기 (trending) | 롱: 5/11점, 숏: 6/11점
2025-06-17 04:19:01,513 INFO:⚪ [ETH/USDT] 대기 (trending) | 롱: 5/11점, 숏: 6/11점
2025-06-17 04:20:00,743 INFO:⚪ [XRP/USDT] 대기 (trending) | 롱: 8/11점, 숏: 0/11점
2025-06-17 04:20:01,332 INFO:⚪ [ETH/USDT] 대기 (trending) | 롱: 8/11점, 숏: 3/11점
2025-06-17 04:21:00,554 INFO:⚪ [XRP/USDT] 대기 (trending) | 롱: 8/11점, 숏: 0/11점
2025-06-17 04:21:01,160 WARNING:⚠️ [ETH/USDT] 계산된 증거금($235.65) > 할당 자본($231.38)
2025-06-17 04:21:01,160 INFO:💡 [ETH/USDT] 주문량을 할당 자본 최대치로 재조정 -> 0.8724
2025-06-17 04:21:01,218 INFO:✅ [ETH/USDT] 진입 전, 기존 조건부 주문 취소 완료.
2025-06-17 04:21:01,424 INFO:🚀 [ETH/USDT] 진입 성공! LONG | 수량: 0.872 | 진입가: 2652.83
2025-06-17 04:21:01,630 INFO:✅ [ETH/USDT] TP 주문 설정 완료. 발동가: 2669.4799999999996
2025-06-17 04:21:01,868 INFO:✅ [ETH/USDT] SL 주문 설정 완료. 발동가: 2645.61
2025-06-17 04:21:02,390 INFO:✍️ [거래 기록] ETH/USDT | LONG | 진입: 2652.12
2025-06-17 04:22:00,630 INFO:⚪ [XRP/USDT] 대기 (trending) | 롱: 9/11점, 숏: 1/11점
2025-06-17 04:23:00,438 INFO:⚪ [XRP/USDT] 대기 (trending) | 롱: 9/11점, 숏: 1/11점
2025-06-17 04:24:00,255 INFO:⚪ [XRP/USDT] 대기 (trending) | 롱: 5/11점, 숏: 3/11점
2025-06-17 04:25:01,065 INFO:⚪ [XRP/USDT] 대기 (trending) | 롱: 9/11점, 숏: 1/11점
2025-06-17 04:26:00,892 INFO:⚪ [XRP/USDT] 대기 (trending) | 롱: 8/11점, 숏: 0/11점
2025-06-17 04:27:00,841 INFO:⚪ [XRP/USDT] 대기 (trending) | 롱: 5/11점, 숏: 3/11점
2025-06-17 04:28:00,734 INFO:⚪ [XRP/USDT] 대기 (trending) | 롱: 8/11점, 숏: 0/11점
2025-06-17 04:29:00,652 INFO:⚪ [XRP/USDT] 대기 (trending) | 롱: 6/11점, 숏: 4/11점
2025-06-17 04:30:00,492 INFO:⚪ [XRP/USDT] 대기 (trending) | 롱: 8/11점, 숏: 0/11점
2025-06-17 04:31:00,380 INFO:⚪ [XRP/USDT] 대기 (trending) | 롱: 8/11점, 숏: 0/11점
2025-06-17 04:32:00,259 INFO:⚪ [XRP/USDT] 대기 (trending) | 롱: 5/11점, 숏: 3/11점
2025-06-17 04:33:01,112 INFO:⚪ [XRP/USDT] 대기 (trending) | 롱: 5/11점, 숏: 3/11점
2025-06-17 04:33:01,397 INFO:🔓 [SOL/USDT] 포지션 종료 확인 -> Lock 해제.
2025-06-17 04:33:01,397 INFO:⚪ [SOL/USDT] 대기 (trending) | 롱: 2/11점, 숏: 3/11점
2025-06-17 04:34:00,916 INFO:⚪ [XRP/USDT] 대기 (trending) | 롱: 9/11점, 숏: 1/11점
2025-06-17 04:34:01,191 INFO:⚪ [SOL/USDT] 대기 (trending) | 롱: 2/11점, 숏: 6/11점
2025-06-17 04:35:00,738 INFO:⚪ [XRP/USDT] 대기 (trending) | 롱: 9/11점, 숏: 1/11점
2025-06-17 04:35:01,028 INFO:⚪ [SOL/USDT] 대기 (trending) | 롱: 5/11점, 숏: 3/11점
2025-06-17 04:36:00,550 INFO:⚪ [XRP/USDT] 대기 (trending) | 롱: 8/11점, 숏: 0/11점
2025-06-17 04:36:00,837 INFO:⚪ [SOL/USDT] 대기 (trending) | 롱: 5/11점, 숏: 3/11점
2025-06-17 04:37:00,346 INFO:⚪ [XRP/USDT] 대기 (trending) | 롱: 5/11점, 숏: 2/11점
2025-06-17 04:37:00,632 INFO:⚪ [SOL/USDT] 대기 (trending) | 롱: 3/11점, 숏: 7/11점
2025-06-17 04:38:01,156 INFO:⚪ [XRP/USDT] 대기 (trending) | 롱: 5/11점, 숏: 3/11점
2025-06-17 04:38:01,493 INFO:⚪ [SOL/USDT] 대기 (trending) | 롱: 2/11점, 숏: 5/11점
2025-06-17 04:39:01,000 INFO:⚪ [XRP/USDT] 대기 (trending) | 롱: 9/11점, 숏: 1/11점
2025-06-17 04:39:01,297 INFO:⚪ [SOL/USDT] 대기 (trending) | 롱: 2/11점, 숏: 6/11점
2025-06-17 04:40:00,806 INFO:⚪ [XRP/USDT] 대기 (trending) | 롱: 5/11점, 숏: 3/11점
2025-06-17 04:40:01,106 INFO:⚪ [SOL/USDT] 대기 (trending) | 롱: 2/11점, 숏: 5/11점
2025-06-17 04:41:00,621 INFO:⚪ [XRP/USDT] 대기 (trending) | 롱: 5/11점, 숏: 3/11점
2025-06-17 04:41:00,890 INFO:⚪ [SOL/USDT] 대기 (trending) | 롱: 3/11점, 숏: 7/11점
2025-06-17 04:42:00,401 INFO:⚪ [XRP/USDT] 대기 (trending) | 롱: 8/11점, 숏: 0/11점
2025-06-17 04:42:00,696 INFO:⚪ [SOL/USDT] 대기 (trending) | 롱: 5/11점, 숏: 3/11점
2025-06-17 04:43:01,210 INFO:⚪ [XRP/USDT] 대기 (trending) | 롱: 8/11점, 숏: 0/11점
2025-06-17 04:43:01,504 INFO:⚪ [SOL/USDT] 대기 (trending) | 롱: 2/11점, 숏: 6/11점
2025-06-17 04:44:01,020 INFO:⚪ [XRP/USDT] 대기 (trending) | 롱: 5/11점, 숏: 3/11점
2025-06-17 04:44:01,311 INFO:⚪ [SOL/USDT] 대기 (trending) | 롱: 2/11점, 숏: 6/11점
2025-06-17 04:45:00,846 INFO:⚪ [XRP/USDT] 대기 (trending) | 롱: 8/11점, 숏: 0/11점
2025-06-17 04:45:01,109 INFO:⚪ [SOL/USDT] 대기 (trending) | 롱: 5/11점, 숏: 3/11점
2025-06-17 04:46:00,624 INFO:⚪ [XRP/USDT] 대기 (trending) | 롱: 6/11점, 숏: 4/11점
2025-06-17 04:46:00,925 INFO:⚪ [SOL/USDT] 대기 (trending) | 롱: 3/11점, 숏: 7/11점
2025-06-17 04:47:00,590 INFO:⚪ [XRP/USDT] 대기 (trending) | 롱: 9/11점, 숏: 1/11점
2025-06-17 04:47:00,947 INFO:⚪ [SOL/USDT] 대기 (trending) | 롱: 2/11점, 숏: 6/11점
2025-06-17 04:48:00,449 INFO:⚪ [XRP/USDT] 대기 (trending) | 롱: 8/11점, 숏: 0/11점
2025-06-17 04:48:00,728 INFO:⚪ [SOL/USDT] 대기 (trending) | 롱: 5/11점, 숏: 3/11점
2025-06-17 04:49:00,247 INFO:⚪ [XRP/USDT] 대기 (trending) | 롱: 6/11점, 숏: 7/11점
2025-06-17 04:49:00,516 INFO:⚪ [SOL/USDT] 대기 (trending) | 롱: 6/11점, 숏: 4/11점
2025-06-17 04:50:01,048 INFO:⚪ [XRP/USDT] 대기 (trending) | 롱: 5/11점, 숏: 3/11점
2025-06-17 04:50:01,335 INFO:⚪ [SOL/USDT] 대기 (trending) | 롱: 5/11점, 숏: 3/11점
2025-06-17 04:51:00,844 INFO:⚪ [XRP/USDT] 대기 (trending) | 롱: 3/11점, 숏: 4/11점
2025-06-17 04:51:01,121 INFO:⚪ [SOL/USDT] 대기 (trending) | 롱: 3/11점, 숏: 7/11점
2025-06-17 04:52:00,649 INFO:⚪ [XRP/USDT] 대기 (trending) | 롱: 5/11점, 숏: 0/11점
2025-06-17 04:52:00,941 INFO:⚪ [SOL/USDT] 대기 (trending) | 롱: 6/11점, 숏: 4/11점
2025-06-17 04:53:00,564 INFO:⚪ [XRP/USDT] 대기 (trending) | 롱: 6/11점, 숏: 1/11점
2025-06-17 04:53:00,860 INFO:⚪ [SOL/USDT] 대기 (trending) | 롱: 5/11점, 숏: 3/11점
2025-06-17 04:54:00,382 INFO:⚪ [XRP/USDT] 대기 (trending) | 롱: 2/11점, 숏: 3/11점
2025-06-17 04:54:00,683 INFO:⚪ [SOL/USDT] 대기 (trending) | 롱: 3/11점, 숏: 7/11점
2025-06-17 04:55:01,207 INFO:⚪ [XRP/USDT] 대기 (trending) | 롱: 8/11점, 숏: 0/11점
2025-06-17 04:55:01,504 INFO:⚪ [SOL/USDT] 대기 (trending) | 롱: 9/11점, 숏: 4/11점
2025-06-17 04:56:01,034 INFO:⚪ [XRP/USDT] 대기 (trending) | 롱: 9/11점, 숏: 1/11점
2025-06-17 04:56:01,322 INFO:⚪ [SOL/USDT] 대기 (trending) | 롱: 6/11점, 숏: 7/11점
2025-06-17 04:57:00,843 INFO:⚪ [XRP/USDT] 대기 (trending) | 롱: 5/11점, 숏: 3/11점
2025-06-17 04:57:01,134 INFO:⚪ [SOL/USDT] 대기 (trending) | 롱: 5/11점, 숏: 6/11점
2025-06-17 04:58:00,661 INFO:⚪ [XRP/USDT] 대기 (trending) | 롱: 6/11점, 숏: 4/11점
2025-06-17 04:58:00,998 WARNING:⚠️ [SOL/USDT] 계산된 증거금($358.26) > 할당 자본($226.63)
2025-06-17 04:58:00,998 INFO:💡 [SOL/USDT] 주문량을 할당 자본 최대치로 재조정 -> 14.4182
2025-06-17 04:58:01,074 INFO:✅ [SOL/USDT] 진입 전, 기존 조건부 주문 취소 완료.
2025-06-17 04:58:01,266 INFO:🚀 [SOL/USDT] 진입 성공! SHORT | 수량: 14.41 | 진입가: 157.17
2025-06-17 04:58:01,471 INFO:✅ [SOL/USDT] TP 주문 설정 완료. 발동가: 156.51714285714286
2025-06-17 04:58:01,699 INFO:✅ [SOL/USDT] SL 주문 설정 완료. 발동가: 157.42857142857144
2025-06-17 04:58:02,214 INFO:✍️ [거래 기록] SOL/USDT | SHORT | 진입: 157.18
2025-06-17 04:59:00,678 INFO:⚪ [XRP/USDT] 대기 (trending) | 롱: 5/11점, 숏: 3/11점
2025-06-17 05:00:00,680 INFO:⚪ [XRP/USDT] 대기 (trending) | 롱: 9/11점, 숏: 1/11점
2025-06-17 05:00:00,920 INFO:🔓 [SOL/USDT] 포지션 종료 확인 -> Lock 해제.
2025-06-17 05:00:00,920 INFO:⚪ [SOL/USDT] 대기 (trending) | 롱: 9/11점, 숏: 4/11점
2025-06-17 05:01:00,491 INFO:⚪ [XRP/USDT] 대기 (trending) | 롱: 5/11점, 숏: 6/11점
2025-06-17 05:01:00,769 INFO:⚪ [SOL/USDT] 대기 (range_bound) | 롱: 0/7점, 숏: 3/7점
2025-06-17 05:02:00,298 INFO:⚪ [XRP/USDT] 대기 (trending) | 롱: 8/11점, 숏: 0/11점
2025-06-17 05:02:00,577 INFO:⚪ [SOL/USDT] 대기 (range_bound) | 롱: 1/7점, 숏: 4/7점
2025-06-17 05:03:01,111 INFO:⚪ [XRP/USDT] 대기 (trending) | 롱: 5/11점, 숏: 3/11점
2025-06-17 05:03:01,377 INFO:⚪ [SOL/USDT] 대기 (range_bound) | 롱: 0/7점, 숏: 3/7점
2025-06-17 05:04:00,886 INFO:⚪ [XRP/USDT] 대기 (trending) | 롱: 9/11점, 숏: 1/11점
2025-06-17 05:04:01,180 INFO:⚪ [SOL/USDT] 대기 (trending) | 롱: 1/11점, 숏: 9/11점
2025-06-17 05:05:00,684 INFO:⚪ [XRP/USDT] 대기 (trending) | 롱: 5/11점, 숏: 3/11점
2025-06-17 05:05:00,970 INFO:⚪ [SOL/USDT] 대기 (trending) | 롱: 3/11점, 숏: 5/11점
2025-06-17 05:06:00,501 INFO:⚪ [XRP/USDT] 대기 (trending) | 롱: 9/11점, 숏: 1/11점
2025-06-17 05:06:00,800 INFO:⚪ [SOL/USDT] 대기 (trending) | 롱: 0/11점, 숏: 8/11점
2025-06-17 05:07:00,318 INFO:⚪ [XRP/USDT] 대기 (trending) | 롱: 9/11점, 숏: 1/11점
2025-06-17 05:07:00,606 INFO:⚪ [SOL/USDT] 대기 (trending) | 롱: 0/11점, 숏: 8/11점
2025-06-17 05:08:01,106 INFO:⚪ [XRP/USDT] 대기 (trending) | 롱: 5/11점, 숏: 3/11점
2025-06-17 05:08:01,383 INFO:⚪ [SOL/USDT] 대기 (trending) | 롱: 3/11점, 숏: 5/11점
2025-06-17 05:08:01,685 INFO:🔓 [ETH/USDT] 포지션 종료 확인 -> Lock 해제.
2025-06-17 05:08:01,685 INFO:⚪ [ETH/USDT] 대기 (trending) | 롱: 3/11점, 숏: 7/11점
2025-06-17 05:09:00,905 INFO:⚪ [XRP/USDT] 대기 (trending) | 롱: 5/11점, 숏: 6/11점
2025-06-17 05:09:01,204 INFO:⚪ [SOL/USDT] 대기 (trending) | 롱: 0/11점, 숏: 8/11점
2025-06-17 05:09:01,475 INFO:⚪ [ETH/USDT] 대기 (trending) | 롱: 2/11점, 숏: 6/11점
2025-06-17 05:10:00,805 INFO:⚪ [XRP/USDT] 대기 (trending) | 롱: 3/11점, 숏: 4/11점
2025-06-17 05:10:01,250 INFO:⚪ [SOL/USDT] 대기 (trending) | 롱: 1/11점, 숏: 9/11점
2025-06-17 05:10:01,546 INFO:⚪ [ETH/USDT] 대기 (trending) | 롱: 3/11점, 숏: 7/11점
2025-06-17 05:11:00,784 INFO:⚪ [XRP/USDT] 대기 (trending) | 롱: 3/11점, 숏: 7/11점
2025-06-17 05:11:01,069 INFO:⚪ [SOL/USDT] 대기 (trending) | 롱: 0/11점, 숏: 8/11점
2025-06-17 05:11:01,383 INFO:⚪ [ETH/USDT] 대기 (trending) | 롱: 2/11점, 숏: 6/11점
2025-06-17 05:12:00,610 INFO:⚪ [XRP/USDT] 대기 (trending) | 롱: 5/11점, 숏: 3/11점
2025-06-17 05:12:00,913 INFO:⚪ [SOL/USDT] 대기 (trending) | 롱: 1/11점, 숏: 9/11점
2025-06-17 05:12:01,201 INFO:⚪ [ETH/USDT] 대기 (trending) | 롱: 5/11점, 숏: 3/11점
2025-06-17 05:13:00,423 INFO:⚪ [XRP/USDT] 대기 (trending) | 롱: 6/11점, 숏: 4/11점
2025-06-17 05:13:00,719 INFO:⚪ [SOL/USDT] 대기 (trending) | 롱: 4/11점, 숏: 6/11점
2025-06-17 05:13:01,024 INFO:⚪ [ETH/USDT] 대기 (trending) | 롱: 5/11점, 숏: 3/11점
2025-06-17 05:14:00,252 INFO:⚪ [XRP/USDT] 대기 (trending) | 롱: 5/11점, 숏: 3/11점
2025-06-17 05:14:00,553 INFO:⚪ [SOL/USDT] 대기 (trending) | 롱: 3/11점, 숏: 5/11점
2025-06-17 05:14:00,847 INFO:⚪ [ETH/USDT] 대기 (trending) | 롱: 5/11점, 숏: 3/11점
2025-06-17 05:15:01,089 INFO:⚪ [XRP/USDT] 대기 (trending) | 롱: 5/11점, 숏: 3/11점
2025-06-17 05:15:01,403 INFO:⚪ [SOL/USDT] 대기 (trending) | 롱: 0/11점, 숏: 8/11점
2025-06-17 05:15:01,699 INFO:⚪ [ETH/USDT] 대기 (trending) | 롱: 2/11점, 숏: 6/11점
2025-06-17 05:16:00,930 INFO:⚪ [XRP/USDT] 대기 (trending) | 롱: 2/11점, 숏: 6/11점
2025-06-17 05:16:01,222 INFO:⚪ [SOL/USDT] 대기 (trending) | 롱: 1/11점, 숏: 9/11점
2025-06-17 05:16:01,519 INFO:⚪ [ETH/USDT] 대기 (trending) | 롱: 2/11점, 숏: 6/11점
2025-06-17 05:17:00,746 INFO:⚪ [XRP/USDT] 대기 (trending) | 롱: 2/11점, 숏: 6/11점
2025-06-17 05:17:01,025 INFO:⚪ [SOL/USDT] 대기 (trending) | 롱: 3/11점, 숏: 5/11점
2025-06-17 05:17:01,306 INFO:⚪ [ETH/USDT] 대기 (trending) | 롱: 5/11점, 숏: 3/11점
2025-06-17 05:18:00,532 INFO:⚪ [XRP/USDT] 대기 (trending) | 롱: 3/11점, 숏: 7/11점
2025-06-17 05:18:00,815 INFO:⚪ [SOL/USDT] 대기 (trending) | 롱: 4/11점, 숏: 6/11점
2025-06-17 05:18:01,084 INFO:⚪ [ETH/USDT] 대기 (trending) | 롱: 3/11점, 숏: 7/11점
2025-06-17 05:19:00,334 INFO:⚪ [XRP/USDT] 대기 (trending) | 롱: 2/11점, 숏: 6/11점
2025-06-17 05:19:00,617 INFO:⚪ [SOL/USDT] 대기 (trending) | 롱: 3/11점, 숏: 5/11점
2025-06-17 05:19:00,885 INFO:⚪ [ETH/USDT] 대기 (trending) | 롱: 5/11점, 숏: 0/11점
2025-06-17 05:20:01,194 INFO:⚪ [XRP/USDT] 대기 (trending) | 롱: 3/11점, 숏: 7/11점
2025-06-17 05:20:01,611 INFO:⚪ [SOL/USDT] 대기 (trending) | 롱: 0/11점, 숏: 8/11점
2025-06-17 05:20:01,831 INFO:⚪ [ETH/USDT] 대기 (trending) | 롱: 2/11점, 숏: 3/11점
2025-06-17 05:21:01,075 INFO:⚪ [XRP/USDT] 대기 (trending) | 롱: 2/11점, 숏: 6/11점
2025-06-17 05:21:01,349 INFO:⚪ [SOL/USDT] 대기 (trending) | 롱: 2/11점, 숏: 5/11점
2025-06-17 05:21:01,642 INFO:⚪ [ETH/USDT] 대기 (trending) | 롱: 2/11점, 숏: 3/11점
2025-06-17 05:22:00,869 INFO:⚪ [XRP/USDT] 대기 (trending) | 롱: 3/11점, 숏: 7/11점
2025-06-17 05:22:01,155 INFO:⚪ [SOL/USDT] 대기 (trending) | 롱: 1/11점, 숏: 9/11점
2025-06-17 05:22:01,446 INFO:⚪ [ETH/USDT] 대기 (trending) | 롱: 9/11점, 숏: 1/11점
2025-06-17 05:23:00,699 INFO:⚪ [XRP/USDT] 대기 (trending) | 롱: 2/11점, 숏: 6/11점
2025-06-17 05:23:00,977 INFO:⚪ [SOL/USDT] 대기 (trending) | 롱: 6/11점, 숏: 5/11점
2025-06-17 05:23:01,243 INFO:⚪ [ETH/USDT] 대기 (trending) | 롱: 5/11점, 숏: 0/11점
2025-06-17 05:24:00,462 INFO:⚪ [XRP/USDT] 대기 (trending) | 롱: 3/11점, 숏: 7/11점
2025-06-17 05:24:00,745 INFO:⚪ [SOL/USDT] 대기 (trending) | 롱: 4/11점, 숏: 6/11점
2025-06-17 05:24:01,034 INFO:⚪ [ETH/USDT] 대기 (trending) | 롱: 9/11점, 숏: 1/11점
2025-06-17 05:25:00,254 INFO:⚪ [XRP/USDT] 대기 (trending) | 롱: 5/11점, 숏: 3/11점
2025-06-17 05:25:00,543 INFO:⚪ [SOL/USDT] 대기 (trending) | 롱: 0/11점, 숏: 8/11점
2025-06-17 05:25:00,831 INFO:⚪ [ETH/USDT] 대기 (trending) | 롱: 5/11점, 숏: 3/11점
2025-06-17 05:26:01,064 INFO:⚪ [XRP/USDT] 대기 (trending) | 롱: 2/11점, 숏: 6/11점
2025-06-17 05:26:01,346 INFO:⚪ [SOL/USDT] 대기 (trending) | 롱: 1/11점, 숏: 9/11점
2025-06-17 05:26:01,638 INFO:⚪ [ETH/USDT] 대기 (trending) | 롱: 5/11점, 숏: 3/11점
2025-06-17 05:27:00,853 INFO:⚪ [XRP/USDT] 대기 (trending) | 롱: 3/11점, 숏: 7/11점
2025-06-17 05:27:01,195 WARNING:⚠️ [SOL/USDT] 계산된 증거금($449.30) > 할당 자본($223.29)
2025-06-17 05:27:01,195 INFO:💡 [SOL/USDT] 주문량을 할당 자본 최대치로 재조정 -> 14.2270
2025-06-17 05:27:01,273 INFO:✅ [SOL/USDT] 진입 전, 기존 조건부 주문 취소 완료.
2025-06-17 05:27:01,477 INFO:🚀 [SOL/USDT] 진입 성공! SHORT | 수량: 14.22 | 진입가: 156.94
2025-06-17 05:27:01,686 INFO:✅ [SOL/USDT] TP 주문 설정 완료. 발동가: 156.43
2025-06-17 05:27:01,887 INFO:✅ [SOL/USDT] SL 주문 설정 완료. 발동가: 157.14499999999998
2025-06-17 05:27:02,604 INFO:✍️ [거래 기록] SOL/USDT | SHORT | 진입: 156.95
2025-06-17 05:27:02,820 INFO:⚪ [ETH/USDT] 대기 (trending) | 롱: 5/11점, 숏: 6/11점
2025-06-17 05:28:01,083 INFO:⚪ [XRP/USDT] 대기 (trending) | 롱: 5/11점, 숏: 3/11점
2025-06-17 05:28:01,376 INFO:🔓 [SOL/USDT] 포지션 종료 확인 -> Lock 해제.
2025-06-17 05:28:01,674 INFO:⚪ [ETH/USDT] 대기 (trending) | 롱: 9/11점, 숏: 1/11점
2025-06-17 05:29:00,979 INFO:⚪ [XRP/USDT] 대기 (trending) | 롱: 2/11점, 숏: 6/11점
2025-06-17 05:29:01,205 INFO:⚪ [SOL/USDT] 대기 (trending) | 롱: 6/11점, 숏: 2/11점
2025-06-17 05:29:01,492 INFO:⚪ [ETH/USDT] 대기 (trending) | 롱: 8/11점, 숏: 0/11점
2025-06-17 05:30:00,728 INFO:⚪ [XRP/USDT] 대기 (trending) | 롱: 5/11점, 숏: 3/11점
2025-06-17 05:30:01,013 INFO:⚪ [SOL/USDT] 대기 (trending) | 롱: 4/11점, 숏: 3/11점
2025-06-17 05:30:01,313 INFO:⚪ [ETH/USDT] 대기 (trending) | 롱: 9/11점, 숏: 1/11점
2025-06-17 05:31:00,581 INFO:⚪ [XRP/USDT] 대기 (trending) | 롱: 3/11점, 숏: 7/11점
2025-06-17 05:31:00,837 INFO:⚪ [SOL/USDT] 대기 (trending) | 롱: 0/11점, 숏: 5/11점
2025-06-17 05:31:01,127 INFO:⚪ [ETH/USDT] 대기 (trending) | 롱: 5/11점, 숏: 3/11점
2025-06-17 05:32:00,375 INFO:⚪ [XRP/USDT] 대기 (trending) | 롱: 3/11점, 숏: 7/11점
2025-06-17 05:32:00,655 INFO:⚪ [SOL/USDT] 대기 (trending) | 롱: 0/11점, 숏: 5/11점
2025-06-17 05:32:00,943 INFO:⚪ [ETH/USDT] 대기 (trending) | 롱: 8/11점, 숏: 0/11점
2025-06-17 05:33:01,227 INFO:⚪ [XRP/USDT] 대기 (trending) | 롱: 5/11점, 숏: 3/11점
2025-06-17 05:33:01,484 INFO:⚪ [SOL/USDT] 대기 (trending) | 롱: 4/11점, 숏: 4/11점
2025-06-17 05:33:01,773 INFO:⚪ [ETH/USDT] 대기 (trending) | 롱: 8/11점, 숏: 0/11점
2025-06-17 05:34:01,050 INFO:⚪ [XRP/USDT] 대기 (trending) | 롱: 3/11점, 숏: 7/11점
2025-06-17 05:34:01,303 INFO:⚪ [SOL/USDT] 대기 (trending) | 롱: 6/11점, 숏: 2/11점
2025-06-17 05:34:01,598 INFO:⚪ [ETH/USDT] 대기 (trending) | 롱: 8/11점, 숏: 0/11점
2025-06-17 05:35:00,826 INFO:⚪ [XRP/USDT] 대기 (trending) | 롱: 3/11점, 숏: 7/11점
2025-06-17 05:35:01,123 INFO:⚪ [SOL/USDT] 대기 (trending) | 롱: 4/11점, 숏: 6/11점
2025-06-17 05:35:01,420 INFO:⚪ [ETH/USDT] 대기 (trending) | 롱: 5/11점, 숏: 3/11점
2025-06-17 05:36:00,657 INFO:⚪ [XRP/USDT] 대기 (trending) | 롱: 5/11점, 숏: 3/11점
2025-06-17 05:36:00,969 INFO:⚪ [SOL/USDT] 대기 (trending) | 롱: 6/11점, 숏: 2/11점
2025-06-17 05:36:01,239 INFO:⚪ [ETH/USDT] 대기 (trending) | 롱: 9/11점, 숏: 1/11점
2025-06-17 05:37:00,480 INFO:⚪ [XRP/USDT] 대기 (trending) | 롱: 1/11점, 숏: 9/11점
2025-06-17 05:37:00,786 INFO:⚪ [SOL/USDT] 대기 (trending) | 롱: 7/11점, 숏: 3/11점
2025-06-17 05:37:01,099 INFO:⚪ [ETH/USDT] 대기 (trending) | 롱: 9/11점, 숏: 1/11점
2025-06-17 05:38:00,371 INFO:⚪ [XRP/USDT] 대기 (trending) | 롱: 5/11점, 숏: 3/11점
2025-06-17 05:38:00,664 INFO:⚪ [SOL/USDT] 대기 (trending) | 롱: 8/11점, 숏: 0/11점
2025-06-17 05:38:00,928 INFO:⚪ [ETH/USDT] 대기 (trending) | 롱: 8/11점, 숏: 0/11점
2025-06-17 05:39:01,206 INFO:⚪ [XRP/USDT] 대기 (trending) | 롱: 5/11점, 숏: 3/11점
2025-06-17 05:39:01,471 INFO:⚪ [SOL/USDT] 대기 (trending) | 롱: 9/11점, 숏: 1/11점
2025-06-17 05:39:01,809 INFO:⚪ [ETH/USDT] 대기 (trending) | 롱: 9/11점, 숏: 1/11점
2025-06-17 05:40:01,064 INFO:⚪ [XRP/USDT] 대기 (trending) | 롱: 3/11점, 숏: 7/11점
2025-06-17 05:40:01,354 INFO:⚪ [SOL/USDT] 대기 (trending) | 롱: 8/11점, 숏: 0/11점
2025-06-17 05:40:01,648 INFO:⚪ [ETH/USDT] 대기 (trending) | 롱: 5/11점, 숏: 3/11점
2025-06-17 05:41:00,876 INFO:⚪ [XRP/USDT] 대기 (trending) | 롱: 5/11점, 숏: 3/11점
2025-06-17 05:41:01,181 INFO:⚪ [SOL/USDT] 대기 (trending) | 롱: 5/11점, 숏: 3/11점
2025-06-17 05:41:01,462 INFO:⚪ [ETH/USDT] 대기 (trending) | 롱: 5/11점, 숏: 3/11점
2025-06-17 05:42:00,711 INFO:⚪ [XRP/USDT] 대기 (trending) | 롱: 2/11점, 숏: 6/11점
2025-06-17 05:42:00,997 INFO:⚪ [SOL/USDT] 대기 (trending) | 롱: 5/11점, 숏: 2/11점
2025-06-17 05:42:01,349 INFO:⚪ [ETH/USDT] 대기 (trending) | 롱: 6/11점, 숏: 4/11점
2025-06-17 05:43:00,581 INFO:⚪ [XRP/USDT] 대기 (trending) | 롱: 2/11점, 숏: 6/11점
2025-06-17 05:43:00,875 INFO:⚪ [SOL/USDT] 대기 (trending) | 롱: 8/11점, 숏: 0/11점
2025-06-17 05:43:01,261 INFO:⚪ [ETH/USDT] 대기 (trending) | 롱: 9/11점, 숏: 1/11점
2025-06-17 05:44:00,495 INFO:⚪ [XRP/USDT] 대기 (trending) | 롱: 6/11점, 숏: 4/11점
2025-06-17 05:44:00,784 INFO:⚪ [SOL/USDT] 대기 (trending) | 롱: 9/11점, 숏: 1/11점
2025-06-17 05:44:01,088 INFO:⚪ [ETH/USDT] 대기 (trending) | 롱: 9/11점, 숏: 1/11점
2025-06-17 05:45:00,319 INFO:⚪ [XRP/USDT] 대기 (trending) | 롱: 2/11점, 숏: 9/11점
2025-06-17 05:45:00,623 INFO:⚪ [SOL/USDT] 대기 (trending) | 롱: 6/11점, 숏: 4/11점
2025-06-17 05:45:00,897 INFO:⚪ [ETH/USDT] 대기 (trending) | 롱: 5/11점, 숏: 3/11점
2025-06-17 05:46:01,122 INFO:⚪ [XRP/USDT] 대기 (trending) | 롱: 9/11점, 숏: 1/11점
2025-06-17 05:46:01,429 INFO:⚪ [SOL/USDT] 대기 (trending) | 롱: 9/11점, 숏: 1/11점
2025-06-17 05:46:01,716 INFO:⚪ [ETH/USDT] 대기 (trending) | 롱: 5/11점, 숏: 3/11점
2025-06-17 05:47:00,940 INFO:⚪ [XRP/USDT] 대기 (trending) | 롱: 2/11점, 숏: 6/11점
2025-06-17 05:47:01,236 INFO:⚪ [SOL/USDT] 대기 (trending) | 롱: 5/11점, 숏: 3/11점
2025-06-17 05:47:01,526 INFO:⚪ [ETH/USDT] 대기 (trending) | 롱: 5/11점, 숏: 3/11점
2025-06-17 05:48:00,758 INFO:⚪ [XRP/USDT] 대기 (trending) | 롱: 3/11점, 숏: 7/11점
2025-06-17 05:48:01,038 INFO:⚪ [SOL/USDT] 대기 (trending) | 롱: 3/11점, 숏: 5/11점
2025-06-17 05:48:01,328 INFO:⚪ [ETH/USDT] 대기 (trending) | 롱: 6/11점, 숏: 2/11점
2025-06-17 05:49:00,564 INFO:⚪ [XRP/USDT] 대기 (trending) | 롱: 2/11점, 숏: 6/11점
2025-06-17 05:49:00,855 INFO:⚪ [SOL/USDT] 대기 (trending) | 롱: 6/11점, 숏: 2/11점
2025-06-17 05:49:01,137 INFO:⚪ [ETH/USDT] 대기 (trending) | 롱: 5/11점, 숏: 3/11점
2025-06-17 05:50:00,381 INFO:⚪ [XRP/USDT] 대기 (trending) | 롱: 5/11점, 숏: 3/11점
2025-06-17 05:50:00,677 INFO:⚪ [SOL/USDT] 대기 (trending) | 롱: 9/11점, 숏: 1/11점
2025-06-17 05:50:00,959 INFO:⚪ [ETH/USDT] 대기 (trending) | 롱: 9/11점, 숏: 1/11점
2025-06-17 05:51:01,187 INFO:⚪ [XRP/USDT] 대기 (trending) | 롱: 5/11점, 숏: 6/11점
2025-06-17 05:51:01,486 INFO:⚪ [SOL/USDT] 대기 (trending) | 롱: 3/11점, 숏: 4/11점
2025-06-17 05:51:01,763 INFO:⚪ [ETH/USDT] 대기 (trending) | 롱: 8/11점, 숏: 0/11점
2025-06-17 05:52:01,000 INFO:⚪ [XRP/USDT] 대기 (trending) | 롱: 6/11점, 숏: 4/11점
2025-06-17 05:52:01,295 INFO:⚪ [SOL/USDT] 대기 (trending) | 롱: 8/11점, 숏: 3/11점
2025-06-17 05:52:01,590 INFO:⚪ [ETH/USDT] 대기 (trending) | 롱: 5/11점, 숏: 3/11점
2025-06-17 05:53:00,814 INFO:⚪ [XRP/USDT] 대기 (trending) | 롱: 2/11점, 숏: 9/11점
2025-06-17 05:53:01,127 INFO:⚪ [SOL/USDT] 대기 (trending) | 롱: 0/11점, 숏: 4/11점
2025-06-17 05:53:01,408 INFO:⚪ [ETH/USDT] 대기 (trending) | 롱: 6/11점, 숏: 4/11점
2025-06-17 05:54:00,645 INFO:⚪ [XRP/USDT] 대기 (trending) | 롱: 9/11점, 숏: 4/11점
2025-06-17 05:54:00,932 INFO:⚪ [SOL/USDT] 대기 (trending) | 롱: 6/11점, 숏: 1/11점
2025-06-17 05:54:01,284 INFO:⚪ [ETH/USDT] 대기 (trending) | 롱: 5/11점, 숏: 3/11점
2025-06-17 05:55:00,518 INFO:⚪ [XRP/USDT] 대기 (trending) | 롱: 2/11점, 숏: 9/11점
2025-06-17 05:55:00,802 INFO:⚪ [SOL/USDT] 대기 (trending) | 롱: 0/11점, 숏: 5/11점
2025-06-17 05:55:01,098 INFO:⚪ [ETH/USDT] 대기 (trending) | 롱: 5/11점, 숏: 3/11점
2025-06-17 05:56:00,338 INFO:⚪ [XRP/USDT] 대기 (trending) | 롱: 9/11점, 숏: 4/11점
2025-06-17 05:56:00,610 INFO:⚪ [SOL/USDT] 대기 (trending) | 롱: 1/11점, 숏: 6/11점
2025-06-17 05:56:00,898 INFO:⚪ [ETH/USDT] 대기 (trending) | 롱: 8/11점, 숏: 0/11점
2025-06-17 05:57:01,115 INFO:⚪ [XRP/USDT] 대기 (trending) | 롱: 5/11점, 숏: 3/11점
2025-06-17 05:57:01,394 INFO:⚪ [SOL/USDT] 대기 (trending) | 롱: 3/11점, 숏: 5/11점
2025-06-17 05:57:01,659 INFO:⚪ [ETH/USDT] 대기 (trending) | 롱: 6/11점, 숏: 4/11점
2025-06-17 05:58:00,889 INFO:⚪ [XRP/USDT] 대기 (trending) | 롱: 6/11점, 숏: 1/11점
2025-06-17 05:58:01,177 INFO:⚪ [SOL/USDT] 대기 (trending) | 롱: 3/11점, 숏: 5/11점
2025-06-17 05:58:01,448 INFO:⚪ [ETH/USDT] 대기 (trending) | 롱: 8/11점, 숏: 0/11점
2025-06-17 05:59:00,678 INFO:⚪ [XRP/USDT] 대기 (trending) | 롱: 2/11점, 숏: 3/11점
2025-06-17 05:59:00,960 INFO:⚪ [SOL/USDT] 대기 (trending) | 롱: 1/11점, 숏: 9/11점
2025-06-17 05:59:01,255 INFO:⚪ [ETH/USDT] 대기 (trending) | 롱: 6/11점, 숏: 7/11점
2025-06-17 06:00:00,540 INFO:⚪ [XRP/USDT] 대기 (trending) | 롱: 8/11점, 숏: 3/11점
2025-06-17 06:00:00,811 INFO:⚪ [SOL/USDT] 대기 (trending) | 롱: 3/11점, 숏: 5/11점
2025-06-17 06:00:01,093 INFO:⚪ [ETH/USDT] 대기 (trending) | 롱: 8/11점, 숏: 0/11점
2025-06-17 06:01:00,366 WARNING:⚠️ [XRP/USDT] 계산된 증거금($337.96) > 할당 자본($221.55)
2025-06-17 06:01:00,381 INFO:💡 [XRP/USDT] 주문량을 할당 자본 최대치로 재조정 -> 954.6379
2025-06-17 06:01:00,447 INFO:✅ [XRP/USDT] 진입 전, 기존 조건부 주문 취소 완료.
2025-06-17 06:01:00,656 INFO:🚀 [XRP/USDT] 진입 성공! LONG | 수량: 954.6 | 진입가: 2.3203
2025-06-17 06:01:00,849 INFO:✅ [XRP/USDT] TP 주문 설정 완료. 발동가: 2.330942857142857
2025-06-17 06:01:01,052 INFO:✅ [XRP/USDT] SL 주문 설정 완료. 발동가: 2.3169964285714286
2025-06-17 06:01:01,606 INFO:✍️ [거래 기록] XRP/USDT | LONG | 진입: 2.3208
2025-06-17 06:01:01,829 INFO:⚪ [SOL/USDT] 대기 (trending) | 롱: 1/11점, 숏: 9/11점
2025-06-17 06:01:02,118 INFO:⚪ [ETH/USDT] 대기 (trending) | 롱: 5/11점, 숏: 3/11점
2025-06-17 06:02:00,631 INFO:⚪ [SOL/USDT] 대기 (trending) | 롱: 7/11점, 숏: 6/11점
2025-06-17 06:02:00,917 INFO:⚪ [ETH/USDT] 대기 (trending) | 롱: 3/11점, 숏: 4/11점
2025-06-17 06:03:01,437 INFO:⚪ [SOL/USDT] 대기 (trending) | 롱: 5/11점, 숏: 3/11점
2025-06-17 06:03:01,719 INFO:⚪ [ETH/USDT] 대기 (trending) | 롱: 2/11점, 숏: 6/11점
2025-06-17 06:04:01,240 INFO:⚪ [SOL/USDT] 대기 (trending) | 롱: 3/11점, 숏: 10/11점
2025-06-17 06:04:01,529 INFO:⚪ [ETH/USDT] 대기 (trending) | 롱: 5/11점, 숏: 3/11점
2025-06-17 06:05:01,032 INFO:⚪ [SOL/USDT] 대기 (trending) | 롱: 0/11점, 숏: 8/11점
2025-06-17 06:05:01,314 INFO:⚪ [ETH/USDT] 대기 (trending) | 롱: 3/11점, 숏: 4/11점
2025-06-17 06:06:00,833 INFO:⚪ [SOL/USDT] 대기 (trending) | 롱: 1/11점, 숏: 9/11점
2025-06-17 06:06:01,131 INFO:⚪ [ETH/USDT] 대기 (trending) | 롱: 5/11점, 숏: 0/11점
2025-06-17 06:07:00,657 INFO:⚪ [SOL/USDT] 대기 (trending) | 롱: 0/11점, 숏: 8/11점
2025-06-17 06:07:00,952 INFO:⚪ [ETH/USDT] 대기 (trending) | 롱: 3/11점, 숏: 7/11점
2025-06-17 06:08:01,473 INFO:⚪ [SOL/USDT] 대기 (trending) | 롱: 1/11점, 숏: 8/11점
2025-06-17 06:08:01,766 INFO:⚪ [ETH/USDT] 대기 (trending) | 롱: 5/11점, 숏: 3/11점
2025-06-17 06:09:01,275 INFO:⚪ [SOL/USDT] 대기 (trending) | 롱: 0/11점, 숏: 8/11점
2025-06-17 06:09:01,578 INFO:⚪ [ETH/USDT] 대기 (trending) | 롱: 5/11점, 숏: 3/11점
2025-06-17 06:10:01,089 INFO:⚪ [SOL/USDT] 대기 (trending) | 롱: 3/11점, 숏: 5/11점
2025-06-17 06:10:01,387 INFO:⚪ [ETH/USDT] 대기 (trending) | 롱: 2/11점, 숏: 6/11점
2025-06-17 06:11:00,892 INFO:⚪ [SOL/USDT] 대기 (trending) | 롱: 0/11점, 숏: 8/11점
2025-06-17 06:11:01,167 INFO:⚪ [ETH/USDT] 대기 (trending) | 롱: 2/11점, 숏: 5/11점
2025-06-17 06:12:00,688 INFO:⚪ [SOL/USDT] 대기 (trending) | 롱: 3/11점, 숏: 6/11점
2025-06-17 06:12:00,976 INFO:⚪ [ETH/USDT] 대기 (trending) | 롱: 2/11점, 숏: 6/11점
2025-06-17 06:13:01,496 INFO:⚪ [SOL/USDT] 대기 (trending) | 롱: 4/11점, 숏: 6/11점
2025-06-17 06:13:01,783 INFO:⚪ [ETH/USDT] 대기 (trending) | 롱: 5/11점, 숏: 3/11점
2025-06-17 06:14:01,024 INFO:🔓 [XRP/USDT] 포지션 종료 확인 -> Lock 해제.
2025-06-17 06:14:01,024 INFO:⚪ [XRP/USDT] 대기 (trending) | 롱: 2/11점, 숏: 3/11점
2025-06-17 06:14:01,313 INFO:⚪ [SOL/USDT] 대기 (trending) | 롱: 0/11점, 숏: 8/11점
2025-06-17 06:14:01,576 INFO:⚪ [ETH/USDT] 대기 (trending) | 롱: 2/11점, 숏: 6/11점
2025-06-17 06:15:00,841 INFO:⚪ [XRP/USDT] 대기 (trending) | 롱: 2/11점, 숏: 3/11점
2025-06-17 06:15:01,669 INFO:⚪ [SOL/USDT] 대기 (trending) | 롱: 1/11점, 숏: 7/11점
2025-06-17 06:15:01,965 INFO:⚪ [ETH/USDT] 대기 (trending) | 롱: 2/11점, 숏: 5/11점
2025-06-17 06:16:01,213 INFO:⚪ [XRP/USDT] 대기 (trending) | 롱: 3/11점, 숏: 7/11점
2025-06-17 06:16:01,498 INFO:⚪ [SOL/USDT] 대기 (trending) | 롱: 1/11점, 숏: 9/11점
2025-06-17 06:16:01,786 INFO:⚪ [ETH/USDT] 대기 (trending) | 롱: 3/11점, 숏: 7/11점
2025-06-17 06:17:01,010 INFO:⚪ [XRP/USDT] 대기 (trending) | 롱: 5/11점, 숏: 3/11점
2025-06-17 06:17:01,289 INFO:⚪ [SOL/USDT] 대기 (trending) | 롱: 0/11점, 숏: 8/11점
2025-06-17 06:17:01,587 INFO:⚪ [ETH/USDT] 대기 (trending) | 롱: 5/11점, 숏: 3/11점
2025-06-17 06:18:00,815 INFO:⚪ [XRP/USDT] 대기 (trending) | 롱: 6/11점, 숏: 4/11점
2025-06-17 06:18:01,100 INFO:⚪ [SOL/USDT] 대기 (trending) | 롱: 3/11점, 숏: 5/11점
2025-06-17 06:18:01,388 INFO:⚪ [ETH/USDT] 대기 (trending) | 롱: 2/11점, 숏: 6/11점
2025-06-17 06:19:00,617 INFO:⚪ [XRP/USDT] 대기 (trending) | 롱: 3/11점, 숏: 7/11점
2025-06-17 06:19:00,885 INFO:⚪ [SOL/USDT] 대기 (trending) | 롱: 4/11점, 숏: 6/11점
2025-06-17 06:19:01,192 INFO:⚪ [ETH/USDT] 대기 (trending) | 롱: 5/11점, 숏: 3/11점
2025-06-17 06:20:00,410 INFO:⚪ [XRP/USDT] 대기 (trending) | 롱: 2/11점, 숏: 6/11점
2025-06-17 06:20:00,699 INFO:⚪ [SOL/USDT] 대기 (trending) | 롱: 0/11점, 숏: 8/11점
2025-06-17 06:20:01,010 INFO:⚪ [ETH/USDT] 대기 (trending) | 롱: 2/11점, 숏: 5/11점
2025-06-17 06:21:00,247 INFO:⚪ [XRP/USDT] 대기 (trending) | 롱: 3/11점, 숏: 7/11점
2025-06-17 06:21:00,518 INFO:⚪ [SOL/USDT] 대기 (trending) | 롱: 0/11점, 숏: 8/11점
2025-06-17 06:21:00,815 INFO:⚪ [ETH/USDT] 대기 (trending) | 롱: 2/11점, 숏: 6/11점
2025-06-17 06:22:01,038 INFO:⚪ [XRP/USDT] 대기 (trending) | 롱: 2/11점, 숏: 5/11점
2025-06-17 06:22:01,325 INFO:⚪ [SOL/USDT] 대기 (trending) | 롱: 4/11점, 숏: 6/11점
2025-06-17 06:22:01,618 INFO:⚪ [ETH/USDT] 대기 (trending) | 롱: 6/11점, 숏: 4/11점
2025-06-17 06:23:00,846 INFO:⚪ [XRP/USDT] 대기 (trending) | 롱: 3/11점, 숏: 7/11점
2025-06-17 06:23:01,133 INFO:⚪ [SOL/USDT] 대기 (trending) | 롱: 6/11점, 숏: 5/11점
2025-06-17 06:23:01,417 INFO:⚪ [ETH/USDT] 대기 (trending) | 롱: 2/11점, 숏: 6/11점
2025-06-17 06:24:00,630 INFO:⚪ [XRP/USDT] 대기 (trending) | 롱: 3/11점, 숏: 7/11점
2025-06-17 06:24:00,940 INFO:⚪ [SOL/USDT] 대기 (trending) | 롱: 0/11점, 숏: 8/11점
2025-06-17 06:24:01,237 INFO:⚪ [ETH/USDT] 대기 (trending) | 롱: 6/11점, 숏: 4/11점
2025-06-17 06:25:00,462 INFO:⚪ [XRP/USDT] 대기 (trending) | 롱: 3/11점, 숏: 5/11점
2025-06-17 06:25:00,787 WARNING:⚠️ [SOL/USDT] 계산된 증거금($515.52) > 할당 자본($219.57)
2025-06-17 06:25:00,797 INFO:💡 [SOL/USDT] 주문량을 할당 자본 최대치로 재조정 -> 13.9883
2025-06-17 06:25:00,833 INFO:✅ [SOL/USDT] 진입 전, 기존 조건부 주문 취소 완료.
2025-06-17 06:25:01,044 INFO:🚀 [SOL/USDT] 진입 성공! SHORT | 수량: 13.98 | 진입가: 157.0
2025-06-17 06:25:01,258 INFO:✅ [SOL/USDT] TP 주문 설정 완료. 발동가: 156.52428571428572
2025-06-17 06:25:01,464 INFO:✅ [SOL/USDT] SL 주문 설정 완료. 발동가: 157.13714285714286
2025-06-17 06:25:01,951 INFO:✍️ [거래 기록] SOL/USDT | SHORT | 진입: 156.97
2025-06-17 06:25:02,165 INFO:⚪ [ETH/USDT] 대기 (trending) | 롱: 2/11점, 숏: 6/11점
2025-06-17 06:26:00,387 INFO:⚪ [XRP/USDT] 대기 (trending) | 롱: 3/11점, 숏: 5/11점
2025-06-17 06:26:00,954 INFO:⚪ [ETH/USDT] 대기 (trending) | 롱: 5/11점, 숏: 3/11점
2025-06-17 06:27:01,210 INFO:⚪ [XRP/USDT] 대기 (trending) | 롱: 5/11점, 숏: 3/11점
2025-06-17 06:27:01,780 INFO:⚪ [ETH/USDT] 대기 (trending) | 롱: 2/11점, 숏: 6/11점
2025-06-17 06:28:01,019 INFO:⚪ [XRP/USDT] 대기 (trending) | 롱: 2/11점, 숏: 6/11점
2025-06-17 06:28:01,294 INFO:🔓 [SOL/USDT] 포지션 종료 확인 -> Lock 해제.
2025-06-17 06:28:01,294 INFO:⚪ [SOL/USDT] 대기 (trending) | 롱: 7/11점, 숏: 3/11점
2025-06-17 06:28:01,578 INFO:⚪ [ETH/USDT] 대기 (trending) | 롱: 5/11점, 숏: 6/11점
2025-06-17 06:29:00,796 INFO:⚪ [XRP/USDT] 대기 (trending) | 롱: 1/11점, 숏: 9/11점
2025-06-17 06:29:01,097 INFO:⚪ [SOL/USDT] 대기 (trending) | 롱: 3/11점, 숏: 2/11점
2025-06-17 06:29:01,388 INFO:⚪ [ETH/USDT] 대기 (trending) | 롱: 9/11점, 숏: 4/11점
2025-06-17 06:30:00,628 INFO:⚪ [XRP/USDT] 대기 (trending) | 롱: 0/11점, 숏: 8/11점
2025-06-17 06:30:00,900 INFO:⚪ [SOL/USDT] 대기 (trending) | 롱: 3/11점, 숏: 4/11점
2025-06-17 06:30:01,196 INFO:⚪ [ETH/USDT] 대기 (trending) | 롱: 2/11점, 숏: 6/11점
2025-06-17 06:31:00,437 INFO:⚪ [XRP/USDT] 대기 (trending) | 롱: 0/11점, 숏: 8/11점
2025-06-17 06:31:00,728 INFO:⚪ [SOL/USDT] 대기 (trending) | 롱: 0/11점, 숏: 5/11점
2025-06-17 06:31:01,004 INFO:⚪ [ETH/USDT] 대기 (trending) | 롱: 3/11점, 숏: 7/11점
2025-06-17 06:32:00,248 INFO:⚪ [XRP/USDT] 대기 (trending) | 롱: 1/11점, 숏: 9/11점
2025-06-17 06:32:00,577 WARNING:⚠️ [SOL/USDT] 계산된 증거금($511.61) > 할당 자본($218.14)
2025-06-17 06:32:00,577 INFO:💡 [SOL/USDT] 주문량을 할당 자본 최대치로 재조정 -> 13.9122
2025-06-17 06:32:00,654 INFO:✅ [SOL/USDT] 진입 전, 기존 조건부 주문 취소 완료.
2025-06-17 06:32:00,852 INFO:🚀 [SOL/USDT] 진입 성공! SHORT | 수량: 13.91 | 진입가: 156.8
2025-06-17 06:32:01,058 INFO:✅ [SOL/USDT] TP 주문 설정 완료. 발동가: 156.35428571428574
2025-06-17 06:32:01,271 INFO:✅ [SOL/USDT] SL 주문 설정 완료. 발동가: 156.96714285714287
2025-06-17 06:32:01,759 INFO:✍️ [거래 기록] SOL/USDT | SHORT | 진입: 156.8
2025-06-17 06:32:01,991 INFO:⚪ [ETH/USDT] 대기 (trending) | 롱: 3/11점, 숏: 10/11점
2025-06-17 06:33:01,222 INFO:⚪ [XRP/USDT] 대기 (trending) | 롱: 3/11점, 숏: 5/11점
2025-06-17 06:33:01,781 INFO:⚪ [ETH/USDT] 대기 (trending) | 롱: 2/11점, 숏: 6/11점
2025-06-17 06:34:01,010 INFO:⚪ [XRP/USDT] 대기 (trending) | 롱: 0/11점, 숏: 8/11점
2025-06-17 06:34:01,646 INFO:⚪ [ETH/USDT] 대기 (trending) | 롱: 2/11점, 숏: 6/11점
2025-06-17 06:35:00,885 INFO:⚪ [XRP/USDT] 대기 (trending) | 롱: 3/11점, 숏: 5/11점
2025-06-17 06:35:01,441 INFO:⚪ [ETH/USDT] 대기 (trending) | 롱: 4/11점, 숏: 3/11점
2025-06-17 06:36:00,663 INFO:⚪ [XRP/USDT] 대기 (trending) | 롱: 1/11점, 숏: 9/11점
2025-06-17 06:36:01,289 INFO:⚪ [ETH/USDT] 대기 (trending) | 롱: 0/11점, 숏: 8/11점
2025-06-17 06:37:00,513 INFO:⚪ [XRP/USDT] 대기 (trending) | 롱: 1/11점, 숏: 9/11점
2025-06-17 06:37:00,805 INFO:🔓 [SOL/USDT] 포지션 종료 확인 -> Lock 해제.
2025-06-17 06:37:00,807 INFO:⚪ [SOL/USDT] 대기 (trending) | 롱: 0/11점, 숏: 8/11점
2025-06-17 06:37:01,105 INFO:⚪ [ETH/USDT] 대기 (trending) | 롱: 1/11점, 숏: 9/11점
2025-06-17 06:38:00,326 INFO:⚪ [XRP/USDT] 대기 (trending) | 롱: 0/11점, 숏: 8/11점
2025-06-17 06:38:00,619 INFO:⚪ [SOL/USDT] 대기 (trending) | 롱: 0/11점, 숏: 8/11점
2025-06-17 06:38:00,880 INFO:⚪ [ETH/USDT] 대기 (trending) | 롱: 0/11점, 숏: 8/11점
2025-06-17 06:39:01,108 INFO:⚪ [XRP/USDT] 대기 (trending) | 롱: 3/11점, 숏: 5/11점
2025-06-17 06:39:01,399 INFO:⚪ [SOL/USDT] 대기 (trending) | 롱: 3/11점, 숏: 5/11점
2025-06-17 06:39:01,696 INFO:⚪ [ETH/USDT] 대기 (trending) | 롱: 3/11점, 숏: 5/11점
2025-06-17 06:40:00,922 INFO:⚪ [XRP/USDT] 대기 (trending) | 롱: 1/11점, 숏: 9/11점
2025-06-17 06:40:01,209 INFO:⚪ [SOL/USDT] 대기 (trending) | 롱: 3/11점, 숏: 5/11점
2025-06-17 06:40:01,500 INFO:⚪ [ETH/USDT] 대기 (trending) | 롱: 0/11점, 숏: 8/11점
2025-06-17 06:41:00,738 INFO:⚪ [XRP/USDT] 대기 (trending) | 롱: 3/11점, 숏: 5/11점
2025-06-17 06:41:01,017 INFO:⚪ [SOL/USDT] 대기 (trending) | 롱: 1/11점, 숏: 9/11점
2025-06-17 06:41:01,289 INFO:⚪ [ETH/USDT] 대기 (trending) | 롱: 0/11점, 숏: 8/11점
2025-06-17 06:42:00,515 INFO:⚪ [XRP/USDT] 대기 (trending) | 롱: 1/11점, 숏: 7/11점
2025-06-17 06:42:00,797 INFO:⚪ [SOL/USDT] 대기 (trending) | 롱: 0/11점, 숏: 8/11점
2025-06-17 06:42:01,083 INFO:⚪ [ETH/USDT] 대기 (trending) | 롱: 4/11점, 숏: 6/11점
2025-06-17 06:43:00,336 INFO:⚪ [XRP/USDT] 대기 (trending) | 롱: 0/11점, 숏: 8/11점
2025-06-17 06:43:00,628 INFO:⚪ [SOL/USDT] 대기 (trending) | 롱: 0/11점, 숏: 7/11점
2025-06-17 06:43:00,913 INFO:⚪ [ETH/USDT] 대기 (trending) | 롱: 0/11점, 숏: 8/11점
2025-06-17 06:44:01,159 INFO:⚪ [XRP/USDT] 대기 (trending) | 롱: 4/11점, 숏: 6/11점
2025-06-17 06:44:01,437 INFO:⚪ [SOL/USDT] 대기 (trending) | 롱: 3/11점, 숏: 5/11점
2025-06-17 06:44:01,723 INFO:⚪ [ETH/USDT] 대기 (trending) | 롱: 3/11점, 숏: 5/11점
2025-06-17 06:45:00,964 INFO:⚪ [XRP/USDT] 대기 (trending) | 롱: 3/11점, 숏: 5/11점
2025-06-17 06:45:01,254 INFO:⚪ [SOL/USDT] 대기 (trending) | 롱: 4/11점, 숏: 6/11점
2025-06-17 06:45:01,548 INFO:⚪ [ETH/USDT] 대기 (trending) | 롱: 4/11점, 숏: 6/11점
2025-06-17 06:46:00,809 INFO:⚪ [XRP/USDT] 대기 (trending) | 롱: 4/11점, 숏: 6/11점
2025-06-17 06:46:01,124 INFO:⚪ [SOL/USDT] 대기 (trending) | 롱: 1/11점, 숏: 4/11점
2025-06-17 06:46:01,415 INFO:⚪ [ETH/USDT] 대기 (trending) | 롱: 5/11점, 숏: 3/11점
2025-06-17 06:47:00,646 INFO:⚪ [XRP/USDT] 대기 (trending) | 롱: 0/11점, 숏: 8/11점
2025-06-17 06:47:01,001 INFO:⚪ [SOL/USDT] 대기 (trending) | 롱: 3/11점, 숏: 2/11점
2025-06-17 06:47:01,285 INFO:⚪ [ETH/USDT] 대기 (trending) | 롱: 8/11점, 숏: 3/11점
2025-06-17 06:48:00,524 INFO:⚪ [XRP/USDT] 대기 (trending) | 롱: 0/11점, 숏: 8/11점
2025-06-17 06:48:00,798 INFO:⚪ [SOL/USDT] 대기 (trending) | 롱: 6/11점, 숏: 2/11점
2025-06-17 06:48:01,084 INFO:⚪ [ETH/USDT] 대기 (trending) | 롱: 5/11점, 숏: 3/11점
2025-06-17 06:49:00,326 INFO:⚪ [XRP/USDT] 대기 (trending) | 롱: 0/11점, 숏: 8/11점
2025-06-17 06:49:00,596 INFO:⚪ [SOL/USDT] 대기 (trending) | 롱: 7/11점, 숏: 3/11점
2025-06-17 06:49:00,888 INFO:⚪ [ETH/USDT] 대기 (trending) | 롱: 9/11점, 숏: 1/11점
2025-06-17 06:50:01,108 INFO:⚪ [XRP/USDT] 대기 (trending) | 롱: 0/11점, 숏: 8/11점
2025-06-17 06:50:01,383 INFO:⚪ [SOL/USDT] 대기 (trending) | 롱: 3/11점, 숏: 5/11점
2025-06-17 06:50:01,658 INFO:⚪ [ETH/USDT] 대기 (trending) | 롱: 5/11점, 숏: 0/11점
2025-06-17 06:51:00,883 INFO:⚪ [XRP/USDT] 대기 (trending) | 롱: 3/11점, 숏: 5/11점
2025-06-17 06:51:01,169 INFO:⚪ [SOL/USDT] 대기 (trending) | 롱: 3/11점, 숏: 5/11점
2025-06-17 06:51:01,436 INFO:⚪ [ETH/USDT] 대기 (trending) | 롱: 3/11점, 숏: 4/11점
2025-06-17 06:52:00,686 INFO:⚪ [XRP/USDT] 대기 (trending) | 롱: 7/11점, 숏: 6/11점
2025-06-17 06:52:00,972 INFO:⚪ [SOL/USDT] 대기 (trending) | 롱: 4/11점, 숏: 6/11점
2025-06-17 06:52:01,256 INFO:⚪ [ETH/USDT] 대기 (trending) | 롱: 0/11점, 숏: 5/11점
2025-06-17 06:53:00,484 INFO:⚪ [XRP/USDT] 대기 (trending) | 롱: 3/11점, 숏: 8/11점
2025-06-17 06:53:00,760 INFO:⚪ [SOL/USDT] 대기 (trending) | 롱: 4/11점, 숏: 4/11점
2025-06-17 06:53:01,047 INFO:⚪ [ETH/USDT] 대기 (trending) | 롱: 3/11점, 숏: 2/11점
2025-06-17 06:54:00,274 INFO:⚪ [XRP/USDT] 대기 (trending) | 롱: 3/11점, 숏: 8/11점
2025-06-17 06:54:00,568 INFO:⚪ [SOL/USDT] 대기 (trending) | 롱: 4/11점, 숏: 6/11점
2025-06-17 06:54:00,867 INFO:⚪ [ETH/USDT] 대기 (trending) | 롱: 0/11점, 숏: 5/11점
2025-06-17 06:55:01,093 INFO:⚪ [XRP/USDT] 대기 (trending) | 롱: 4/11점, 숏: 6/11점
2025-06-17 06:55:01,392 INFO:⚪ [SOL/USDT] 대기 (trending) | 롱: 0/11점, 숏: 5/11점
2025-06-17 06:55:01,687 INFO:⚪ [ETH/USDT] 대기 (trending) | 롱: 6/11점, 숏: 1/11점
2025-06-17 06:56:00,969 WARNING:⚠️ [XRP/USDT] 계산된 증거금($402.26) > 할당 자본($219.41)
2025-06-17 06:56:00,969 INFO:💡 [XRP/USDT] 주문량을 할당 자본 최대치로 재조정 -> 956.3286
2025-06-17 06:56:01,046 INFO:✅ [XRP/USDT] 진입 전, 기존 조건부 주문 취소 완료.
2025-06-17 06:56:01,245 INFO:🚀 [XRP/USDT] 진입 성공! SHORT | 수량: 956.3 | 진입가: 2.2943
2025-06-17 06:56:01,443 INFO:✅ [XRP/USDT] TP 주문 설정 완료. 발동가: 2.2859571428571424
2025-06-17 06:56:01,658 INFO:✅ [XRP/USDT] SL 주문 설정 완료. 발동가: 2.297428571428571
2025-06-17 06:56:02,173 INFO:✍️ [거래 기록] XRP/USDT | SHORT | 진입: 2.2943
2025-06-17 06:56:02,394 INFO:⚪ [SOL/USDT] 대기 (trending) | 롱: 0/11점, 숏: 5/11점
2025-06-17 06:56:02,682 INFO:⚪ [ETH/USDT] 대기 (trending) | 롱: 1/11점, 숏: 6/11점
2025-06-17 06:57:01,201 INFO:⚪ [SOL/USDT] 대기 (trending) | 롱: 3/11점, 숏: 5/11점
2025-06-17 06:57:01,493 INFO:⚪ [ETH/USDT] 대기 (trending) | 롱: 0/11점, 숏: 8/11점
2025-06-17 06:58:01,009 INFO:⚪ [SOL/USDT] 대기 (trending) | 롱: 0/11점, 숏: 8/11점
2025-06-17 06:58:01,329 INFO:⚪ [ETH/USDT] 대기 (trending) | 롱: 0/11점, 숏: 8/11점
2025-06-17 06:59:00,894 WARNING:⚠️ [SOL/USDT] 계산된 증거금($470.96) > 할당 자본($219.24)
2025-06-17 06:59:00,894 INFO:💡 [SOL/USDT] 주문량을 할당 자본 최대치로 재조정 -> 14.0078
2025-06-17 06:59:00,957 INFO:✅ [SOL/USDT] 진입 전, 기존 조건부 주문 취소 완료.
2025-06-17 06:59:01,170 INFO:🚀 [SOL/USDT] 진입 성공! SHORT | 수량: 14.0 | 진입가: 156.5
2025-06-17 06:59:01,383 INFO:✅ [SOL/USDT] TP 주문 설정 완료. 발동가: 156.02428571428572
2025-06-17 06:59:01,594 INFO:✅ [SOL/USDT] SL 주문 설정 완료. 발동가: 156.69214285714284
2025-06-17 06:59:02,153 INFO:✍️ [거래 기록] SOL/USDT | SHORT | 진입: 156.51
2025-06-17 06:59:02,373 INFO:⚪ [ETH/USDT] 대기 (trending) | 롱: 3/11점, 숏: 5/11점
2025-06-17 07:00:00,913 INFO:🔓 [XRP/USDT] 포지션 종료 확인 -> Lock 해제.
2025-06-17 07:00:00,913 INFO:⚪ [XRP/USDT] 대기 (trending) | 롱: 4/11점, 숏: 6/11점
2025-06-17 07:00:01,426 INFO:⚪ [ETH/USDT] 대기 (trending) | 롱: 3/11점, 숏: 5/11점
2025-06-17 07:01:00,662 INFO:⚪ [XRP/USDT] 대기 (trending) | 롱: 3/11점, 숏: 5/11점
2025-06-17 07:01:00,944 INFO:🔓 [SOL/USDT] 포지션 종료 확인 -> Lock 해제.
2025-06-17 07:01:00,944 INFO:⚪ [SOL/USDT] 대기 (trending) | 롱: 4/11점, 숏: 6/11점
2025-06-17 07:01:01,232 INFO:⚪ [ETH/USDT] 대기 (trending) | 롱: 5/11점, 숏: 0/11점
2025-06-17 07:02:00,460 INFO:⚪ [XRP/USDT] 대기 (trending) | 롱: 0/11점, 숏: 8/11점
2025-06-17 07:02:00,748 INFO:⚪ [SOL/USDT] 대기 (trending) | 롱: 0/11점, 숏: 8/11점
2025-06-17 07:02:01,037 INFO:⚪ [ETH/USDT] 대기 (trending) | 롱: 2/11점, 숏: 6/11점
2025-06-17 07:03:00,264 INFO:⚪ [XRP/USDT] 대기 (trending) | 롱: 4/11점, 숏: 6/11점
2025-06-17 07:03:00,566 INFO:⚪ [SOL/USDT] 대기 (trending) | 롱: 4/11점, 숏: 6/11점
2025-06-17 07:03:00,846 INFO:⚪ [ETH/USDT] 대기 (trending) | 롱: 6/11점, 숏: 1/11점
2025-06-17 07:04:01,077 INFO:⚪ [XRP/USDT] 대기 (trending) | 롱: 4/11점, 숏: 3/11점
2025-06-17 07:04:01,380 INFO:⚪ [SOL/USDT] 대기 (trending) | 롱: 3/11점, 숏: 5/11점
2025-06-17 07:04:01,660 INFO:⚪ [ETH/USDT] 대기 (trending) | 롱: 8/11점, 숏: 0/11점
2025-06-17 07:05:00,884 INFO:⚪ [XRP/USDT] 대기 (trending) | 롱: 3/11점, 숏: 2/11점
2025-06-17 07:05:01,165 INFO:⚪ [SOL/USDT] 대기 (trending) | 롱: 0/11점, 숏: 8/11점
2025-06-17 07:05:01,462 INFO:⚪ [ETH/USDT] 대기 (trending) | 롱: 5/11점, 숏: 3/11점
2025-06-17 07:06:00,696 INFO:⚪ [XRP/USDT] 대기 (trending) | 롱: 6/11점, 숏: 2/11점
2025-06-17 07:06:00,982 INFO:⚪ [SOL/USDT] 대기 (trending) | 롱: 0/11점, 숏: 7/11점
2025-06-17 07:06:01,279 INFO:⚪ [ETH/USDT] 대기 (trending) | 롱: 5/11점, 숏: 3/11점
2025-06-17 07:07:00,509 INFO:⚪ [XRP/USDT] 대기 (trending) | 롱: 6/11점, 숏: 2/11점
2025-06-17 07:07:00,791 INFO:⚪ [SOL/USDT] 대기 (trending) | 롱: 1/11점, 숏: 8/11점
2025-06-17 07:07:01,077 INFO:⚪ [ETH/USDT] 대기 (trending) | 롱: 6/11점, 숏: 4/11점
2025-06-17 07:08:00,313 INFO:⚪ [XRP/USDT] 대기 (trending) | 롱: 6/11점, 숏: 2/11점
2025-06-17 07:08:00,596 INFO:⚪ [SOL/USDT] 대기 (trending) | 롱: 3/11점, 숏: 5/11점
2025-06-17 07:08:00,880 INFO:⚪ [ETH/USDT] 대기 (trending) | 롱: 5/11점, 숏: 3/11점
2025-06-17 07:09:01,103 INFO:⚪ [XRP/USDT] 대기 (trending) | 롱: 7/11점, 숏: 3/11점
2025-06-17 07:09:01,408 INFO:⚪ [SOL/USDT] 대기 (trending) | 롱: 7/11점, 숏: 3/11점
2025-06-17 07:09:01,829 INFO:⚪ [ETH/USDT] 대기 (trending) | 롱: 9/11점, 숏: 1/11점
2025-06-17 07:10:01,070 INFO:⚪ [XRP/USDT] 대기 (trending) | 롱: 3/11점, 숏: 5/11점
2025-06-17 07:10:01,358 INFO:⚪ [SOL/USDT] 대기 (trending) | 롱: 3/11점, 숏: 4/11점
2025-06-17 07:10:01,632 INFO:⚪ [ETH/USDT] 대기 (trending) | 롱: 5/11점, 숏: 3/11점
2025-06-17 07:11:00,864 INFO:⚪ [XRP/USDT] 대기 (trending) | 롱: 3/11점, 숏: 5/11점
2025-06-17 07:11:01,157 INFO:⚪ [SOL/USDT] 대기 (trending) | 롱: 4/11점, 숏: 6/11점
2025-06-17 07:11:01,460 INFO:⚪ [ETH/USDT] 대기 (trending) | 롱: 5/11점, 숏: 3/11점
2025-06-17 07:12:00,680 INFO:⚪ [XRP/USDT] 대기 (trending) | 롱: 3/11점, 숏: 5/11점
2025-06-17 07:12:00,957 INFO:⚪ [SOL/USDT] 대기 (trending) | 롱: 3/11점, 숏: 5/11점
2025-06-17 07:12:01,256 INFO:⚪ [ETH/USDT] 대기 (trending) | 롱: 6/11점, 숏: 4/11점
2025-06-17 07:13:00,502 INFO:⚪ [XRP/USDT] 대기 (trending) | 롱: 3/11점, 숏: 5/11점
2025-06-17 07:13:00,772 INFO:⚪ [SOL/USDT] 대기 (trending) | 롱: 7/11점, 숏: 3/11점
2025-06-17 07:13:01,058 INFO:⚪ [ETH/USDT] 대기 (trending) | 롱: 5/11점, 숏: 3/11점
2025-06-17 07:14:00,302 INFO:⚪ [XRP/USDT] 대기 (trending) | 롱: 6/11점, 숏: 2/11점
2025-06-17 07:14:00,639 WARNING:⚠️ [SOL/USDT] 계산된 증거금($297.76) > 할당 자본($216.06)
2025-06-17 07:14:00,641 INFO:💡 [SOL/USDT] 주문량을 할당 자본 최대치로 재조정 -> 13.8039
2025-06-17 07:14:00,704 INFO:✅ [SOL/USDT] 진입 전, 기존 조건부 주문 취소 완료.
2025-06-17 07:14:00,932 INFO:🚀 [SOL/USDT] 진입 성공! SHORT | 수량: 13.8 | 진입가: 156.51
2025-06-17 07:14:01,141 INFO:✅ [SOL/USDT] TP 주문 설정 완료. 발동가: 155.76285714285717
2025-06-17 07:14:01,312 INFO:✅ [SOL/USDT] SL 주문 설정 완료. 발동가: 156.80392857142857
2025-06-17 07:14:01,748 INFO:✍️ [거래 기록] SOL/USDT | SHORT | 진입: 156.52
2025-06-17 07:14:01,969 INFO:⚪ [ETH/USDT] 대기 (trending) | 롱: 5/11점, 숏: 5/11점
2025-06-17 07:15:01,214 INFO:⚪ [XRP/USDT] 대기 (trending) | 롱: 3/11점, 숏: 5/11점
2025-06-17 07:15:01,760 INFO:⚪ [ETH/USDT] 대기 (trending) | 롱: 8/11점, 숏: 0/11점
2025-06-17 07:16:01,076 INFO:⚪ [XRP/USDT] 대기 (trending) | 롱: 3/11점, 숏: 5/11점
2025-06-17 07:16:01,670 INFO:⚪ [ETH/USDT] 대기 (trending) | 롱: 5/11점, 숏: 3/11점
2025-06-17 07:17:00,892 INFO:⚪ [XRP/USDT] 대기 (trending) | 롱: 3/11점, 숏: 5/11점
2025-06-17 07:17:01,469 INFO:⚪ [ETH/USDT] 대기 (trending) | 롱: 8/11점, 숏: 3/11점
2025-06-17 07:18:00,697 INFO:⚪ [XRP/USDT] 대기 (trending) | 롱: 4/11점, 숏: 6/11점
2025-06-17 07:18:01,285 INFO:⚪ [ETH/USDT] 대기 (trending) | 롱: 3/11점, 숏: 4/11점
2025-06-17 07:19:00,500 INFO:⚪ [XRP/USDT] 대기 (trending) | 롱: 6/11점, 숏: 2/11점
2025-06-17 07:19:01,117 WARNING:⚠️ [ETH/USDT] 계산된 증거금($324.39) > 할당 자본($214.68)
2025-06-17 07:19:01,117 INFO:💡 [ETH/USDT] 주문량을 할당 자본 최대치로 재조정 -> 0.8092
2025-06-17 07:19:01,191 INFO:✅ [ETH/USDT] 진입 전, 기존 조건부 주문 취소 완료.
2025-06-17 07:19:01,393 INFO:🚀 [ETH/USDT] 진입 성공! LONG | 수량: 0.809 | 진입가: 2653.13
2025-06-17 07:19:01,593 INFO:✅ [ETH/USDT] TP 주문 설정 완료. 발동가: 2664.8257142857137
2025-06-17 07:19:01,825 INFO:✅ [ETH/USDT] SL 주문 설정 완료. 발동가: 2648.7303571428574
2025-06-17 07:19:02,178 INFO:✍️ [거래 기록] ETH/USDT | LONG | 진입: 2653.12
2025-06-17 07:20:00,412 INFO:⚪ [XRP/USDT] 대기 (trending) | 롱: 3/11점, 숏: 4/11점
2025-06-17 07:21:01,229 INFO:⚪ [XRP/USDT] 대기 (trending) | 롱: 3/11점, 숏: 5/11점
2025-06-17 07:22:01,036 INFO:⚪ [XRP/USDT] 대기 (trending) | 롱: 0/11점, 숏: 8/11점
2025-06-17 07:23:00,822 INFO:⚪ [XRP/USDT] 대기 (trending) | 롱: 1/11점, 숏: 6/11점
2025-06-17 07:24:00,649 INFO:⚪ [XRP/USDT] 대기 (trending) | 롱: 3/11점, 숏: 2/11점
2025-06-17 07:25:00,454 INFO:⚪ [XRP/USDT] 대기 (trending) | 롱: 3/11점, 숏: 2/11점
2025-06-17 07:25:00,743 INFO:🔓 [SOL/USDT] 포지션 종료 확인 -> Lock 해제.
2025-06-17 07:25:00,745 INFO:⚪ [SOL/USDT] 대기 (range_bound) | 롱: 3/7점, 숏: 0/7점
2025-06-17 07:26:00,283 INFO:⚪ [XRP/USDT] 대기 (trending) | 롱: 0/11점, 숏: 5/11점
2025-06-17 07:26:00,572 INFO:⚪ [SOL/USDT] 대기 (range_bound) | 롱: 0/7점, 숏: 3/7점
2025-06-17 07:27:01,143 INFO:⚪ [XRP/USDT] 대기 (trending) | 롱: 0/11점, 숏: 5/11점
2025-06-17 07:27:01,449 INFO:⚪ [SOL/USDT] 대기 (range_bound) | 롱: 1/7점, 숏: 4/7점
2025-06-17 07:28:00,967 INFO:⚪ [XRP/USDT] 대기 (trending) | 롱: 0/11점, 숏: 5/11점
2025-06-17 07:28:01,253 INFO:⚪ [SOL/USDT] 대기 (range_bound) | 롱: 0/7점, 숏: 3/7점
2025-06-17 07:29:00,758 INFO:⚪ [XRP/USDT] 대기 (trending) | 롱: 1/11점, 숏: 9/11점
2025-06-17 07:29:01,046 INFO:⚪ [SOL/USDT] 대기 (trending) | 롱: 0/11점, 숏: 7/11점
2025-06-17 07:30:00,571 INFO:⚪ [XRP/USDT] 대기 (trending) | 롱: 3/11점, 숏: 5/11점
2025-06-17 07:30:00,860 INFO:⚪ [SOL/USDT] 대기 (trending) | 롱: 4/11점, 숏: 3/11점
2025-06-17 07:31:00,381 INFO:⚪ [XRP/USDT] 대기 (trending) | 롱: 1/11점, 숏: 9/11점
2025-06-17 07:31:00,738 WARNING:⚠️ [SOL/USDT] 계산된 증거금($376.42) > 할당 자본($213.22)
2025-06-17 07:31:00,738 INFO:💡 [SOL/USDT] 주문량을 할당 자본 최대치로 재조정 -> 13.6137
2025-06-17 07:31:00,811 INFO:✅ [SOL/USDT] 진입 전, 기존 조건부 주문 취소 완료.
2025-06-17 07:31:01,022 INFO:🚀 [SOL/USDT] 진입 성공! SHORT | 수량: 13.61 | 진입가: 156.51
2025-06-17 07:31:01,217 INFO:✅ [SOL/USDT] TP 주문 설정 완료. 발동가: 156.02857142857144
2025-06-17 07:31:01,425 INFO:✅ [SOL/USDT] SL 주문 설정 완료. 발동가: 156.84178571428572
2025-06-17 07:31:01,759 INFO:✍️ [거래 기록] SOL/USDT | SHORT | 진입: 156.62
2025-06-17 07:32:01,232 INFO:⚪ [XRP/USDT] 대기 (trending) | 롱: 1/11점, 숏: 9/11점
2025-06-17 07:32:01,867 INFO:🔓 [ETH/USDT] 포지션 종료 확인 -> Lock 해제.
2025-06-17 07:32:01,867 INFO:⚪ [ETH/USDT] 대기 (trending) | 롱: 0/11점, 숏: 7/11점
2025-06-17 07:33:01,127 INFO:⚪ [XRP/USDT] 대기 (trending) | 롱: 0/11점, 숏: 8/11점
2025-06-17 07:33:01,419 INFO:🔓 [SOL/USDT] 포지션 종료 확인 -> Lock 해제.
2025-06-17 07:33:01,434 INFO:⚪ [SOL/USDT] 대기 (trending) | 롱: 1/11점, 숏: 9/11점
2025-06-17 07:33:01,681 INFO:⚪ [ETH/USDT] 대기 (trending) | 롱: 1/11점, 숏: 9/11점
2025-06-17 07:34:00,909 INFO:⚪ [XRP/USDT] 대기 (trending) | 롱: 0/11점, 숏: 7/11점
2025-06-17 07:34:01,200 INFO:⚪ [SOL/USDT] 대기 (trending) | 롱: 0/11점, 숏: 8/11점
2025-06-17 07:34:01,492 INFO:⚪ [ETH/USDT] 대기 (trending) | 롱: 3/11점, 숏: 5/11점
2025-06-17 07:35:00,727 INFO:⚪ [XRP/USDT] 대기 (trending) | 롱: 0/11점, 숏: 7/11점
2025-06-17 07:35:01,015 INFO:⚪ [SOL/USDT] 대기 (trending) | 롱: 4/11점, 숏: 6/11점
2025-06-17 07:35:01,297 INFO:⚪ [ETH/USDT] 대기 (trending) | 롱: 0/11점, 숏: 8/11점
2025-06-17 07:36:00,533 INFO:⚪ [XRP/USDT] 대기 (trending) | 롱: 0/11점, 숏: 8/11점
2025-06-17 07:36:00,823 INFO:⚪ [SOL/USDT] 대기 (trending) | 롱: 0/11점, 숏: 8/11점
2025-06-17 07:36:01,117 INFO:⚪ [ETH/USDT] 대기 (trending) | 롱: 0/11점, 숏: 8/11점
